
> optio-quests-frontend@1.0.0 test:run
> vitest run DiplomaPage.test.jsx


[1m[46m RUN [49m[22m [36mv4.0.16 [39m[90mC:/Users/tanne/Desktop/pw_v2/frontend[39m

Error: useAuth must be used within an AuthProvider
    at useAuth (C:/Users/tanne/Desktop/pw_v2/frontend/src/contexts/AuthContext.jsx:17:11)
    at DiplomaPage (C:/Users/tanne/Desktop/pw_v2/frontend/src/pages/DiplomaPage.jsx:27:36)
    at renderWithHooks (C:\Users\tanne\Desktop\pw_v2\frontend\node_modules\react-dom\cjs\react-dom.development.js:15486:18)
    at updateFunctionComponent (C:\Users\tanne\Desktop\pw_v2\frontend\node_modules\react-dom\cjs\react-dom.development.js:19617:20)
    at updateSimpleMemoComponent (C:\Users\tanne\Desktop\pw_v2\frontend\node_modules\react-dom\cjs\react-dom.development.js:19454:10)
    at updateMemoComponent (C:\Users\tanne\Desktop\pw_v2\frontend\node_modules\react-dom\cjs\react-dom.development.js:19303:14)
    at beginWork (C:\Users\tanne\Desktop\pw_v2\frontend\node_modules\react-dom\cjs\react-dom.development.js:21712:16)
    at HTMLUnknownElement.callCallback (C:\Users\tanne\Desktop\pw_v2\frontend\node_modules\react-dom\cjs\react-dom.development.js:4164:14)
    at HTMLUnknownElement.callTheUserObjectsOperation (C:\Users\tanne\Desktop\pw_v2\frontend\node_modules\jsdom\lib\jsdom\living\generated\EventListener.js:26:30)
    at innerInvokeEventListeners (C:\Users\tanne\Desktop\pw_v2\frontend\node_modules\jsdom\lib\jsdom\living\events\EventTarget-impl.js:360:16)
Error: useAuth must be used within an AuthProvider
    at useAuth (C:/Users/tanne/Desktop/pw_v2/frontend/src/contexts/AuthContext.jsx:17:11)
    at DiplomaPage (C:/Users/tanne/Desktop/pw_v2/frontend/src/pages/DiplomaPage.jsx:27:36)
    at renderWithHooks (C:\Users\tanne\Desktop\pw_v2\frontend\node_modules\react-dom\cjs\react-dom.development.js:15486:18)
    at updateFunctionComponent (C:\Users\tanne\Desktop\pw_v2\frontend\node_modules\react-dom\cjs\react-dom.development.js:19617:20)
    at updateSimpleMemoComponent (C:\Users\tanne\Desktop\pw_v2\frontend\node_modules\react-dom\cjs\react-dom.development.js:19454:10)
    at updateMemoComponent (C:\Users\tanne\Desktop\pw_v2\frontend\node_modules\react-dom\cjs\react-dom.development.js:19303:14)
    at beginWork (C:\Users\tanne\Desktop\pw_v2\frontend\node_modules\react-dom\cjs\react-dom.development.js:21712:16)
    at HTMLUnknownElement.callCallback (C:\Users\tanne\Desktop\pw_v2\frontend\node_modules\react-dom\cjs\react-dom.development.js:4164:14)
    at HTMLUnknownElement.callTheUserObjectsOperation (C:\Users\tanne\Desktop\pw_v2\frontend\node_modules\jsdom\lib\jsdom\living\generated\EventListener.js:26:30)
    at innerInvokeEventListeners (C:\Users\tanne\Desktop\pw_v2\frontend\node_modules\jsdom\lib\jsdom\living\events\EventTarget-impl.js:360:16)
[90mstderr[2m | src/pages/DiplomaPage.test.jsx[2m > [22m[2mDiplomaPage[2m > [22m[2mPage Rendering[2m > [22m[2mdisplays loading skeleton when data is being fetched
[22m[39mThe above error occurred in the <DiplomaPage> component:

    at DiplomaPage (C:/Users/tanne/Desktop/pw_v2/frontend/src/pages/DiplomaPage.jsx:43:69)
    at OrganizationProvider (C:/Users/tanne/Desktop/pw_v2/frontend/src/contexts/OrganizationContext.jsx:17:33)
    at MockAuthProvider (C:/Users/tanne/Desktop/pw_v2/frontend/src/tests/test-utils.jsx:22:29)
    at Router (C:\Users\tanne\Desktop\pw_v2\frontend\node_modules\react-router\dist\umd\react-router.development.js:1207:17)
    at BrowserRouter (C:\Users\tanne\Desktop\pw_v2\frontend\node_modules\react-router-dom\dist\umd\react-router-dom.development.js:695:7)
    at QueryClientProvider (file:///C:/Users/tanne/Desktop/pw_v2/frontend/node_modules/@tanstack/react-query/build/modern/QueryClientProvider.js:20:3)
    at Wrapper (C:/Users/tanne/Desktop/pw_v2/frontend/src/tests/test-utils.jsx:60:22)

Consider adding an error boundary to your tree to customize error handling behavior.
Visit https://reactjs.org/link/error-boundaries to learn more about error boundaries.

Error: useAuth must be used within an AuthProvider
    at useAuth (C:/Users/tanne/Desktop/pw_v2/frontend/src/contexts/AuthContext.jsx:17:11)
    at DiplomaPage (C:/Users/tanne/Desktop/pw_v2/frontend/src/pages/DiplomaPage.jsx:27:36)
    at renderWithHooks (C:\Users\tanne\Desktop\pw_v2\frontend\node_modules\react-dom\cjs\react-dom.development.js:15486:18)
    at updateFunctionComponent (C:\Users\tanne\Desktop\pw_v2\frontend\node_modules\react-dom\cjs\react-dom.development.js:19617:20)
    at updateSimpleMemoComponent (C:\Users\tanne\Desktop\pw_v2\frontend\node_modules\react-dom\cjs\react-dom.development.js:19454:10)
    at updateMemoComponent (C:\Users\tanne\Desktop\pw_v2\frontend\node_modules\react-dom\cjs\react-dom.development.js:19303:14)
    at beginWork (C:\Users\tanne\Desktop\pw_v2\frontend\node_modules\react-dom\cjs\react-dom.development.js:21712:16)
    at HTMLUnknownElement.callCallback (C:\Users\tanne\Desktop\pw_v2\frontend\node_modules\react-dom\cjs\react-dom.development.js:4164:14)
    at HTMLUnknownElement.callTheUserObjectsOperation (C:\Users\tanne\Desktop\pw_v2\frontend\node_modules\jsdom\lib\jsdom\living\generated\EventListener.js:26:30)
    at innerInvokeEventListeners (C:\Users\tanne\Desktop\pw_v2\frontend\node_modules\jsdom\lib\jsdom\living\events\EventTarget-impl.js:360:16)
Error: useAuth must be used within an AuthProvider
    at useAuth (C:/Users/tanne/Desktop/pw_v2/frontend/src/contexts/AuthContext.jsx:17:11)
    at DiplomaPage (C:/Users/tanne/Desktop/pw_v2/frontend/src/pages/DiplomaPage.jsx:27:36)
    at renderWithHooks (C:\Users\tanne\Desktop\pw_v2\frontend\node_modules\react-dom\cjs\react-dom.development.js:15486:18)
    at updateFunctionComponent (C:\Users\tanne\Desktop\pw_v2\frontend\node_modules\react-dom\cjs\react-dom.development.js:19617:20)
    at updateSimpleMemoComponent (C:\Users\tanne\Desktop\pw_v2\frontend\node_modules\react-dom\cjs\react-dom.development.js:19454:10)
    at updateMemoComponent (C:\Users\tanne\Desktop\pw_v2\frontend\node_modules\react-dom\cjs\react-dom.development.js:19303:14)
    at beginWork (C:\Users\tanne\Desktop\pw_v2\frontend\node_modules\react-dom\cjs\react-dom.development.js:21712:16)
    at HTMLUnknownElement.callCallback (C:\Users\tanne\Desktop\pw_v2\frontend\node_modules\react-dom\cjs\react-dom.development.js:4164:14)
    at HTMLUnknownElement.callTheUserObjectsOperation (C:\Users\tanne\Desktop\pw_v2\frontend\node_modules\jsdom\lib\jsdom\living\generated\EventListener.js:26:30)
    at innerInvokeEventListeners (C:\Users\tanne\Desktop\pw_v2\frontend\node_modules\jsdom\lib\jsdom\living\events\EventTarget-impl.js:360:16)
[90mstderr[2m | src/pages/DiplomaPage.test.jsx[2m > [22m[2mDiplomaPage[2m > [22m[2mPage Rendering[2m > [22m[2mdisplays error state when diploma is not found (404)
[22m[39mThe above error occurred in the <DiplomaPage> component:

    at DiplomaPage (C:/Users/tanne/Desktop/pw_v2/frontend/src/pages/DiplomaPage.jsx:43:69)
    at OrganizationProvider (C:/Users/tanne/Desktop/pw_v2/frontend/src/contexts/OrganizationContext.jsx:17:33)
    at MockAuthProvider (C:/Users/tanne/Desktop/pw_v2/frontend/src/tests/test-utils.jsx:22:29)
    at Router (C:\Users\tanne\Desktop\pw_v2\frontend\node_modules\react-router\dist\umd\react-router.development.js:1207:17)
    at BrowserRouter (C:\Users\tanne\Desktop\pw_v2\frontend\node_modules\react-router-dom\dist\umd\react-router-dom.development.js:695:7)
    at QueryClientProvider (file:///C:/Users/tanne/Desktop/pw_v2/frontend/node_modules/@tanstack/react-query/build/modern/QueryClientProvider.js:20:3)
    at Wrapper (C:/Users/tanne/Desktop/pw_v2/frontend/src/tests/test-utils.jsx:60:22)

Consider adding an error boundary to your tree to customize error handling behavior.
Visit https://reactjs.org/link/error-boundaries to learn more about error boundaries.

Error: useAuth must be used within an AuthProvider
    at useAuth (C:/Users/tanne/Desktop/pw_v2/frontend/src/contexts/AuthContext.jsx:17:11)
    at DiplomaPage (C:/Users/tanne/Desktop/pw_v2/frontend/src/pages/DiplomaPage.jsx:27:36)
    at renderWithHooks (C:\Users\tanne\Desktop\pw_v2\frontend\node_modules\react-dom\cjs\react-dom.development.js:15486:18)
    at updateFunctionComponent (C:\Users\tanne\Desktop\pw_v2\frontend\node_modules\react-dom\cjs\react-dom.development.js:19617:20)
    at updateSimpleMemoComponent (C:\Users\tanne\Desktop\pw_v2\frontend\node_modules\react-dom\cjs\react-dom.development.js:19454:10)
    at updateMemoComponent (C:\Users\tanne\Desktop\pw_v2\frontend\node_modules\react-dom\cjs\react-dom.development.js:19303:14)
    at beginWork (C:\Users\tanne\Desktop\pw_v2\frontend\node_modules\react-dom\cjs\react-dom.development.js:21712:16)
    at HTMLUnknownElement.callCallback (C:\Users\tanne\Desktop\pw_v2\frontend\node_modules\react-dom\cjs\react-dom.development.js:4164:14)
    at HTMLUnknownElement.callTheUserObjectsOperation (C:\Users\tanne\Desktop\pw_v2\frontend\node_modules\jsdom\lib\jsdom\living\generated\EventListener.js:26:30)
    at innerInvokeEventListeners (C:\Users\tanne\Desktop\pw_v2\frontend\node_modules\jsdom\lib\jsdom\living\events\EventTarget-impl.js:360:16)
Error: useAuth must be used within an AuthProvider
    at useAuth (C:/Users/tanne/Desktop/pw_v2/frontend/src/contexts/AuthContext.jsx:17:11)
    at DiplomaPage (C:/Users/tanne/Desktop/pw_v2/frontend/src/pages/DiplomaPage.jsx:27:36)
    at renderWithHooks (C:\Users\tanne\Desktop\pw_v2\frontend\node_modules\react-dom\cjs\react-dom.development.js:15486:18)
    at updateFunctionComponent (C:\Users\tanne\Desktop\pw_v2\frontend\node_modules\react-dom\cjs\react-dom.development.js:19617:20)
    at updateSimpleMemoComponent (C:\Users\tanne\Desktop\pw_v2\frontend\node_modules\react-dom\cjs\react-dom.development.js:19454:10)
    at updateMemoComponent (C:\Users\tanne\Desktop\pw_v2\frontend\node_modules\react-dom\cjs\react-dom.development.js:19303:14)
    at beginWork (C:\Users\tanne\Desktop\pw_v2\frontend\node_modules\react-dom\cjs\react-dom.development.js:21712:16)
    at HTMLUnknownElement.callCallback (C:\Users\tanne\Desktop\pw_v2\frontend\node_modules\react-dom\cjs\react-dom.development.js:4164:14)
    at HTMLUnknownElement.callTheUserObjectsOperation (C:\Users\tanne\Desktop\pw_v2\frontend\node_modules\jsdom\lib\jsdom\living\generated\EventListener.js:26:30)
    at innerInvokeEventListeners (C:\Users\tanne\Desktop\pw_v2\frontend\node_modules\jsdom\lib\jsdom\living\events\EventTarget-impl.js:360:16)
[90mstderr[2m | src/pages/DiplomaPage.test.jsx[2m > [22m[2mDiplomaPage[2m > [22m[2mPage Rendering[2m > [22m[2mdisplays error state when diploma fetch fails (generic error)
[22m[39mThe above error occurred in the <DiplomaPage> component:

    at DiplomaPage (C:/Users/tanne/Desktop/pw_v2/frontend/src/pages/DiplomaPage.jsx:43:69)
    at OrganizationProvider (C:/Users/tanne/Desktop/pw_v2/frontend/src/contexts/OrganizationContext.jsx:17:33)
    at MockAuthProvider (C:/Users/tanne/Desktop/pw_v2/frontend/src/tests/test-utils.jsx:22:29)
    at Router (C:\Users\tanne\Desktop\pw_v2\frontend\node_modules\react-router\dist\umd\react-router.development.js:1207:17)
    at BrowserRouter (C:\Users\tanne\Desktop\pw_v2\frontend\node_modules\react-router-dom\dist\umd\react-router-dom.development.js:695:7)
    at QueryClientProvider (file:///C:/Users/tanne/Desktop/pw_v2/frontend/node_modules/@tanstack/react-query/build/modern/QueryClientProvider.js:20:3)
    at Wrapper (C:/Users/tanne/Desktop/pw_v2/frontend/src/tests/test-utils.jsx:60:22)

Consider adding an error boundary to your tree to customize error handling behavior.
Visit https://reactjs.org/link/error-boundaries to learn more about error boundaries.

Error: useAuth must be used within an AuthProvider
    at useAuth (C:/Users/tanne/Desktop/pw_v2/frontend/src/contexts/AuthContext.jsx:17:11)
    at DiplomaPage (C:/Users/tanne/Desktop/pw_v2/frontend/src/pages/DiplomaPage.jsx:27:36)
    at renderWithHooks (C:\Users\tanne\Desktop\pw_v2\frontend\node_modules\react-dom\cjs\react-dom.development.js:15486:18)
    at updateFunctionComponent (C:\Users\tanne\Desktop\pw_v2\frontend\node_modules\react-dom\cjs\react-dom.development.js:19617:20)
    at updateSimpleMemoComponent (C:\Users\tanne\Desktop\pw_v2\frontend\node_modules\react-dom\cjs\react-dom.development.js:19454:10)
    at updateMemoComponent (C:\Users\tanne\Desktop\pw_v2\frontend\node_modules\react-dom\cjs\react-dom.development.js:19303:14)
    at beginWork (C:\Users\tanne\Desktop\pw_v2\frontend\node_modules\react-dom\cjs\react-dom.development.js:21712:16)
    at HTMLUnknownElement.callCallback (C:\Users\tanne\Desktop\pw_v2\frontend\node_modules\react-dom\cjs\react-dom.development.js:4164:14)
    at HTMLUnknownElement.callTheUserObjectsOperation (C:\Users\tanne\Desktop\pw_v2\frontend\node_modules\jsdom\lib\jsdom\living\generated\EventListener.js:26:30)
    at innerInvokeEventListeners (C:\Users\tanne\Desktop\pw_v2\frontend\node_modules\jsdom\lib\jsdom\living\events\EventTarget-impl.js:360:16)
Error: useAuth must be used within an AuthProvider
    at useAuth (C:/Users/tanne/Desktop/pw_v2/frontend/src/contexts/AuthContext.jsx:17:11)
    at DiplomaPage (C:/Users/tanne/Desktop/pw_v2/frontend/src/pages/DiplomaPage.jsx:27:36)
    at renderWithHooks (C:\Users\tanne\Desktop\pw_v2\frontend\node_modules\react-dom\cjs\react-dom.development.js:15486:18)
    at updateFunctionComponent (C:\Users\tanne\Desktop\pw_v2\frontend\node_modules\react-dom\cjs\react-dom.development.js:19617:20)
    at updateSimpleMemoComponent (C:\Users\tanne\Desktop\pw_v2\frontend\node_modules\react-dom\cjs\react-dom.development.js:19454:10)
    at updateMemoComponent (C:\Users\tanne\Desktop\pw_v2\frontend\node_modules\react-dom\cjs\react-dom.development.js:19303:14)
    at beginWork (C:\Users\tanne\Desktop\pw_v2\frontend\node_modules\react-dom\cjs\react-dom.development.js:21712:16)
    at HTMLUnknownElement.callCallback (C:\Users\tanne\Desktop\pw_v2\frontend\node_modules\react-dom\cjs\react-dom.development.js:4164:14)
    at HTMLUnknownElement.callTheUserObjectsOperation (C:\Users\tanne\Desktop\pw_v2\frontend\node_modules\jsdom\lib\jsdom\living\generated\EventListener.js:26:30)
    at innerInvokeEventListeners (C:\Users\tanne\Desktop\pw_v2\frontend\node_modules\jsdom\lib\jsdom\living\events\EventTarget-impl.js:360:16)
[90mstderr[2m | src/pages/DiplomaPage.test.jsx[2m > [22m[2mDiplomaPage[2m > [22m[2mPage Rendering[2m > [22m[2mrenders public diploma when accessed via userId
[22m[39mThe above error occurred in the <DiplomaPage> component:

    at DiplomaPage (C:/Users/tanne/Desktop/pw_v2/frontend/src/pages/DiplomaPage.jsx:43:69)
    at OrganizationProvider (C:/Users/tanne/Desktop/pw_v2/frontend/src/contexts/OrganizationContext.jsx:17:33)
    at MockAuthProvider (C:/Users/tanne/Desktop/pw_v2/frontend/src/tests/test-utils.jsx:22:29)
    at Router (C:\Users\tanne\Desktop\pw_v2\frontend\node_modules\react-router\dist\umd\react-router.development.js:1207:17)
    at BrowserRouter (C:\Users\tanne\Desktop\pw_v2\frontend\node_modules\react-router-dom\dist\umd\react-router-dom.development.js:695:7)
    at QueryClientProvider (file:///C:/Users/tanne/Desktop/pw_v2/frontend/node_modules/@tanstack/react-query/build/modern/QueryClientProvider.js:20:3)
    at Wrapper (C:/Users/tanne/Desktop/pw_v2/frontend/src/tests/test-utils.jsx:60:22)

Consider adding an error boundary to your tree to customize error handling behavior.
Visit https://reactjs.org/link/error-boundaries to learn more about error boundaries.

Error: useAuth must be used within an AuthProvider
    at useAuth (C:/Users/tanne/Desktop/pw_v2/frontend/src/contexts/AuthContext.jsx:17:11)
    at DiplomaPage (C:/Users/tanne/Desktop/pw_v2/frontend/src/pages/DiplomaPage.jsx:27:36)
    at renderWithHooks (C:\Users\tanne\Desktop\pw_v2\frontend\node_modules\react-dom\cjs\react-dom.development.js:15486:18)
    at updateFunctionComponent (C:\Users\tanne\Desktop\pw_v2\frontend\node_modules\react-dom\cjs\react-dom.development.js:19617:20)
    at updateSimpleMemoComponent (C:\Users\tanne\Desktop\pw_v2\frontend\node_modules\react-dom\cjs\react-dom.development.js:19454:10)
    at updateMemoComponent (C:\Users\tanne\Desktop\pw_v2\frontend\node_modules\react-dom\cjs\react-dom.development.js:19303:14)
    at beginWork (C:\Users\tanne\Desktop\pw_v2\frontend\node_modules\react-dom\cjs\react-dom.development.js:21712:16)
    at HTMLUnknownElement.callCallback (C:\Users\tanne\Desktop\pw_v2\frontend\node_modules\react-dom\cjs\react-dom.development.js:4164:14)
    at HTMLUnknownElement.callTheUserObjectsOperation (C:\Users\tanne\Desktop\pw_v2\frontend\node_modules\jsdom\lib\jsdom\living\generated\EventListener.js:26:30)
    at innerInvokeEventListeners (C:\Users\tanne\Desktop\pw_v2\frontend\node_modules\jsdom\lib\jsdom\living\events\EventTarget-impl.js:360:16)
Error: useAuth must be used within an AuthProvider
    at useAuth (C:/Users/tanne/Desktop/pw_v2/frontend/src/contexts/AuthContext.jsx:17:11)
    at DiplomaPage (C:/Users/tanne/Desktop/pw_v2/frontend/src/pages/DiplomaPage.jsx:27:36)
    at renderWithHooks (C:\Users\tanne\Desktop\pw_v2\frontend\node_modules\react-dom\cjs\react-dom.development.js:15486:18)
    at updateFunctionComponent (C:\Users\tanne\Desktop\pw_v2\frontend\node_modules\react-dom\cjs\react-dom.development.js:19617:20)
    at updateSimpleMemoComponent (C:\Users\tanne\Desktop\pw_v2\frontend\node_modules\react-dom\cjs\react-dom.development.js:19454:10)
    at updateMemoComponent (C:\Users\tanne\Desktop\pw_v2\frontend\node_modules\react-dom\cjs\react-dom.development.js:19303:14)
    at beginWork (C:\Users\tanne\Desktop\pw_v2\frontend\node_modules\react-dom\cjs\react-dom.development.js:21712:16)
    at HTMLUnknownElement.callCallback (C:\Users\tanne\Desktop\pw_v2\frontend\node_modules\react-dom\cjs\react-dom.development.js:4164:14)
    at HTMLUnknownElement.callTheUserObjectsOperation (C:\Users\tanne\Desktop\pw_v2\frontend\node_modules\jsdom\lib\jsdom\living\generated\EventListener.js:26:30)
    at innerInvokeEventListeners (C:\Users\tanne\Desktop\pw_v2\frontend\node_modules\jsdom\lib\jsdom\living\events\EventTarget-impl.js:360:16)
[90mstderr[2m | src/pages/DiplomaPage.test.jsx[2m > [22m[2mDiplomaPage[2m > [22m[2mPage Rendering[2m > [22m[2mrenders authenticated user diploma with share button
[22m[39mThe above error occurred in the <DiplomaPage> component:

    at DiplomaPage (C:/Users/tanne/Desktop/pw_v2/frontend/src/pages/DiplomaPage.jsx:43:69)
    at OrganizationProvider (C:/Users/tanne/Desktop/pw_v2/frontend/src/contexts/OrganizationContext.jsx:17:33)
    at MockAuthProvider (C:/Users/tanne/Desktop/pw_v2/frontend/src/tests/test-utils.jsx:22:29)
    at Router (C:\Users\tanne\Desktop\pw_v2\frontend\node_modules\react-router\dist\umd\react-router.development.js:1207:17)
    at BrowserRouter (C:\Users\tanne\Desktop\pw_v2\frontend\node_modules\react-router-dom\dist\umd\react-router-dom.development.js:695:7)
    at QueryClientProvider (file:///C:/Users/tanne/Desktop/pw_v2/frontend/node_modules/@tanstack/react-query/build/modern/QueryClientProvider.js:20:3)
    at Wrapper (C:/Users/tanne/Desktop/pw_v2/frontend/src/tests/test-utils.jsx:60:22)

Consider adding an error boundary to your tree to customize error handling behavior.
Visit https://reactjs.org/link/error-boundaries to learn more about error boundaries.

Error: useAuth must be used within an AuthProvider
    at useAuth (C:/Users/tanne/Desktop/pw_v2/frontend/src/contexts/AuthContext.jsx:17:11)
    at DiplomaPage (C:/Users/tanne/Desktop/pw_v2/frontend/src/pages/DiplomaPage.jsx:27:36)
    at renderWithHooks (C:\Users\tanne\Desktop\pw_v2\frontend\node_modules\react-dom\cjs\react-dom.development.js:15486:18)
    at updateFunctionComponent (C:\Users\tanne\Desktop\pw_v2\frontend\node_modules\react-dom\cjs\react-dom.development.js:19617:20)
    at updateSimpleMemoComponent (C:\Users\tanne\Desktop\pw_v2\frontend\node_modules\react-dom\cjs\react-dom.development.js:19454:10)
    at updateMemoComponent (C:\Users\tanne\Desktop\pw_v2\frontend\node_modules\react-dom\cjs\react-dom.development.js:19303:14)
    at beginWork (C:\Users\tanne\Desktop\pw_v2\frontend\node_modules\react-dom\cjs\react-dom.development.js:21712:16)
    at HTMLUnknownElement.callCallback (C:\Users\tanne\Desktop\pw_v2\frontend\node_modules\react-dom\cjs\react-dom.development.js:4164:14)
    at HTMLUnknownElement.callTheUserObjectsOperation (C:\Users\tanne\Desktop\pw_v2\frontend\node_modules\jsdom\lib\jsdom\living\generated\EventListener.js:26:30)
    at innerInvokeEventListeners (C:\Users\tanne\Desktop\pw_v2\frontend\node_modules\jsdom\lib\jsdom\living\events\EventTarget-impl.js:360:16)
Error: useAuth must be used within an AuthProvider
    at useAuth (C:/Users/tanne/Desktop/pw_v2/frontend/src/contexts/AuthContext.jsx:17:11)
    at DiplomaPage (C:/Users/tanne/Desktop/pw_v2/frontend/src/pages/DiplomaPage.jsx:27:36)
    at renderWithHooks (C:\Users\tanne\Desktop\pw_v2\frontend\node_modules\react-dom\cjs\react-dom.development.js:15486:18)
    at updateFunctionComponent (C:\Users\tanne\Desktop\pw_v2\frontend\node_modules\react-dom\cjs\react-dom.development.js:19617:20)
    at updateSimpleMemoComponent (C:\Users\tanne\Desktop\pw_v2\frontend\node_modules\react-dom\cjs\react-dom.development.js:19454:10)
    at updateMemoComponent (C:\Users\tanne\Desktop\pw_v2\frontend\node_modules\react-dom\cjs\react-dom.development.js:19303:14)
    at beginWork (C:\Users\tanne\Desktop\pw_v2\frontend\node_modules\react-dom\cjs\react-dom.development.js:21712:16)
    at HTMLUnknownElement.callCallback (C:\Users\tanne\Desktop\pw_v2\frontend\node_modules\react-dom\cjs\react-dom.development.js:4164:14)
    at HTMLUnknownElement.callTheUserObjectsOperation (C:\Users\tanne\Desktop\pw_v2\frontend\node_modules\jsdom\lib\jsdom\living\generated\EventListener.js:26:30)
    at innerInvokeEventListeners (C:\Users\tanne\Desktop\pw_v2\frontend\node_modules\jsdom\lib\jsdom\living\events\EventTarget-impl.js:360:16)
[90mstderr[2m | src/pages/DiplomaPage.test.jsx[2m > [22m[2mDiplomaPage[2m > [22m[2mPage Rendering[2m > [22m[2mrenders empty state for user with no achievements
[22m[39mThe above error occurred in the <DiplomaPage> component:

    at DiplomaPage (C:/Users/tanne/Desktop/pw_v2/frontend/src/pages/DiplomaPage.jsx:43:69)
    at OrganizationProvider (C:/Users/tanne/Desktop/pw_v2/frontend/src/contexts/OrganizationContext.jsx:17:33)
    at MockAuthProvider (C:/Users/tanne/Desktop/pw_v2/frontend/src/tests/test-utils.jsx:22:29)
    at Router (C:\Users\tanne\Desktop\pw_v2\frontend\node_modules\react-router\dist\umd\react-router.development.js:1207:17)
    at BrowserRouter (C:\Users\tanne\Desktop\pw_v2\frontend\node_modules\react-router-dom\dist\umd\react-router-dom.development.js:695:7)
    at QueryClientProvider (file:///C:/Users/tanne/Desktop/pw_v2/frontend/node_modules/@tanstack/react-query/build/modern/QueryClientProvider.js:20:3)
    at Wrapper (C:/Users/tanne/Desktop/pw_v2/frontend/src/tests/test-utils.jsx:60:22)

Consider adding an error boundary to your tree to customize error handling behavior.
Visit https://reactjs.org/link/error-boundaries to learn more about error boundaries.

Error: useAuth must be used within an AuthProvider
    at useAuth (C:/Users/tanne/Desktop/pw_v2/frontend/src/contexts/AuthContext.jsx:17:11)
    at DiplomaPage (C:/Users/tanne/Desktop/pw_v2/frontend/src/pages/DiplomaPage.jsx:27:36)
    at renderWithHooks (C:\Users\tanne\Desktop\pw_v2\frontend\node_modules\react-dom\cjs\react-dom.development.js:15486:18)
    at updateFunctionComponent (C:\Users\tanne\Desktop\pw_v2\frontend\node_modules\react-dom\cjs\react-dom.development.js:19617:20)
    at updateSimpleMemoComponent (C:\Users\tanne\Desktop\pw_v2\frontend\node_modules\react-dom\cjs\react-dom.development.js:19454:10)
    at updateMemoComponent (C:\Users\tanne\Desktop\pw_v2\frontend\node_modules\react-dom\cjs\react-dom.development.js:19303:14)
    at beginWork (C:\Users\tanne\Desktop\pw_v2\frontend\node_modules\react-dom\cjs\react-dom.development.js:21712:16)
    at HTMLUnknownElement.callCallback (C:\Users\tanne\Desktop\pw_v2\frontend\node_modules\react-dom\cjs\react-dom.development.js:4164:14)
    at HTMLUnknownElement.callTheUserObjectsOperation (C:\Users\tanne\Desktop\pw_v2\frontend\node_modules\jsdom\lib\jsdom\living\generated\EventListener.js:26:30)
    at innerInvokeEventListeners (C:\Users\tanne\Desktop\pw_v2\frontend\node_modules\jsdom\lib\jsdom\living\events\EventTarget-impl.js:360:16)
Error: useAuth must be used within an AuthProvider
    at useAuth (C:/Users/tanne/Desktop/pw_v2/frontend/src/contexts/AuthContext.jsx:17:11)
    at DiplomaPage (C:/Users/tanne/Desktop/pw_v2/frontend/src/pages/DiplomaPage.jsx:27:36)
    at renderWithHooks (C:\Users\tanne\Desktop\pw_v2\frontend\node_modules\react-dom\cjs\react-dom.development.js:15486:18)
    at updateFunctionComponent (C:\Users\tanne\Desktop\pw_v2\frontend\node_modules\react-dom\cjs\react-dom.development.js:19617:20)
    at updateSimpleMemoComponent (C:\Users\tanne\Desktop\pw_v2\frontend\node_modules\react-dom\cjs\react-dom.development.js:19454:10)
    at updateMemoComponent (C:\Users\tanne\Desktop\pw_v2\frontend\node_modules\react-dom\cjs\react-dom.development.js:19303:14)
    at beginWork (C:\Users\tanne\Desktop\pw_v2\frontend\node_modules\react-dom\cjs\react-dom.development.js:21712:16)
    at HTMLUnknownElement.callCallback (C:\Users\tanne\Desktop\pw_v2\frontend\node_modules\react-dom\cjs\react-dom.development.js:4164:14)
    at HTMLUnknownElement.callTheUserObjectsOperation (C:\Users\tanne\Desktop\pw_v2\frontend\node_modules\jsdom\lib\jsdom\living\generated\EventListener.js:26:30)
    at innerInvokeEventListeners (C:\Users\tanne\Desktop\pw_v2\frontend\node_modules\jsdom\lib\jsdom\living\events\EventTarget-impl.js:360:16)
[90mstderr[2m | src/pages/DiplomaPage.test.jsx[2m > [22m[2mDiplomaPage[2m > [22m[2mPage Rendering[2m > [22m[2mincludes correct SEO/Helmet meta tags
[22m[39mThe above error occurred in the <DiplomaPage> component:

    at DiplomaPage (C:/Users/tanne/Desktop/pw_v2/frontend/src/pages/DiplomaPage.jsx:43:69)
    at OrganizationProvider (C:/Users/tanne/Desktop/pw_v2/frontend/src/contexts/OrganizationContext.jsx:17:33)
    at MockAuthProvider (C:/Users/tanne/Desktop/pw_v2/frontend/src/tests/test-utils.jsx:22:29)
    at Router (C:\Users\tanne\Desktop\pw_v2\frontend\node_modules\react-router\dist\umd\react-router.development.js:1207:17)
    at BrowserRouter (C:\Users\tanne\Desktop\pw_v2\frontend\node_modules\react-router-dom\dist\umd\react-router-dom.development.js:695:7)
    at QueryClientProvider (file:///C:/Users/tanne/Desktop/pw_v2/frontend/node_modules/@tanstack/react-query/build/modern/QueryClientProvider.js:20:3)
    at Wrapper (C:/Users/tanne/Desktop/pw_v2/frontend/src/tests/test-utils.jsx:60:22)

Consider adding an error boundary to your tree to customize error handling behavior.
Visit https://reactjs.org/link/error-boundaries to learn more about error boundaries.

Error: useAuth must be used within an AuthProvider
    at useAuth (C:/Users/tanne/Desktop/pw_v2/frontend/src/contexts/AuthContext.jsx:17:11)
    at DiplomaPage (C:/Users/tanne/Desktop/pw_v2/frontend/src/pages/DiplomaPage.jsx:27:36)
    at renderWithHooks (C:\Users\tanne\Desktop\pw_v2\frontend\node_modules\react-dom\cjs\react-dom.development.js:15486:18)
    at updateFunctionComponent (C:\Users\tanne\Desktop\pw_v2\frontend\node_modules\react-dom\cjs\react-dom.development.js:19617:20)
    at updateSimpleMemoComponent (C:\Users\tanne\Desktop\pw_v2\frontend\node_modules\react-dom\cjs\react-dom.development.js:19454:10)
    at updateMemoComponent (C:\Users\tanne\Desktop\pw_v2\frontend\node_modules\react-dom\cjs\react-dom.development.js:19303:14)
    at beginWork (C:\Users\tanne\Desktop\pw_v2\frontend\node_modules\react-dom\cjs\react-dom.development.js:21712:16)
    at HTMLUnknownElement.callCallback (C:\Users\tanne\Desktop\pw_v2\frontend\node_modules\react-dom\cjs\react-dom.development.js:4164:14)
    at HTMLUnknownElement.callTheUserObjectsOperation (C:\Users\tanne\Desktop\pw_v2\frontend\node_modules\jsdom\lib\jsdom\living\generated\EventListener.js:26:30)
    at innerInvokeEventListeners (C:\Users\tanne\Desktop\pw_v2\frontend\node_modules\jsdom\lib\jsdom\living\events\EventTarget-impl.js:360:16)
Error: useAuth must be used within an AuthProvider
    at useAuth (C:/Users/tanne/Desktop/pw_v2/frontend/src/contexts/AuthContext.jsx:17:11)
    at DiplomaPage (C:/Users/tanne/Desktop/pw_v2/frontend/src/pages/DiplomaPage.jsx:27:36)
    at renderWithHooks (C:\Users\tanne\Desktop\pw_v2\frontend\node_modules\react-dom\cjs\react-dom.development.js:15486:18)
    at updateFunctionComponent (C:\Users\tanne\Desktop\pw_v2\frontend\node_modules\react-dom\cjs\react-dom.development.js:19617:20)
    at updateSimpleMemoComponent (C:\Users\tanne\Desktop\pw_v2\frontend\node_modules\react-dom\cjs\react-dom.development.js:19454:10)
    at updateMemoComponent (C:\Users\tanne\Desktop\pw_v2\frontend\node_modules\react-dom\cjs\react-dom.development.js:19303:14)
    at beginWork (C:\Users\tanne\Desktop\pw_v2\frontend\node_modules\react-dom\cjs\react-dom.development.js:21712:16)
    at HTMLUnknownElement.callCallback (C:\Users\tanne\Desktop\pw_v2\frontend\node_modules\react-dom\cjs\react-dom.development.js:4164:14)
    at HTMLUnknownElement.callTheUserObjectsOperation (C:\Users\tanne\Desktop\pw_v2\frontend\node_modules\jsdom\lib\jsdom\living\generated\EventListener.js:26:30)
    at innerInvokeEventListeners (C:\Users\tanne\Desktop\pw_v2\frontend\node_modules\jsdom\lib\jsdom\living\events\EventTarget-impl.js:360:16)
[90mstderr[2m | src/pages/DiplomaPage.test.jsx[2m > [22m[2mDiplomaPage[2m > [22m[2mPage Rendering[2m > [22m[2mnavigates back to dashboard when back button is clicked
[22m[39mThe above error occurred in the <DiplomaPage> component:

    at DiplomaPage (C:/Users/tanne/Desktop/pw_v2/frontend/src/pages/DiplomaPage.jsx:43:69)
    at OrganizationProvider (C:/Users/tanne/Desktop/pw_v2/frontend/src/contexts/OrganizationContext.jsx:17:33)
    at MockAuthProvider (C:/Users/tanne/Desktop/pw_v2/frontend/src/tests/test-utils.jsx:22:29)
    at Router (C:\Users\tanne\Desktop\pw_v2\frontend\node_modules\react-router\dist\umd\react-router.development.js:1207:17)
    at BrowserRouter (C:\Users\tanne\Desktop\pw_v2\frontend\node_modules\react-router-dom\dist\umd\react-router-dom.development.js:695:7)
    at QueryClientProvider (file:///C:/Users/tanne/Desktop/pw_v2/frontend/node_modules/@tanstack/react-query/build/modern/QueryClientProvider.js:20:3)
    at Wrapper (C:/Users/tanne/Desktop/pw_v2/frontend/src/tests/test-utils.jsx:60:22)

Consider adding an error boundary to your tree to customize error handling behavior.
Visit https://reactjs.org/link/error-boundaries to learn more about error boundaries.

Error: useAuth must be used within an AuthProvider
    at useAuth (C:/Users/tanne/Desktop/pw_v2/frontend/src/contexts/AuthContext.jsx:17:11)
    at DiplomaPage (C:/Users/tanne/Desktop/pw_v2/frontend/src/pages/DiplomaPage.jsx:27:36)
    at renderWithHooks (C:\Users\tanne\Desktop\pw_v2\frontend\node_modules\react-dom\cjs\react-dom.development.js:15486:18)
    at updateFunctionComponent (C:\Users\tanne\Desktop\pw_v2\frontend\node_modules\react-dom\cjs\react-dom.development.js:19617:20)
    at updateSimpleMemoComponent (C:\Users\tanne\Desktop\pw_v2\frontend\node_modules\react-dom\cjs\react-dom.development.js:19454:10)
    at updateMemoComponent (C:\Users\tanne\Desktop\pw_v2\frontend\node_modules\react-dom\cjs\react-dom.development.js:19303:14)
    at beginWork (C:\Users\tanne\Desktop\pw_v2\frontend\node_modules\react-dom\cjs\react-dom.development.js:21712:16)
    at HTMLUnknownElement.callCallback (C:\Users\tanne\Desktop\pw_v2\frontend\node_modules\react-dom\cjs\react-dom.development.js:4164:14)
    at HTMLUnknownElement.callTheUserObjectsOperation (C:\Users\tanne\Desktop\pw_v2\frontend\node_modules\jsdom\lib\jsdom\living\generated\EventListener.js:26:30)
    at innerInvokeEventListeners (C:\Users\tanne\Desktop\pw_v2\frontend\node_modules\jsdom\lib\jsdom\living\events\EventTarget-impl.js:360:16)
Error: useAuth must be used within an AuthProvider
    at useAuth (C:/Users/tanne/Desktop/pw_v2/frontend/src/contexts/AuthContext.jsx:17:11)
    at DiplomaPage (C:/Users/tanne/Desktop/pw_v2/frontend/src/pages/DiplomaPage.jsx:27:36)
    at renderWithHooks (C:\Users\tanne\Desktop\pw_v2\frontend\node_modules\react-dom\cjs\react-dom.development.js:15486:18)
    at updateFunctionComponent (C:\Users\tanne\Desktop\pw_v2\frontend\node_modules\react-dom\cjs\react-dom.development.js:19617:20)
    at updateSimpleMemoComponent (C:\Users\tanne\Desktop\pw_v2\frontend\node_modules\react-dom\cjs\react-dom.development.js:19454:10)
    at updateMemoComponent (C:\Users\tanne\Desktop\pw_v2\frontend\node_modules\react-dom\cjs\react-dom.development.js:19303:14)
    at beginWork (C:\Users\tanne\Desktop\pw_v2\frontend\node_modules\react-dom\cjs\react-dom.development.js:21712:16)
    at HTMLUnknownElement.callCallback (C:\Users\tanne\Desktop\pw_v2\frontend\node_modules\react-dom\cjs\react-dom.development.js:4164:14)
    at HTMLUnknownElement.callTheUserObjectsOperation (C:\Users\tanne\Desktop\pw_v2\frontend\node_modules\jsdom\lib\jsdom\living\generated\EventListener.js:26:30)
    at innerInvokeEventListeners (C:\Users\tanne\Desktop\pw_v2\frontend\node_modules\jsdom\lib\jsdom\living\events\EventTarget-impl.js:360:16)
[90mstderr[2m | src/pages/DiplomaPage.test.jsx[2m > [22m[2mDiplomaPage[2m > [22m[2mPage Rendering[2m > [22m[2mdifferentiates between owner and public view correctly
[22m[39mThe above error occurred in the <DiplomaPage> component:

    at DiplomaPage (C:/Users/tanne/Desktop/pw_v2/frontend/src/pages/DiplomaPage.jsx:43:69)
    at OrganizationProvider (C:/Users/tanne/Desktop/pw_v2/frontend/src/contexts/OrganizationContext.jsx:17:33)
    at MockAuthProvider (C:/Users/tanne/Desktop/pw_v2/frontend/src/tests/test-utils.jsx:22:29)
    at Router (C:\Users\tanne\Desktop\pw_v2\frontend\node_modules\react-router\dist\umd\react-router.development.js:1207:17)
    at BrowserRouter (C:\Users\tanne\Desktop\pw_v2\frontend\node_modules\react-router-dom\dist\umd\react-router-dom.development.js:695:7)
    at QueryClientProvider (file:///C:/Users/tanne/Desktop/pw_v2/frontend/node_modules/@tanstack/react-query/build/modern/QueryClientProvider.js:20:3)
    at Wrapper (C:/Users/tanne/Desktop/pw_v2/frontend/src/tests/test-utils.jsx:60:22)

Consider adding an error boundary to your tree to customize error handling behavior.
Visit https://reactjs.org/link/error-boundaries to learn more about error boundaries.

Error: useAuth must be used within an AuthProvider
    at useAuth (C:/Users/tanne/Desktop/pw_v2/frontend/src/contexts/AuthContext.jsx:17:11)
    at DiplomaPage (C:/Users/tanne/Desktop/pw_v2/frontend/src/pages/DiplomaPage.jsx:27:36)
    at renderWithHooks (C:\Users\tanne\Desktop\pw_v2\frontend\node_modules\react-dom\cjs\react-dom.development.js:15486:18)
    at updateFunctionComponent (C:\Users\tanne\Desktop\pw_v2\frontend\node_modules\react-dom\cjs\react-dom.development.js:19617:20)
    at updateSimpleMemoComponent (C:\Users\tanne\Desktop\pw_v2\frontend\node_modules\react-dom\cjs\react-dom.development.js:19454:10)
    at updateMemoComponent (C:\Users\tanne\Desktop\pw_v2\frontend\node_modules\react-dom\cjs\react-dom.development.js:19303:14)
    at beginWork (C:\Users\tanne\Desktop\pw_v2\frontend\node_modules\react-dom\cjs\react-dom.development.js:21712:16)
    at HTMLUnknownElement.callCallback (C:\Users\tanne\Desktop\pw_v2\frontend\node_modules\react-dom\cjs\react-dom.development.js:4164:14)
    at HTMLUnknownElement.callTheUserObjectsOperation (C:\Users\tanne\Desktop\pw_v2\frontend\node_modules\jsdom\lib\jsdom\living\generated\EventListener.js:26:30)
    at innerInvokeEventListeners (C:\Users\tanne\Desktop\pw_v2\frontend\node_modules\jsdom\lib\jsdom\living\events\EventTarget-impl.js:360:16)
Error: useAuth must be used within an AuthProvider
    at useAuth (C:/Users/tanne/Desktop/pw_v2/frontend/src/contexts/AuthContext.jsx:17:11)
    at DiplomaPage (C:/Users/tanne/Desktop/pw_v2/frontend/src/pages/DiplomaPage.jsx:27:36)
    at renderWithHooks (C:\Users\tanne\Desktop\pw_v2\frontend\node_modules\react-dom\cjs\react-dom.development.js:15486:18)
    at updateFunctionComponent (C:\Users\tanne\Desktop\pw_v2\frontend\node_modules\react-dom\cjs\react-dom.development.js:19617:20)
    at updateSimpleMemoComponent (C:\Users\tanne\Desktop\pw_v2\frontend\node_modules\react-dom\cjs\react-dom.development.js:19454:10)
    at updateMemoComponent (C:\Users\tanne\Desktop\pw_v2\frontend\node_modules\react-dom\cjs\react-dom.development.js:19303:14)
    at beginWork (C:\Users\tanne\Desktop\pw_v2\frontend\node_modules\react-dom\cjs\react-dom.development.js:21712:16)
    at HTMLUnknownElement.callCallback (C:\Users\tanne\Desktop\pw_v2\frontend\node_modules\react-dom\cjs\react-dom.development.js:4164:14)
    at HTMLUnknownElement.callTheUserObjectsOperation (C:\Users\tanne\Desktop\pw_v2\frontend\node_modules\jsdom\lib\jsdom\living\generated\EventListener.js:26:30)
    at innerInvokeEventListeners (C:\Users\tanne\Desktop\pw_v2\frontend\node_modules\jsdom\lib\jsdom\living\events\EventTarget-impl.js:360:16)
[90mstderr[2m | src/pages/DiplomaPage.test.jsx[2m > [22m[2mDiplomaPage[2m > [22m[2mPage Rendering[2m > [22m[2mdisplays acting as dependent name when viewing as dependent
[22m[39mThe above error occurred in the <DiplomaPage> component:

    at DiplomaPage (C:/Users/tanne/Desktop/pw_v2/frontend/src/pages/DiplomaPage.jsx:43:69)
    at OrganizationProvider (C:/Users/tanne/Desktop/pw_v2/frontend/src/contexts/OrganizationContext.jsx:17:33)
    at MockAuthProvider (C:/Users/tanne/Desktop/pw_v2/frontend/src/tests/test-utils.jsx:22:29)
    at Router (C:\Users\tanne\Desktop\pw_v2\frontend\node_modules\react-router\dist\umd\react-router.development.js:1207:17)
    at BrowserRouter (C:\Users\tanne\Desktop\pw_v2\frontend\node_modules\react-router-dom\dist\umd\react-router-dom.development.js:695:7)
    at QueryClientProvider (file:///C:/Users/tanne/Desktop/pw_v2/frontend/node_modules/@tanstack/react-query/build/modern/QueryClientProvider.js:20:3)
    at Wrapper (C:/Users/tanne/Desktop/pw_v2/frontend/src/tests/test-utils.jsx:60:22)

Consider adding an error boundary to your tree to customize error handling behavior.
Visit https://reactjs.org/link/error-boundaries to learn more about error boundaries.

Error: useAuth must be used within an AuthProvider
    at useAuth (C:/Users/tanne/Desktop/pw_v2/frontend/src/contexts/AuthContext.jsx:17:11)
    at DiplomaPage (C:/Users/tanne/Desktop/pw_v2/frontend/src/pages/DiplomaPage.jsx:27:36)
    at renderWithHooks (C:\Users\tanne\Desktop\pw_v2\frontend\node_modules\react-dom\cjs\react-dom.development.js:15486:18)
    at updateFunctionComponent (C:\Users\tanne\Desktop\pw_v2\frontend\node_modules\react-dom\cjs\react-dom.development.js:19617:20)
    at updateSimpleMemoComponent (C:\Users\tanne\Desktop\pw_v2\frontend\node_modules\react-dom\cjs\react-dom.development.js:19454:10)
    at updateMemoComponent (C:\Users\tanne\Desktop\pw_v2\frontend\node_modules\react-dom\cjs\react-dom.development.js:19303:14)
    at beginWork (C:\Users\tanne\Desktop\pw_v2\frontend\node_modules\react-dom\cjs\react-dom.development.js:21712:16)
    at HTMLUnknownElement.callCallback (C:\Users\tanne\Desktop\pw_v2\frontend\node_modules\react-dom\cjs\react-dom.development.js:4164:14)
    at HTMLUnknownElement.callTheUserObjectsOperation (C:\Users\tanne\Desktop\pw_v2\frontend\node_modules\jsdom\lib\jsdom\living\generated\EventListener.js:26:30)
    at innerInvokeEventListeners (C:\Users\tanne\Desktop\pw_v2\frontend\node_modules\jsdom\lib\jsdom\living\events\EventTarget-impl.js:360:16)
Error: useAuth must be used within an AuthProvider
    at useAuth (C:/Users/tanne/Desktop/pw_v2/frontend/src/contexts/AuthContext.jsx:17:11)
    at DiplomaPage (C:/Users/tanne/Desktop/pw_v2/frontend/src/pages/DiplomaPage.jsx:27:36)
    at renderWithHooks (C:\Users\tanne\Desktop\pw_v2\frontend\node_modules\react-dom\cjs\react-dom.development.js:15486:18)
    at updateFunctionComponent (C:\Users\tanne\Desktop\pw_v2\frontend\node_modules\react-dom\cjs\react-dom.development.js:19617:20)
    at updateSimpleMemoComponent (C:\Users\tanne\Desktop\pw_v2\frontend\node_modules\react-dom\cjs\react-dom.development.js:19454:10)
    at updateMemoComponent (C:\Users\tanne\Desktop\pw_v2\frontend\node_modules\react-dom\cjs\react-dom.development.js:19303:14)
    at beginWork (C:\Users\tanne\Desktop\pw_v2\frontend\node_modules\react-dom\cjs\react-dom.development.js:21712:16)
    at HTMLUnknownElement.callCallback (C:\Users\tanne\Desktop\pw_v2\frontend\node_modules\react-dom\cjs\react-dom.development.js:4164:14)
    at HTMLUnknownElement.callTheUserObjectsOperation (C:\Users\tanne\Desktop\pw_v2\frontend\node_modules\jsdom\lib\jsdom\living\generated\EventListener.js:26:30)
    at innerInvokeEventListeners (C:\Users\tanne\Desktop\pw_v2\frontend\node_modules\jsdom\lib\jsdom\living\events\EventTarget-impl.js:360:16)
[90mstderr[2m | src/pages/DiplomaPage.test.jsx[2m > [22m[2mDiplomaPage[2m > [22m[2mBadge Display[2m > [22m[2mdisplays earned badges in the sidebar
[22m[39mThe above error occurred in the <DiplomaPage> component:

    at DiplomaPage (C:/Users/tanne/Desktop/pw_v2/frontend/src/pages/DiplomaPage.jsx:43:69)
    at OrganizationProvider (C:/Users/tanne/Desktop/pw_v2/frontend/src/contexts/OrganizationContext.jsx:17:33)
    at MockAuthProvider (C:/Users/tanne/Desktop/pw_v2/frontend/src/tests/test-utils.jsx:22:29)
    at Router (C:\Users\tanne\Desktop\pw_v2\frontend\node_modules\react-router\dist\umd\react-router.development.js:1207:17)
    at BrowserRouter (C:\Users\tanne\Desktop\pw_v2\frontend\node_modules\react-router-dom\dist\umd\react-router-dom.development.js:695:7)
    at QueryClientProvider (file:///C:/Users/tanne/Desktop/pw_v2/frontend/node_modules/@tanstack/react-query/build/modern/QueryClientProvider.js:20:3)
    at Wrapper (C:/Users/tanne/Desktop/pw_v2/frontend/src/tests/test-utils.jsx:60:22)

Consider adding an error boundary to your tree to customize error handling behavior.
Visit https://reactjs.org/link/error-boundaries to learn more about error boundaries.

Error: useAuth must be used within an AuthProvider
    at useAuth (C:/Users/tanne/Desktop/pw_v2/frontend/src/contexts/AuthContext.jsx:17:11)
    at DiplomaPage (C:/Users/tanne/Desktop/pw_v2/frontend/src/pages/DiplomaPage.jsx:27:36)
    at renderWithHooks (C:\Users\tanne\Desktop\pw_v2\frontend\node_modules\react-dom\cjs\react-dom.development.js:15486:18)
    at updateFunctionComponent (C:\Users\tanne\Desktop\pw_v2\frontend\node_modules\react-dom\cjs\react-dom.development.js:19617:20)
    at updateSimpleMemoComponent (C:\Users\tanne\Desktop\pw_v2\frontend\node_modules\react-dom\cjs\react-dom.development.js:19454:10)
    at updateMemoComponent (C:\Users\tanne\Desktop\pw_v2\frontend\node_modules\react-dom\cjs\react-dom.development.js:19303:14)
    at beginWork (C:\Users\tanne\Desktop\pw_v2\frontend\node_modules\react-dom\cjs\react-dom.development.js:21712:16)
    at HTMLUnknownElement.callCallback (C:\Users\tanne\Desktop\pw_v2\frontend\node_modules\react-dom\cjs\react-dom.development.js:4164:14)
    at HTMLUnknownElement.callTheUserObjectsOperation (C:\Users\tanne\Desktop\pw_v2\frontend\node_modules\jsdom\lib\jsdom\living\generated\EventListener.js:26:30)
    at innerInvokeEventListeners (C:\Users\tanne\Desktop\pw_v2\frontend\node_modules\jsdom\lib\jsdom\living\events\EventTarget-impl.js:360:16)
Error: useAuth must be used within an AuthProvider
    at useAuth (C:/Users/tanne/Desktop/pw_v2/frontend/src/contexts/AuthContext.jsx:17:11)
    at DiplomaPage (C:/Users/tanne/Desktop/pw_v2/frontend/src/pages/DiplomaPage.jsx:27:36)
    at renderWithHooks (C:\Users\tanne\Desktop\pw_v2\frontend\node_modules\react-dom\cjs\react-dom.development.js:15486:18)
    at updateFunctionComponent (C:\Users\tanne\Desktop\pw_v2\frontend\node_modules\react-dom\cjs\react-dom.development.js:19617:20)
    at updateSimpleMemoComponent (C:\Users\tanne\Desktop\pw_v2\frontend\node_modules\react-dom\cjs\react-dom.development.js:19454:10)
    at updateMemoComponent (C:\Users\tanne\Desktop\pw_v2\frontend\node_modules\react-dom\cjs\react-dom.development.js:19303:14)
    at beginWork (C:\Users\tanne\Desktop\pw_v2\frontend\node_modules\react-dom\cjs\react-dom.development.js:21712:16)
    at HTMLUnknownElement.callCallback (C:\Users\tanne\Desktop\pw_v2\frontend\node_modules\react-dom\cjs\react-dom.development.js:4164:14)
    at HTMLUnknownElement.callTheUserObjectsOperation (C:\Users\tanne\Desktop\pw_v2\frontend\node_modules\jsdom\lib\jsdom\living\generated\EventListener.js:26:30)
    at innerInvokeEventListeners (C:\Users\tanne\Desktop\pw_v2\frontend\node_modules\jsdom\lib\jsdom\living\events\EventTarget-impl.js:360:16)
[90mstderr[2m | src/pages/DiplomaPage.test.jsx[2m > [22m[2mDiplomaPage[2m > [22m[2mBadge Display[2m > [22m[2mopens all badges modal when View All Badges button is clicked
[22m[39mThe above error occurred in the <DiplomaPage> component:

    at DiplomaPage (C:/Users/tanne/Desktop/pw_v2/frontend/src/pages/DiplomaPage.jsx:43:69)
    at OrganizationProvider (C:/Users/tanne/Desktop/pw_v2/frontend/src/contexts/OrganizationContext.jsx:17:33)
    at MockAuthProvider (C:/Users/tanne/Desktop/pw_v2/frontend/src/tests/test-utils.jsx:22:29)
    at Router (C:\Users\tanne\Desktop\pw_v2\frontend\node_modules\react-router\dist\umd\react-router.development.js:1207:17)
    at BrowserRouter (C:\Users\tanne\Desktop\pw_v2\frontend\node_modules\react-router-dom\dist\umd\react-router-dom.development.js:695:7)
    at QueryClientProvider (file:///C:/Users/tanne/Desktop/pw_v2/frontend/node_modules/@tanstack/react-query/build/modern/QueryClientProvider.js:20:3)
    at Wrapper (C:/Users/tanne/Desktop/pw_v2/frontend/src/tests/test-utils.jsx:60:22)

Consider adding an error boundary to your tree to customize error handling behavior.
Visit https://reactjs.org/link/error-boundaries to learn more about error boundaries.

Error: useAuth must be used within an AuthProvider
    at useAuth (C:/Users/tanne/Desktop/pw_v2/frontend/src/contexts/AuthContext.jsx:17:11)
    at DiplomaPage (C:/Users/tanne/Desktop/pw_v2/frontend/src/pages/DiplomaPage.jsx:27:36)
    at renderWithHooks (C:\Users\tanne\Desktop\pw_v2\frontend\node_modules\react-dom\cjs\react-dom.development.js:15486:18)
    at updateFunctionComponent (C:\Users\tanne\Desktop\pw_v2\frontend\node_modules\react-dom\cjs\react-dom.development.js:19617:20)
    at updateSimpleMemoComponent (C:\Users\tanne\Desktop\pw_v2\frontend\node_modules\react-dom\cjs\react-dom.development.js:19454:10)
    at updateMemoComponent (C:\Users\tanne\Desktop\pw_v2\frontend\node_modules\react-dom\cjs\react-dom.development.js:19303:14)
    at beginWork (C:\Users\tanne\Desktop\pw_v2\frontend\node_modules\react-dom\cjs\react-dom.development.js:21712:16)
    at HTMLUnknownElement.callCallback (C:\Users\tanne\Desktop\pw_v2\frontend\node_modules\react-dom\cjs\react-dom.development.js:4164:14)
    at HTMLUnknownElement.callTheUserObjectsOperation (C:\Users\tanne\Desktop\pw_v2\frontend\node_modules\jsdom\lib\jsdom\living\generated\EventListener.js:26:30)
    at innerInvokeEventListeners (C:\Users\tanne\Desktop\pw_v2\frontend\node_modules\jsdom\lib\jsdom\living\events\EventTarget-impl.js:360:16)
Error: useAuth must be used within an AuthProvider
    at useAuth (C:/Users/tanne/Desktop/pw_v2/frontend/src/contexts/AuthContext.jsx:17:11)
    at DiplomaPage (C:/Users/tanne/Desktop/pw_v2/frontend/src/pages/DiplomaPage.jsx:27:36)
    at renderWithHooks (C:\Users\tanne\Desktop\pw_v2\frontend\node_modules\react-dom\cjs\react-dom.development.js:15486:18)
    at updateFunctionComponent (C:\Users\tanne\Desktop\pw_v2\frontend\node_modules\react-dom\cjs\react-dom.development.js:19617:20)
    at updateSimpleMemoComponent (C:\Users\tanne\Desktop\pw_v2\frontend\node_modules\react-dom\cjs\react-dom.development.js:19454:10)
    at updateMemoComponent (C:\Users\tanne\Desktop\pw_v2\frontend\node_modules\react-dom\cjs\react-dom.development.js:19303:14)
    at beginWork (C:\Users\tanne\Desktop\pw_v2\frontend\node_modules\react-dom\cjs\react-dom.development.js:21712:16)
    at HTMLUnknownElement.callCallback (C:\Users\tanne\Desktop\pw_v2\frontend\node_modules\react-dom\cjs\react-dom.development.js:4164:14)
    at HTMLUnknownElement.callTheUserObjectsOperation (C:\Users\tanne\Desktop\pw_v2\frontend\node_modules\jsdom\lib\jsdom\living\generated\EventListener.js:26:30)
    at innerInvokeEventListeners (C:\Users\tanne\Desktop\pw_v2\frontend\node_modules\jsdom\lib\jsdom\living\events\EventTarget-impl.js:360:16)
[90mstderr[2m | src/pages/DiplomaPage.test.jsx[2m > [22m[2mDiplomaPage[2m > [22m[2mBadge Display[2m > [22m[2mdisplays badges grid in modal with badge carousel cards
[22m[39mThe above error occurred in the <DiplomaPage> component:

    at DiplomaPage (C:/Users/tanne/Desktop/pw_v2/frontend/src/pages/DiplomaPage.jsx:43:69)
    at OrganizationProvider (C:/Users/tanne/Desktop/pw_v2/frontend/src/contexts/OrganizationContext.jsx:17:33)
    at MockAuthProvider (C:/Users/tanne/Desktop/pw_v2/frontend/src/tests/test-utils.jsx:22:29)
    at Router (C:\Users\tanne\Desktop\pw_v2\frontend\node_modules\react-router\dist\umd\react-router.development.js:1207:17)
    at BrowserRouter (C:\Users\tanne\Desktop\pw_v2\frontend\node_modules\react-router-dom\dist\umd\react-router-dom.development.js:695:7)
    at QueryClientProvider (file:///C:/Users/tanne/Desktop/pw_v2/frontend/node_modules/@tanstack/react-query/build/modern/QueryClientProvider.js:20:3)
    at Wrapper (C:/Users/tanne/Desktop/pw_v2/frontend/src/tests/test-utils.jsx:60:22)

Consider adding an error boundary to your tree to customize error handling behavior.
Visit https://reactjs.org/link/error-boundaries to learn more about error boundaries.

Error: useAuth must be used within an AuthProvider
    at useAuth (C:/Users/tanne/Desktop/pw_v2/frontend/src/contexts/AuthContext.jsx:17:11)
    at DiplomaPage (C:/Users/tanne/Desktop/pw_v2/frontend/src/pages/DiplomaPage.jsx:27:36)
    at renderWithHooks (C:\Users\tanne\Desktop\pw_v2\frontend\node_modules\react-dom\cjs\react-dom.development.js:15486:18)
    at updateFunctionComponent (C:\Users\tanne\Desktop\pw_v2\frontend\node_modules\react-dom\cjs\react-dom.development.js:19617:20)
    at updateSimpleMemoComponent (C:\Users\tanne\Desktop\pw_v2\frontend\node_modules\react-dom\cjs\react-dom.development.js:19454:10)
    at updateMemoComponent (C:\Users\tanne\Desktop\pw_v2\frontend\node_modules\react-dom\cjs\react-dom.development.js:19303:14)
    at beginWork (C:\Users\tanne\Desktop\pw_v2\frontend\node_modules\react-dom\cjs\react-dom.development.js:21712:16)
    at HTMLUnknownElement.callCallback (C:\Users\tanne\Desktop\pw_v2\frontend\node_modules\react-dom\cjs\react-dom.development.js:4164:14)
    at HTMLUnknownElement.callTheUserObjectsOperation (C:\Users\tanne\Desktop\pw_v2\frontend\node_modules\jsdom\lib\jsdom\living\generated\EventListener.js:26:30)
    at innerInvokeEventListeners (C:\Users\tanne\Desktop\pw_v2\frontend\node_modules\jsdom\lib\jsdom\living\events\EventTarget-impl.js:360:16)
Error: useAuth must be used within an AuthProvider
    at useAuth (C:/Users/tanne/Desktop/pw_v2/frontend/src/contexts/AuthContext.jsx:17:11)
    at DiplomaPage (C:/Users/tanne/Desktop/pw_v2/frontend/src/pages/DiplomaPage.jsx:27:36)
    at renderWithHooks (C:\Users\tanne\Desktop\pw_v2\frontend\node_modules\react-dom\cjs\react-dom.development.js:15486:18)
    at updateFunctionComponent (C:\Users\tanne\Desktop\pw_v2\frontend\node_modules\react-dom\cjs\react-dom.development.js:19617:20)
    at updateSimpleMemoComponent (C:\Users\tanne\Desktop\pw_v2\frontend\node_modules\react-dom\cjs\react-dom.development.js:19454:10)
    at updateMemoComponent (C:\Users\tanne\Desktop\pw_v2\frontend\node_modules\react-dom\cjs\react-dom.development.js:19303:14)
    at beginWork (C:\Users\tanne\Desktop\pw_v2\frontend\node_modules\react-dom\cjs\react-dom.development.js:21712:16)
    at HTMLUnknownElement.callCallback (C:\Users\tanne\Desktop\pw_v2\frontend\node_modules\react-dom\cjs\react-dom.development.js:4164:14)
    at HTMLUnknownElement.callTheUserObjectsOperation (C:\Users\tanne\Desktop\pw_v2\frontend\node_modules\jsdom\lib\jsdom\living\generated\EventListener.js:26:30)
    at innerInvokeEventListeners (C:\Users\tanne\Desktop\pw_v2\frontend\node_modules\jsdom\lib\jsdom\living\events\EventTarget-impl.js:360:16)
[90mstderr[2m | src/pages/DiplomaPage.test.jsx[2m > [22m[2mDiplomaPage[2m > [22m[2mBadge Display[2m > [22m[2mcloses badges modal when close button is clicked
[22m[39mThe above error occurred in the <DiplomaPage> component:

    at DiplomaPage (C:/Users/tanne/Desktop/pw_v2/frontend/src/pages/DiplomaPage.jsx:43:69)
    at OrganizationProvider (C:/Users/tanne/Desktop/pw_v2/frontend/src/contexts/OrganizationContext.jsx:17:33)
    at MockAuthProvider (C:/Users/tanne/Desktop/pw_v2/frontend/src/tests/test-utils.jsx:22:29)
    at Router (C:\Users\tanne\Desktop\pw_v2\frontend\node_modules\react-router\dist\umd\react-router.development.js:1207:17)
    at BrowserRouter (C:\Users\tanne\Desktop\pw_v2\frontend\node_modules\react-router-dom\dist\umd\react-router-dom.development.js:695:7)
    at QueryClientProvider (file:///C:/Users/tanne/Desktop/pw_v2/frontend/node_modules/@tanstack/react-query/build/modern/QueryClientProvider.js:20:3)
    at Wrapper (C:/Users/tanne/Desktop/pw_v2/frontend/src/tests/test-utils.jsx:60:22)

Consider adding an error boundary to your tree to customize error handling behavior.
Visit https://reactjs.org/link/error-boundaries to learn more about error boundaries.

Error: useAuth must be used within an AuthProvider
    at useAuth (C:/Users/tanne/Desktop/pw_v2/frontend/src/contexts/AuthContext.jsx:17:11)
    at DiplomaPage (C:/Users/tanne/Desktop/pw_v2/frontend/src/pages/DiplomaPage.jsx:27:36)
    at renderWithHooks (C:\Users\tanne\Desktop\pw_v2\frontend\node_modules\react-dom\cjs\react-dom.development.js:15486:18)
    at updateFunctionComponent (C:\Users\tanne\Desktop\pw_v2\frontend\node_modules\react-dom\cjs\react-dom.development.js:19617:20)
    at updateSimpleMemoComponent (C:\Users\tanne\Desktop\pw_v2\frontend\node_modules\react-dom\cjs\react-dom.development.js:19454:10)
    at updateMemoComponent (C:\Users\tanne\Desktop\pw_v2\frontend\node_modules\react-dom\cjs\react-dom.development.js:19303:14)
    at beginWork (C:\Users\tanne\Desktop\pw_v2\frontend\node_modules\react-dom\cjs\react-dom.development.js:21712:16)
    at HTMLUnknownElement.callCallback (C:\Users\tanne\Desktop\pw_v2\frontend\node_modules\react-dom\cjs\react-dom.development.js:4164:14)
    at HTMLUnknownElement.callTheUserObjectsOperation (C:\Users\tanne\Desktop\pw_v2\frontend\node_modules\jsdom\lib\jsdom\living\generated\EventListener.js:26:30)
    at innerInvokeEventListeners (C:\Users\tanne\Desktop\pw_v2\frontend\node_modules\jsdom\lib\jsdom\living\events\EventTarget-impl.js:360:16)
Error: useAuth must be used within an AuthProvider
    at useAuth (C:/Users/tanne/Desktop/pw_v2/frontend/src/contexts/AuthContext.jsx:17:11)
    at DiplomaPage (C:/Users/tanne/Desktop/pw_v2/frontend/src/pages/DiplomaPage.jsx:27:36)
    at renderWithHooks (C:\Users\tanne\Desktop\pw_v2\frontend\node_modules\react-dom\cjs\react-dom.development.js:15486:18)
    at updateFunctionComponent (C:\Users\tanne\Desktop\pw_v2\frontend\node_modules\react-dom\cjs\react-dom.development.js:19617:20)
    at updateSimpleMemoComponent (C:\Users\tanne\Desktop\pw_v2\frontend\node_modules\react-dom\cjs\react-dom.development.js:19454:10)
    at updateMemoComponent (C:\Users\tanne\Desktop\pw_v2\frontend\node_modules\react-dom\cjs\react-dom.development.js:19303:14)
    at beginWork (C:\Users\tanne\Desktop\pw_v2\frontend\node_modules\react-dom\cjs\react-dom.development.js:21712:16)
    at HTMLUnknownElement.callCallback (C:\Users\tanne\Desktop\pw_v2\frontend\node_modules\react-dom\cjs\react-dom.development.js:4164:14)
    at HTMLUnknownElement.callTheUserObjectsOperation (C:\Users\tanne\Desktop\pw_v2\frontend\node_modules\jsdom\lib\jsdom\living\generated\EventListener.js:26:30)
    at innerInvokeEventListeners (C:\Users\tanne\Desktop\pw_v2\frontend\node_modules\jsdom\lib\jsdom\living\events\EventTarget-impl.js:360:16)
[90mstderr[2m | src/pages/DiplomaPage.test.jsx[2m > [22m[2mDiplomaPage[2m > [22m[2mBadge Display[2m > [22m[2mdisplays empty state when no badges earned (owner view)
[22m[39mThe above error occurred in the <DiplomaPage> component:

    at DiplomaPage (C:/Users/tanne/Desktop/pw_v2/frontend/src/pages/DiplomaPage.jsx:43:69)
    at OrganizationProvider (C:/Users/tanne/Desktop/pw_v2/frontend/src/contexts/OrganizationContext.jsx:17:33)
    at MockAuthProvider (C:/Users/tanne/Desktop/pw_v2/frontend/src/tests/test-utils.jsx:22:29)
    at Router (C:\Users\tanne\Desktop\pw_v2\frontend\node_modules\react-router\dist\umd\react-router.development.js:1207:17)
    at BrowserRouter (C:\Users\tanne\Desktop\pw_v2\frontend\node_modules\react-router-dom\dist\umd\react-router-dom.development.js:695:7)
    at QueryClientProvider (file:///C:/Users/tanne/Desktop/pw_v2/frontend/node_modules/@tanstack/react-query/build/modern/QueryClientProvider.js:20:3)
    at Wrapper (C:/Users/tanne/Desktop/pw_v2/frontend/src/tests/test-utils.jsx:60:22)

Consider adding an error boundary to your tree to customize error handling behavior.
Visit https://reactjs.org/link/error-boundaries to learn more about error boundaries.

Error: useAuth must be used within an AuthProvider
    at useAuth (C:/Users/tanne/Desktop/pw_v2/frontend/src/contexts/AuthContext.jsx:17:11)
    at DiplomaPage (C:/Users/tanne/Desktop/pw_v2/frontend/src/pages/DiplomaPage.jsx:27:36)
    at renderWithHooks (C:\Users\tanne\Desktop\pw_v2\frontend\node_modules\react-dom\cjs\react-dom.development.js:15486:18)
    at updateFunctionComponent (C:\Users\tanne\Desktop\pw_v2\frontend\node_modules\react-dom\cjs\react-dom.development.js:19617:20)
    at updateSimpleMemoComponent (C:\Users\tanne\Desktop\pw_v2\frontend\node_modules\react-dom\cjs\react-dom.development.js:19454:10)
    at updateMemoComponent (C:\Users\tanne\Desktop\pw_v2\frontend\node_modules\react-dom\cjs\react-dom.development.js:19303:14)
    at beginWork (C:\Users\tanne\Desktop\pw_v2\frontend\node_modules\react-dom\cjs\react-dom.development.js:21712:16)
    at HTMLUnknownElement.callCallback (C:\Users\tanne\Desktop\pw_v2\frontend\node_modules\react-dom\cjs\react-dom.development.js:4164:14)
    at HTMLUnknownElement.callTheUserObjectsOperation (C:\Users\tanne\Desktop\pw_v2\frontend\node_modules\jsdom\lib\jsdom\living\generated\EventListener.js:26:30)
    at innerInvokeEventListeners (C:\Users\tanne\Desktop\pw_v2\frontend\node_modules\jsdom\lib\jsdom\living\events\EventTarget-impl.js:360:16)
Error: useAuth must be used within an AuthProvider
    at useAuth (C:/Users/tanne/Desktop/pw_v2/frontend/src/contexts/AuthContext.jsx:17:11)
    at DiplomaPage (C:/Users/tanne/Desktop/pw_v2/frontend/src/pages/DiplomaPage.jsx:27:36)
    at renderWithHooks (C:\Users\tanne\Desktop\pw_v2\frontend\node_modules\react-dom\cjs\react-dom.development.js:15486:18)
    at updateFunctionComponent (C:\Users\tanne\Desktop\pw_v2\frontend\node_modules\react-dom\cjs\react-dom.development.js:19617:20)
    at updateSimpleMemoComponent (C:\Users\tanne\Desktop\pw_v2\frontend\node_modules\react-dom\cjs\react-dom.development.js:19454:10)
    at updateMemoComponent (C:\Users\tanne\Desktop\pw_v2\frontend\node_modules\react-dom\cjs\react-dom.development.js:19303:14)
    at beginWork (C:\Users\tanne\Desktop\pw_v2\frontend\node_modules\react-dom\cjs\react-dom.development.js:21712:16)
    at HTMLUnknownElement.callCallback (C:\Users\tanne\Desktop\pw_v2\frontend\node_modules\react-dom\cjs\react-dom.development.js:4164:14)
    at HTMLUnknownElement.callTheUserObjectsOperation (C:\Users\tanne\Desktop\pw_v2\frontend\node_modules\jsdom\lib\jsdom\living\generated\EventListener.js:26:30)
    at innerInvokeEventListeners (C:\Users\tanne\Desktop\pw_v2\frontend\node_modules\jsdom\lib\jsdom\living\events\EventTarget-impl.js:360:16)
[90mstderr[2m | src/pages/DiplomaPage.test.jsx[2m > [22m[2mDiplomaPage[2m > [22m[2mBadge Display[2m > [22m[2mdisplays empty state when no badges earned (public view)
[22m[39mThe above error occurred in the <DiplomaPage> component:

    at DiplomaPage (C:/Users/tanne/Desktop/pw_v2/frontend/src/pages/DiplomaPage.jsx:43:69)
    at OrganizationProvider (C:/Users/tanne/Desktop/pw_v2/frontend/src/contexts/OrganizationContext.jsx:17:33)
    at MockAuthProvider (C:/Users/tanne/Desktop/pw_v2/frontend/src/tests/test-utils.jsx:22:29)
    at Router (C:\Users\tanne\Desktop\pw_v2\frontend\node_modules\react-router\dist\umd\react-router.development.js:1207:17)
    at BrowserRouter (C:\Users\tanne\Desktop\pw_v2\frontend\node_modules\react-router-dom\dist\umd\react-router-dom.development.js:695:7)
    at QueryClientProvider (file:///C:/Users/tanne/Desktop/pw_v2/frontend/node_modules/@tanstack/react-query/build/modern/QueryClientProvider.js:20:3)
    at Wrapper (C:/Users/tanne/Desktop/pw_v2/frontend/src/tests/test-utils.jsx:60:22)

Consider adding an error boundary to your tree to customize error handling behavior.
Visit https://reactjs.org/link/error-boundaries to learn more about error boundaries.

Error: useAuth must be used within an AuthProvider
    at useAuth (C:/Users/tanne/Desktop/pw_v2/frontend/src/contexts/AuthContext.jsx:17:11)
    at DiplomaPage (C:/Users/tanne/Desktop/pw_v2/frontend/src/pages/DiplomaPage.jsx:27:36)
    at renderWithHooks (C:\Users\tanne\Desktop\pw_v2\frontend\node_modules\react-dom\cjs\react-dom.development.js:15486:18)
    at updateFunctionComponent (C:\Users\tanne\Desktop\pw_v2\frontend\node_modules\react-dom\cjs\react-dom.development.js:19617:20)
    at updateSimpleMemoComponent (C:\Users\tanne\Desktop\pw_v2\frontend\node_modules\react-dom\cjs\react-dom.development.js:19454:10)
    at updateMemoComponent (C:\Users\tanne\Desktop\pw_v2\frontend\node_modules\react-dom\cjs\react-dom.development.js:19303:14)
    at beginWork (C:\Users\tanne\Desktop\pw_v2\frontend\node_modules\react-dom\cjs\react-dom.development.js:21712:16)
    at HTMLUnknownElement.callCallback (C:\Users\tanne\Desktop\pw_v2\frontend\node_modules\react-dom\cjs\react-dom.development.js:4164:14)
    at HTMLUnknownElement.callTheUserObjectsOperation (C:\Users\tanne\Desktop\pw_v2\frontend\node_modules\jsdom\lib\jsdom\living\generated\EventListener.js:26:30)
    at innerInvokeEventListeners (C:\Users\tanne\Desktop\pw_v2\frontend\node_modules\jsdom\lib\jsdom\living\events\EventTarget-impl.js:360:16)
Error: useAuth must be used within an AuthProvider
    at useAuth (C:/Users/tanne/Desktop/pw_v2/frontend/src/contexts/AuthContext.jsx:17:11)
    at DiplomaPage (C:/Users/tanne/Desktop/pw_v2/frontend/src/pages/DiplomaPage.jsx:27:36)
    at renderWithHooks (C:\Users\tanne\Desktop\pw_v2\frontend\node_modules\react-dom\cjs\react-dom.development.js:15486:18)
    at updateFunctionComponent (C:\Users\tanne\Desktop\pw_v2\frontend\node_modules\react-dom\cjs\react-dom.development.js:19617:20)
    at updateSimpleMemoComponent (C:\Users\tanne\Desktop\pw_v2\frontend\node_modules\react-dom\cjs\react-dom.development.js:19454:10)
    at updateMemoComponent (C:\Users\tanne\Desktop\pw_v2\frontend\node_modules\react-dom\cjs\react-dom.development.js:19303:14)
    at beginWork (C:\Users\tanne\Desktop\pw_v2\frontend\node_modules\react-dom\cjs\react-dom.development.js:21712:16)
    at HTMLUnknownElement.callCallback (C:\Users\tanne\Desktop\pw_v2\frontend\node_modules\react-dom\cjs\react-dom.development.js:4164:14)
    at HTMLUnknownElement.callTheUserObjectsOperation (C:\Users\tanne\Desktop\pw_v2\frontend\node_modules\jsdom\lib\jsdom\living\generated\EventListener.js:26:30)
    at innerInvokeEventListeners (C:\Users\tanne\Desktop\pw_v2\frontend\node_modules\jsdom\lib\jsdom\living\events\EventTarget-impl.js:360:16)
[90mstderr[2m | src/pages/DiplomaPage.test.jsx[2m > [22m[2mDiplomaPage[2m > [22m[2mBadge Display[2m > [22m[2mfilters to only show earned badges in modal
[22m[39mThe above error occurred in the <DiplomaPage> component:

    at DiplomaPage (C:/Users/tanne/Desktop/pw_v2/frontend/src/pages/DiplomaPage.jsx:43:69)
    at OrganizationProvider (C:/Users/tanne/Desktop/pw_v2/frontend/src/contexts/OrganizationContext.jsx:17:33)
    at MockAuthProvider (C:/Users/tanne/Desktop/pw_v2/frontend/src/tests/test-utils.jsx:22:29)
    at Router (C:\Users\tanne\Desktop\pw_v2\frontend\node_modules\react-router\dist\umd\react-router.development.js:1207:17)
    at BrowserRouter (C:\Users\tanne\Desktop\pw_v2\frontend\node_modules\react-router-dom\dist\umd\react-router-dom.development.js:695:7)
    at QueryClientProvider (file:///C:/Users/tanne/Desktop/pw_v2/frontend/node_modules/@tanstack/react-query/build/modern/QueryClientProvider.js:20:3)
    at Wrapper (C:/Users/tanne/Desktop/pw_v2/frontend/src/tests/test-utils.jsx:60:22)

Consider adding an error boundary to your tree to customize error handling behavior.
Visit https://reactjs.org/link/error-boundaries to learn more about error boundaries.

Error: useAuth must be used within an AuthProvider
    at useAuth (C:/Users/tanne/Desktop/pw_v2/frontend/src/contexts/AuthContext.jsx:17:11)
    at DiplomaPage (C:/Users/tanne/Desktop/pw_v2/frontend/src/pages/DiplomaPage.jsx:27:36)
    at renderWithHooks (C:\Users\tanne\Desktop\pw_v2\frontend\node_modules\react-dom\cjs\react-dom.development.js:15486:18)
    at updateFunctionComponent (C:\Users\tanne\Desktop\pw_v2\frontend\node_modules\react-dom\cjs\react-dom.development.js:19617:20)
    at updateSimpleMemoComponent (C:\Users\tanne\Desktop\pw_v2\frontend\node_modules\react-dom\cjs\react-dom.development.js:19454:10)
    at updateMemoComponent (C:\Users\tanne\Desktop\pw_v2\frontend\node_modules\react-dom\cjs\react-dom.development.js:19303:14)
    at beginWork (C:\Users\tanne\Desktop\pw_v2\frontend\node_modules\react-dom\cjs\react-dom.development.js:21712:16)
    at HTMLUnknownElement.callCallback (C:\Users\tanne\Desktop\pw_v2\frontend\node_modules\react-dom\cjs\react-dom.development.js:4164:14)
    at HTMLUnknownElement.callTheUserObjectsOperation (C:\Users\tanne\Desktop\pw_v2\frontend\node_modules\jsdom\lib\jsdom\living\generated\EventListener.js:26:30)
    at innerInvokeEventListeners (C:\Users\tanne\Desktop\pw_v2\frontend\node_modules\jsdom\lib\jsdom\living\events\EventTarget-impl.js:360:16)
Error: useAuth must be used within an AuthProvider
    at useAuth (C:/Users/tanne/Desktop/pw_v2/frontend/src/contexts/AuthContext.jsx:17:11)
    at DiplomaPage (C:/Users/tanne/Desktop/pw_v2/frontend/src/pages/DiplomaPage.jsx:27:36)
    at renderWithHooks (C:\Users\tanne\Desktop\pw_v2\frontend\node_modules\react-dom\cjs\react-dom.development.js:15486:18)
    at updateFunctionComponent (C:\Users\tanne\Desktop\pw_v2\frontend\node_modules\react-dom\cjs\react-dom.development.js:19617:20)
    at updateSimpleMemoComponent (C:\Users\tanne\Desktop\pw_v2\frontend\node_modules\react-dom\cjs\react-dom.development.js:19454:10)
    at updateMemoComponent (C:\Users\tanne\Desktop\pw_v2\frontend\node_modules\react-dom\cjs\react-dom.development.js:19303:14)
    at beginWork (C:\Users\tanne\Desktop\pw_v2\frontend\node_modules\react-dom\cjs\react-dom.development.js:21712:16)
    at HTMLUnknownElement.callCallback (C:\Users\tanne\Desktop\pw_v2\frontend\node_modules\react-dom\cjs\react-dom.development.js:4164:14)
    at HTMLUnknownElement.callTheUserObjectsOperation (C:\Users\tanne\Desktop\pw_v2\frontend\node_modules\jsdom\lib\jsdom\living\generated\EventListener.js:26:30)
    at innerInvokeEventListeners (C:\Users\tanne\Desktop\pw_v2\frontend\node_modules\jsdom\lib\jsdom\living\events\EventTarget-impl.js:360:16)
[90mstderr[2m | src/pages/DiplomaPage.test.jsx[2m > [22m[2mDiplomaPage[2m > [22m[2mBadge Display[2m > [22m[2mdisplays badge count correctly in sidebar
[22m[39mThe above error occurred in the <DiplomaPage> component:

    at DiplomaPage (C:/Users/tanne/Desktop/pw_v2/frontend/src/pages/DiplomaPage.jsx:43:69)
    at OrganizationProvider (C:/Users/tanne/Desktop/pw_v2/frontend/src/contexts/OrganizationContext.jsx:17:33)
    at MockAuthProvider (C:/Users/tanne/Desktop/pw_v2/frontend/src/tests/test-utils.jsx:22:29)
    at Router (C:\Users\tanne\Desktop\pw_v2\frontend\node_modules\react-router\dist\umd\react-router.development.js:1207:17)
    at BrowserRouter (C:\Users\tanne\Desktop\pw_v2\frontend\node_modules\react-router-dom\dist\umd\react-router-dom.development.js:695:7)
    at QueryClientProvider (file:///C:/Users/tanne/Desktop/pw_v2/frontend/node_modules/@tanstack/react-query/build/modern/QueryClientProvider.js:20:3)
    at Wrapper (C:/Users/tanne/Desktop/pw_v2/frontend/src/tests/test-utils.jsx:60:22)

Consider adding an error boundary to your tree to customize error handling behavior.
Visit https://reactjs.org/link/error-boundaries to learn more about error boundaries.

Error: useAuth must be used within an AuthProvider
    at useAuth (C:/Users/tanne/Desktop/pw_v2/frontend/src/contexts/AuthContext.jsx:17:11)
    at DiplomaPage (C:/Users/tanne/Desktop/pw_v2/frontend/src/pages/DiplomaPage.jsx:27:36)
    at renderWithHooks (C:\Users\tanne\Desktop\pw_v2\frontend\node_modules\react-dom\cjs\react-dom.development.js:15486:18)
    at updateFunctionComponent (C:\Users\tanne\Desktop\pw_v2\frontend\node_modules\react-dom\cjs\react-dom.development.js:19617:20)
    at updateSimpleMemoComponent (C:\Users\tanne\Desktop\pw_v2\frontend\node_modules\react-dom\cjs\react-dom.development.js:19454:10)
    at updateMemoComponent (C:\Users\tanne\Desktop\pw_v2\frontend\node_modules\react-dom\cjs\react-dom.development.js:19303:14)
    at beginWork (C:\Users\tanne\Desktop\pw_v2\frontend\node_modules\react-dom\cjs\react-dom.development.js:21712:16)
    at HTMLUnknownElement.callCallback (C:\Users\tanne\Desktop\pw_v2\frontend\node_modules\react-dom\cjs\react-dom.development.js:4164:14)
    at HTMLUnknownElement.callTheUserObjectsOperation (C:\Users\tanne\Desktop\pw_v2\frontend\node_modules\jsdom\lib\jsdom\living\generated\EventListener.js:26:30)
    at innerInvokeEventListeners (C:\Users\tanne\Desktop\pw_v2\frontend\node_modules\jsdom\lib\jsdom\living\events\EventTarget-impl.js:360:16)
Error: useAuth must be used within an AuthProvider
    at useAuth (C:/Users/tanne/Desktop/pw_v2/frontend/src/contexts/AuthContext.jsx:17:11)
    at DiplomaPage (C:/Users/tanne/Desktop/pw_v2/frontend/src/pages/DiplomaPage.jsx:27:36)
    at renderWithHooks (C:\Users\tanne\Desktop\pw_v2\frontend\node_modules\react-dom\cjs\react-dom.development.js:15486:18)
    at updateFunctionComponent (C:\Users\tanne\Desktop\pw_v2\frontend\node_modules\react-dom\cjs\react-dom.development.js:19617:20)
    at updateSimpleMemoComponent (C:\Users\tanne\Desktop\pw_v2\frontend\node_modules\react-dom\cjs\react-dom.development.js:19454:10)
    at updateMemoComponent (C:\Users\tanne\Desktop\pw_v2\frontend\node_modules\react-dom\cjs\react-dom.development.js:19303:14)
    at beginWork (C:\Users\tanne\Desktop\pw_v2\frontend\node_modules\react-dom\cjs\react-dom.development.js:21712:16)
    at HTMLUnknownElement.callCallback (C:\Users\tanne\Desktop\pw_v2\frontend\node_modules\react-dom\cjs\react-dom.development.js:4164:14)
    at HTMLUnknownElement.callTheUserObjectsOperation (C:\Users\tanne\Desktop\pw_v2\frontend\node_modules\jsdom\lib\jsdom\living\generated\EventListener.js:26:30)
    at innerInvokeEventListeners (C:\Users\tanne\Desktop\pw_v2\frontend\node_modules\jsdom\lib\jsdom\living\events\EventTarget-impl.js:360:16)
[90mstderr[2m | src/pages/DiplomaPage.test.jsx[2m > [22m[2mDiplomaPage[2m > [22m[2mBadge Display[2m > [22m[2mhandles badge API failure gracefully
[22m[39mThe above error occurred in the <DiplomaPage> component:

    at DiplomaPage (C:/Users/tanne/Desktop/pw_v2/frontend/src/pages/DiplomaPage.jsx:43:69)
    at OrganizationProvider (C:/Users/tanne/Desktop/pw_v2/frontend/src/contexts/OrganizationContext.jsx:17:33)
    at MockAuthProvider (C:/Users/tanne/Desktop/pw_v2/frontend/src/tests/test-utils.jsx:22:29)
    at Router (C:\Users\tanne\Desktop\pw_v2\frontend\node_modules\react-router\dist\umd\react-router.development.js:1207:17)
    at BrowserRouter (C:\Users\tanne\Desktop\pw_v2\frontend\node_modules\react-router-dom\dist\umd\react-router-dom.development.js:695:7)
    at QueryClientProvider (file:///C:/Users/tanne/Desktop/pw_v2/frontend/node_modules/@tanstack/react-query/build/modern/QueryClientProvider.js:20:3)
    at Wrapper (C:/Users/tanne/Desktop/pw_v2/frontend/src/tests/test-utils.jsx:60:22)

Consider adding an error boundary to your tree to customize error handling behavior.
Visit https://reactjs.org/link/error-boundaries to learn more about error boundaries.

Error: useAuth must be used within an AuthProvider
    at useAuth (C:/Users/tanne/Desktop/pw_v2/frontend/src/contexts/AuthContext.jsx:17:11)
    at DiplomaPage (C:/Users/tanne/Desktop/pw_v2/frontend/src/pages/DiplomaPage.jsx:27:36)
    at renderWithHooks (C:\Users\tanne\Desktop\pw_v2\frontend\node_modules\react-dom\cjs\react-dom.development.js:15486:18)
    at updateFunctionComponent (C:\Users\tanne\Desktop\pw_v2\frontend\node_modules\react-dom\cjs\react-dom.development.js:19617:20)
    at updateSimpleMemoComponent (C:\Users\tanne\Desktop\pw_v2\frontend\node_modules\react-dom\cjs\react-dom.development.js:19454:10)
    at updateMemoComponent (C:\Users\tanne\Desktop\pw_v2\frontend\node_modules\react-dom\cjs\react-dom.development.js:19303:14)
    at beginWork (C:\Users\tanne\Desktop\pw_v2\frontend\node_modules\react-dom\cjs\react-dom.development.js:21712:16)
    at HTMLUnknownElement.callCallback (C:\Users\tanne\Desktop\pw_v2\frontend\node_modules\react-dom\cjs\react-dom.development.js:4164:14)
    at HTMLUnknownElement.callTheUserObjectsOperation (C:\Users\tanne\Desktop\pw_v2\frontend\node_modules\jsdom\lib\jsdom\living\generated\EventListener.js:26:30)
    at innerInvokeEventListeners (C:\Users\tanne\Desktop\pw_v2\frontend\node_modules\jsdom\lib\jsdom\living\events\EventTarget-impl.js:360:16)
Error: useAuth must be used within an AuthProvider
    at useAuth (C:/Users/tanne/Desktop/pw_v2/frontend/src/contexts/AuthContext.jsx:17:11)
    at DiplomaPage (C:/Users/tanne/Desktop/pw_v2/frontend/src/pages/DiplomaPage.jsx:27:36)
    at renderWithHooks (C:\Users\tanne\Desktop\pw_v2\frontend\node_modules\react-dom\cjs\react-dom.development.js:15486:18)
    at updateFunctionComponent (C:\Users\tanne\Desktop\pw_v2\frontend\node_modules\react-dom\cjs\react-dom.development.js:19617:20)
    at updateSimpleMemoComponent (C:\Users\tanne\Desktop\pw_v2\frontend\node_modules\react-dom\cjs\react-dom.development.js:19454:10)
    at updateMemoComponent (C:\Users\tanne\Desktop\pw_v2\frontend\node_modules\react-dom\cjs\react-dom.development.js:19303:14)
    at beginWork (C:\Users\tanne\Desktop\pw_v2\frontend\node_modules\react-dom\cjs\react-dom.development.js:21712:16)
    at HTMLUnknownElement.callCallback (C:\Users\tanne\Desktop\pw_v2\frontend\node_modules\react-dom\cjs\react-dom.development.js:4164:14)
    at HTMLUnknownElement.callTheUserObjectsOperation (C:\Users\tanne\Desktop\pw_v2\frontend\node_modules\jsdom\lib\jsdom\living\generated\EventListener.js:26:30)
    at innerInvokeEventListeners (C:\Users\tanne\Desktop\pw_v2\frontend\node_modules\jsdom\lib\jsdom\living\events\EventTarget-impl.js:360:16)
[90mstderr[2m | src/pages/DiplomaPage.test.jsx[2m > [22m[2mDiplomaPage[2m > [22m[2mBadge Display[2m > [22m[2mdisplays badge modal description text
[22m[39mThe above error occurred in the <DiplomaPage> component:

    at DiplomaPage (C:/Users/tanne/Desktop/pw_v2/frontend/src/pages/DiplomaPage.jsx:43:69)
    at OrganizationProvider (C:/Users/tanne/Desktop/pw_v2/frontend/src/contexts/OrganizationContext.jsx:17:33)
    at MockAuthProvider (C:/Users/tanne/Desktop/pw_v2/frontend/src/tests/test-utils.jsx:22:29)
    at Router (C:\Users\tanne\Desktop\pw_v2\frontend\node_modules\react-router\dist\umd\react-router.development.js:1207:17)
    at BrowserRouter (C:\Users\tanne\Desktop\pw_v2\frontend\node_modules\react-router-dom\dist\umd\react-router-dom.development.js:695:7)
    at QueryClientProvider (file:///C:/Users/tanne/Desktop/pw_v2/frontend/node_modules/@tanstack/react-query/build/modern/QueryClientProvider.js:20:3)
    at Wrapper (C:/Users/tanne/Desktop/pw_v2/frontend/src/tests/test-utils.jsx:60:22)

Consider adding an error boundary to your tree to customize error handling behavior.
Visit https://reactjs.org/link/error-boundaries to learn more about error boundaries.

Error: useAuth must be used within an AuthProvider
    at useAuth (C:/Users/tanne/Desktop/pw_v2/frontend/src/contexts/AuthContext.jsx:17:11)
    at DiplomaPage (C:/Users/tanne/Desktop/pw_v2/frontend/src/pages/DiplomaPage.jsx:27:36)
    at renderWithHooks (C:\Users\tanne\Desktop\pw_v2\frontend\node_modules\react-dom\cjs\react-dom.development.js:15486:18)
    at updateFunctionComponent (C:\Users\tanne\Desktop\pw_v2\frontend\node_modules\react-dom\cjs\react-dom.development.js:19617:20)
    at updateSimpleMemoComponent (C:\Users\tanne\Desktop\pw_v2\frontend\node_modules\react-dom\cjs\react-dom.development.js:19454:10)
    at updateMemoComponent (C:\Users\tanne\Desktop\pw_v2\frontend\node_modules\react-dom\cjs\react-dom.development.js:19303:14)
    at beginWork (C:\Users\tanne\Desktop\pw_v2\frontend\node_modules\react-dom\cjs\react-dom.development.js:21712:16)
    at HTMLUnknownElement.callCallback (C:\Users\tanne\Desktop\pw_v2\frontend\node_modules\react-dom\cjs\react-dom.development.js:4164:14)
    at HTMLUnknownElement.callTheUserObjectsOperation (C:\Users\tanne\Desktop\pw_v2\frontend\node_modules\jsdom\lib\jsdom\living\generated\EventListener.js:26:30)
    at innerInvokeEventListeners (C:\Users\tanne\Desktop\pw_v2\frontend\node_modules\jsdom\lib\jsdom\living\events\EventTarget-impl.js:360:16)
Error: useAuth must be used within an AuthProvider
    at useAuth (C:/Users/tanne/Desktop/pw_v2/frontend/src/contexts/AuthContext.jsx:17:11)
    at DiplomaPage (C:/Users/tanne/Desktop/pw_v2/frontend/src/pages/DiplomaPage.jsx:27:36)
    at renderWithHooks (C:\Users\tanne\Desktop\pw_v2\frontend\node_modules\react-dom\cjs\react-dom.development.js:15486:18)
    at updateFunctionComponent (C:\Users\tanne\Desktop\pw_v2\frontend\node_modules\react-dom\cjs\react-dom.development.js:19617:20)
    at updateSimpleMemoComponent (C:\Users\tanne\Desktop\pw_v2\frontend\node_modules\react-dom\cjs\react-dom.development.js:19454:10)
    at updateMemoComponent (C:\Users\tanne\Desktop\pw_v2\frontend\node_modules\react-dom\cjs\react-dom.development.js:19303:14)
    at beginWork (C:\Users\tanne\Desktop\pw_v2\frontend\node_modules\react-dom\cjs\react-dom.development.js:21712:16)
    at HTMLUnknownElement.callCallback (C:\Users\tanne\Desktop\pw_v2\frontend\node_modules\react-dom\cjs\react-dom.development.js:4164:14)
    at HTMLUnknownElement.callTheUserObjectsOperation (C:\Users\tanne\Desktop\pw_v2\frontend\node_modules\jsdom\lib\jsdom\living\generated\EventListener.js:26:30)
    at innerInvokeEventListeners (C:\Users\tanne\Desktop\pw_v2\frontend\node_modules\jsdom\lib\jsdom\living\events\EventTarget-impl.js:360:16)
[90mstderr[2m | src/pages/DiplomaPage.test.jsx[2m > [22m[2mDiplomaPage[2m > [22m[2mBadge Display[2m > [22m[2mcloses badges modal when clicking backdrop
[22m[39mThe above error occurred in the <DiplomaPage> component:

    at DiplomaPage (C:/Users/tanne/Desktop/pw_v2/frontend/src/pages/DiplomaPage.jsx:43:69)
    at OrganizationProvider (C:/Users/tanne/Desktop/pw_v2/frontend/src/contexts/OrganizationContext.jsx:17:33)
    at MockAuthProvider (C:/Users/tanne/Desktop/pw_v2/frontend/src/tests/test-utils.jsx:22:29)
    at Router (C:\Users\tanne\Desktop\pw_v2\frontend\node_modules\react-router\dist\umd\react-router.development.js:1207:17)
    at BrowserRouter (C:\Users\tanne\Desktop\pw_v2\frontend\node_modules\react-router-dom\dist\umd\react-router-dom.development.js:695:7)
    at QueryClientProvider (file:///C:/Users/tanne/Desktop/pw_v2/frontend/node_modules/@tanstack/react-query/build/modern/QueryClientProvider.js:20:3)
    at Wrapper (C:/Users/tanne/Desktop/pw_v2/frontend/src/tests/test-utils.jsx:60:22)

Consider adding an error boundary to your tree to customize error handling behavior.
Visit https://reactjs.org/link/error-boundaries to learn more about error boundaries.

Error: useAuth must be used within an AuthProvider
    at useAuth (C:/Users/tanne/Desktop/pw_v2/frontend/src/contexts/AuthContext.jsx:17:11)
    at DiplomaPage (C:/Users/tanne/Desktop/pw_v2/frontend/src/pages/DiplomaPage.jsx:27:36)
    at renderWithHooks (C:\Users\tanne\Desktop\pw_v2\frontend\node_modules\react-dom\cjs\react-dom.development.js:15486:18)
    at updateFunctionComponent (C:\Users\tanne\Desktop\pw_v2\frontend\node_modules\react-dom\cjs\react-dom.development.js:19617:20)
    at updateSimpleMemoComponent (C:\Users\tanne\Desktop\pw_v2\frontend\node_modules\react-dom\cjs\react-dom.development.js:19454:10)
    at updateMemoComponent (C:\Users\tanne\Desktop\pw_v2\frontend\node_modules\react-dom\cjs\react-dom.development.js:19303:14)
    at beginWork (C:\Users\tanne\Desktop\pw_v2\frontend\node_modules\react-dom\cjs\react-dom.development.js:21712:16)
    at HTMLUnknownElement.callCallback (C:\Users\tanne\Desktop\pw_v2\frontend\node_modules\react-dom\cjs\react-dom.development.js:4164:14)
    at HTMLUnknownElement.callTheUserObjectsOperation (C:\Users\tanne\Desktop\pw_v2\frontend\node_modules\jsdom\lib\jsdom\living\generated\EventListener.js:26:30)
    at innerInvokeEventListeners (C:\Users\tanne\Desktop\pw_v2\frontend\node_modules\jsdom\lib\jsdom\living\events\EventTarget-impl.js:360:16)
Error: useAuth must be used within an AuthProvider
    at useAuth (C:/Users/tanne/Desktop/pw_v2/frontend/src/contexts/AuthContext.jsx:17:11)
    at DiplomaPage (C:/Users/tanne/Desktop/pw_v2/frontend/src/pages/DiplomaPage.jsx:27:36)
    at renderWithHooks (C:\Users\tanne\Desktop\pw_v2\frontend\node_modules\react-dom\cjs\react-dom.development.js:15486:18)
    at updateFunctionComponent (C:\Users\tanne\Desktop\pw_v2\frontend\node_modules\react-dom\cjs\react-dom.development.js:19617:20)
    at updateSimpleMemoComponent (C:\Users\tanne\Desktop\pw_v2\frontend\node_modules\react-dom\cjs\react-dom.development.js:19454:10)
    at updateMemoComponent (C:\Users\tanne\Desktop\pw_v2\frontend\node_modules\react-dom\cjs\react-dom.development.js:19303:14)
    at beginWork (C:\Users\tanne\Desktop\pw_v2\frontend\node_modules\react-dom\cjs\react-dom.development.js:21712:16)
    at HTMLUnknownElement.callCallback (C:\Users\tanne\Desktop\pw_v2\frontend\node_modules\react-dom\cjs\react-dom.development.js:4164:14)
    at HTMLUnknownElement.callTheUserObjectsOperation (C:\Users\tanne\Desktop\pw_v2\frontend\node_modules\jsdom\lib\jsdom\living\generated\EventListener.js:26:30)
    at innerInvokeEventListeners (C:\Users\tanne\Desktop\pw_v2\frontend\node_modules\jsdom\lib\jsdom\living\events\EventTarget-impl.js:360:16)
[90mstderr[2m | src/pages/DiplomaPage.test.jsx[2m > [22m[2mDiplomaPage[2m > [22m[2mBadge Display[2m > [22m[2mdisplays public badge count for non-owner viewers
[22m[39mThe above error occurred in the <DiplomaPage> component:

    at DiplomaPage (C:/Users/tanne/Desktop/pw_v2/frontend/src/pages/DiplomaPage.jsx:43:69)
    at OrganizationProvider (C:/Users/tanne/Desktop/pw_v2/frontend/src/contexts/OrganizationContext.jsx:17:33)
    at MockAuthProvider (C:/Users/tanne/Desktop/pw_v2/frontend/src/tests/test-utils.jsx:22:29)
    at Router (C:\Users\tanne\Desktop\pw_v2\frontend\node_modules\react-router\dist\umd\react-router.development.js:1207:17)
    at BrowserRouter (C:\Users\tanne\Desktop\pw_v2\frontend\node_modules\react-router-dom\dist\umd\react-router-dom.development.js:695:7)
    at QueryClientProvider (file:///C:/Users/tanne/Desktop/pw_v2/frontend/node_modules/@tanstack/react-query/build/modern/QueryClientProvider.js:20:3)
    at Wrapper (C:/Users/tanne/Desktop/pw_v2/frontend/src/tests/test-utils.jsx:60:22)

Consider adding an error boundary to your tree to customize error handling behavior.
Visit https://reactjs.org/link/error-boundaries to learn more about error boundaries.

Error: useAuth must be used within an AuthProvider
    at useAuth (C:/Users/tanne/Desktop/pw_v2/frontend/src/contexts/AuthContext.jsx:17:11)
    at DiplomaPage (C:/Users/tanne/Desktop/pw_v2/frontend/src/pages/DiplomaPage.jsx:27:36)
    at renderWithHooks (C:\Users\tanne\Desktop\pw_v2\frontend\node_modules\react-dom\cjs\react-dom.development.js:15486:18)
    at updateFunctionComponent (C:\Users\tanne\Desktop\pw_v2\frontend\node_modules\react-dom\cjs\react-dom.development.js:19617:20)
    at updateSimpleMemoComponent (C:\Users\tanne\Desktop\pw_v2\frontend\node_modules\react-dom\cjs\react-dom.development.js:19454:10)
    at updateMemoComponent (C:\Users\tanne\Desktop\pw_v2\frontend\node_modules\react-dom\cjs\react-dom.development.js:19303:14)
    at beginWork (C:\Users\tanne\Desktop\pw_v2\frontend\node_modules\react-dom\cjs\react-dom.development.js:21712:16)
    at HTMLUnknownElement.callCallback (C:\Users\tanne\Desktop\pw_v2\frontend\node_modules\react-dom\cjs\react-dom.development.js:4164:14)
    at HTMLUnknownElement.callTheUserObjectsOperation (C:\Users\tanne\Desktop\pw_v2\frontend\node_modules\jsdom\lib\jsdom\living\generated\EventListener.js:26:30)
    at innerInvokeEventListeners (C:\Users\tanne\Desktop\pw_v2\frontend\node_modules\jsdom\lib\jsdom\living\events\EventTarget-impl.js:360:16)
Error: useAuth must be used within an AuthProvider
    at useAuth (C:/Users/tanne/Desktop/pw_v2/frontend/src/contexts/AuthContext.jsx:17:11)
    at DiplomaPage (C:/Users/tanne/Desktop/pw_v2/frontend/src/pages/DiplomaPage.jsx:27:36)
    at renderWithHooks (C:\Users\tanne\Desktop\pw_v2\frontend\node_modules\react-dom\cjs\react-dom.development.js:15486:18)
    at updateFunctionComponent (C:\Users\tanne\Desktop\pw_v2\frontend\node_modules\react-dom\cjs\react-dom.development.js:19617:20)
    at updateSimpleMemoComponent (C:\Users\tanne\Desktop\pw_v2\frontend\node_modules\react-dom\cjs\react-dom.development.js:19454:10)
    at updateMemoComponent (C:\Users\tanne\Desktop\pw_v2\frontend\node_modules\react-dom\cjs\react-dom.development.js:19303:14)
    at beginWork (C:\Users\tanne\Desktop\pw_v2\frontend\node_modules\react-dom\cjs\react-dom.development.js:21712:16)
    at HTMLUnknownElement.callCallback (C:\Users\tanne\Desktop\pw_v2\frontend\node_modules\react-dom\cjs\react-dom.development.js:4164:14)
    at HTMLUnknownElement.callTheUserObjectsOperation (C:\Users\tanne\Desktop\pw_v2\frontend\node_modules\jsdom\lib\jsdom\living\generated\EventListener.js:26:30)
    at innerInvokeEventListeners (C:\Users\tanne\Desktop\pw_v2\frontend\node_modules\jsdom\lib\jsdom\living\events\EventTarget-impl.js:360:16)
[90mstderr[2m | src/pages/DiplomaPage.test.jsx[2m > [22m[2mDiplomaPage[2m > [22m[2mAchievement Sections[2m > [22m[2mdisplays total XP count in sidebar
[22m[39mThe above error occurred in the <DiplomaPage> component:

    at DiplomaPage (C:/Users/tanne/Desktop/pw_v2/frontend/src/pages/DiplomaPage.jsx:43:69)
    at OrganizationProvider (C:/Users/tanne/Desktop/pw_v2/frontend/src/contexts/OrganizationContext.jsx:17:33)
    at MockAuthProvider (C:/Users/tanne/Desktop/pw_v2/frontend/src/tests/test-utils.jsx:22:29)
    at Router (C:\Users\tanne\Desktop\pw_v2\frontend\node_modules\react-router\dist\umd\react-router.development.js:1207:17)
    at BrowserRouter (C:\Users\tanne\Desktop\pw_v2\frontend\node_modules\react-router-dom\dist\umd\react-router-dom.development.js:695:7)
    at QueryClientProvider (file:///C:/Users/tanne/Desktop/pw_v2/frontend/node_modules/@tanstack/react-query/build/modern/QueryClientProvider.js:20:3)
    at Wrapper (C:/Users/tanne/Desktop/pw_v2/frontend/src/tests/test-utils.jsx:60:22)

Consider adding an error boundary to your tree to customize error handling behavior.
Visit https://reactjs.org/link/error-boundaries to learn more about error boundaries.

Error: useAuth must be used within an AuthProvider
    at useAuth (C:/Users/tanne/Desktop/pw_v2/frontend/src/contexts/AuthContext.jsx:17:11)
    at DiplomaPage (C:/Users/tanne/Desktop/pw_v2/frontend/src/pages/DiplomaPage.jsx:27:36)
    at renderWithHooks (C:\Users\tanne\Desktop\pw_v2\frontend\node_modules\react-dom\cjs\react-dom.development.js:15486:18)
    at updateFunctionComponent (C:\Users\tanne\Desktop\pw_v2\frontend\node_modules\react-dom\cjs\react-dom.development.js:19617:20)
    at updateSimpleMemoComponent (C:\Users\tanne\Desktop\pw_v2\frontend\node_modules\react-dom\cjs\react-dom.development.js:19454:10)
    at updateMemoComponent (C:\Users\tanne\Desktop\pw_v2\frontend\node_modules\react-dom\cjs\react-dom.development.js:19303:14)
    at beginWork (C:\Users\tanne\Desktop\pw_v2\frontend\node_modules\react-dom\cjs\react-dom.development.js:21712:16)
    at HTMLUnknownElement.callCallback (C:\Users\tanne\Desktop\pw_v2\frontend\node_modules\react-dom\cjs\react-dom.development.js:4164:14)
    at HTMLUnknownElement.callTheUserObjectsOperation (C:\Users\tanne\Desktop\pw_v2\frontend\node_modules\jsdom\lib\jsdom\living\generated\EventListener.js:26:30)
    at innerInvokeEventListeners (C:\Users\tanne\Desktop\pw_v2\frontend\node_modules\jsdom\lib\jsdom\living\events\EventTarget-impl.js:360:16)
Error: useAuth must be used within an AuthProvider
    at useAuth (C:/Users/tanne/Desktop/pw_v2/frontend/src/contexts/AuthContext.jsx:17:11)
    at DiplomaPage (C:/Users/tanne/Desktop/pw_v2/frontend/src/pages/DiplomaPage.jsx:27:36)
    at renderWithHooks (C:\Users\tanne\Desktop\pw_v2\frontend\node_modules\react-dom\cjs\react-dom.development.js:15486:18)
    at updateFunctionComponent (C:\Users\tanne\Desktop\pw_v2\frontend\node_modules\react-dom\cjs\react-dom.development.js:19617:20)
    at updateSimpleMemoComponent (C:\Users\tanne\Desktop\pw_v2\frontend\node_modules\react-dom\cjs\react-dom.development.js:19454:10)
    at updateMemoComponent (C:\Users\tanne\Desktop\pw_v2\frontend\node_modules\react-dom\cjs\react-dom.development.js:19303:14)
    at beginWork (C:\Users\tanne\Desktop\pw_v2\frontend\node_modules\react-dom\cjs\react-dom.development.js:21712:16)
    at HTMLUnknownElement.callCallback (C:\Users\tanne\Desktop\pw_v2\frontend\node_modules\react-dom\cjs\react-dom.development.js:4164:14)
    at HTMLUnknownElement.callTheUserObjectsOperation (C:\Users\tanne\Desktop\pw_v2\frontend\node_modules\jsdom\lib\jsdom\living\generated\EventListener.js:26:30)
    at innerInvokeEventListeners (C:\Users\tanne\Desktop\pw_v2\frontend\node_modules\jsdom\lib\jsdom\living\events\EventTarget-impl.js:360:16)
[90mstderr[2m | src/pages/DiplomaPage.test.jsx[2m > [22m[2mDiplomaPage[2m > [22m[2mAchievement Sections[2m > [22m[2mopens credits modal when View Credits button is clicked
[22m[39mThe above error occurred in the <DiplomaPage> component:

    at DiplomaPage (C:/Users/tanne/Desktop/pw_v2/frontend/src/pages/DiplomaPage.jsx:43:69)
    at OrganizationProvider (C:/Users/tanne/Desktop/pw_v2/frontend/src/contexts/OrganizationContext.jsx:17:33)
    at MockAuthProvider (C:/Users/tanne/Desktop/pw_v2/frontend/src/tests/test-utils.jsx:22:29)
    at Router (C:\Users\tanne\Desktop\pw_v2\frontend\node_modules\react-router\dist\umd\react-router.development.js:1207:17)
    at BrowserRouter (C:\Users\tanne\Desktop\pw_v2\frontend\node_modules\react-router-dom\dist\umd\react-router-dom.development.js:695:7)
    at QueryClientProvider (file:///C:/Users/tanne/Desktop/pw_v2/frontend/node_modules/@tanstack/react-query/build/modern/QueryClientProvider.js:20:3)
    at Wrapper (C:/Users/tanne/Desktop/pw_v2/frontend/src/tests/test-utils.jsx:60:22)

Consider adding an error boundary to your tree to customize error handling behavior.
Visit https://reactjs.org/link/error-boundaries to learn more about error boundaries.

Error: useAuth must be used within an AuthProvider
    at useAuth (C:/Users/tanne/Desktop/pw_v2/frontend/src/contexts/AuthContext.jsx:17:11)
    at DiplomaPage (C:/Users/tanne/Desktop/pw_v2/frontend/src/pages/DiplomaPage.jsx:27:36)
    at renderWithHooks (C:\Users\tanne\Desktop\pw_v2\frontend\node_modules\react-dom\cjs\react-dom.development.js:15486:18)
    at updateFunctionComponent (C:\Users\tanne\Desktop\pw_v2\frontend\node_modules\react-dom\cjs\react-dom.development.js:19617:20)
    at updateSimpleMemoComponent (C:\Users\tanne\Desktop\pw_v2\frontend\node_modules\react-dom\cjs\react-dom.development.js:19454:10)
    at updateMemoComponent (C:\Users\tanne\Desktop\pw_v2\frontend\node_modules\react-dom\cjs\react-dom.development.js:19303:14)
    at beginWork (C:\Users\tanne\Desktop\pw_v2\frontend\node_modules\react-dom\cjs\react-dom.development.js:21712:16)
    at HTMLUnknownElement.callCallback (C:\Users\tanne\Desktop\pw_v2\frontend\node_modules\react-dom\cjs\react-dom.development.js:4164:14)
    at HTMLUnknownElement.callTheUserObjectsOperation (C:\Users\tanne\Desktop\pw_v2\frontend\node_modules\jsdom\lib\jsdom\living\generated\EventListener.js:26:30)
    at innerInvokeEventListeners (C:\Users\tanne\Desktop\pw_v2\frontend\node_modules\jsdom\lib\jsdom\living\events\EventTarget-impl.js:360:16)
Error: useAuth must be used within an AuthProvider
    at useAuth (C:/Users/tanne/Desktop/pw_v2/frontend/src/contexts/AuthContext.jsx:17:11)
    at DiplomaPage (C:/Users/tanne/Desktop/pw_v2/frontend/src/pages/DiplomaPage.jsx:27:36)
    at renderWithHooks (C:\Users\tanne\Desktop\pw_v2\frontend\node_modules\react-dom\cjs\react-dom.development.js:15486:18)
    at updateFunctionComponent (C:\Users\tanne\Desktop\pw_v2\frontend\node_modules\react-dom\cjs\react-dom.development.js:19617:20)
    at updateSimpleMemoComponent (C:\Users\tanne\Desktop\pw_v2\frontend\node_modules\react-dom\cjs\react-dom.development.js:19454:10)
    at updateMemoComponent (C:\Users\tanne\Desktop\pw_v2\frontend\node_modules\react-dom\cjs\react-dom.development.js:19303:14)
    at beginWork (C:\Users\tanne\Desktop\pw_v2\frontend\node_modules\react-dom\cjs\react-dom.development.js:21712:16)
    at HTMLUnknownElement.callCallback (C:\Users\tanne\Desktop\pw_v2\frontend\node_modules\react-dom\cjs\react-dom.development.js:4164:14)
    at HTMLUnknownElement.callTheUserObjectsOperation (C:\Users\tanne\Desktop\pw_v2\frontend\node_modules\jsdom\lib\jsdom\living\generated\EventListener.js:26:30)
    at innerInvokeEventListeners (C:\Users\tanne\Desktop\pw_v2\frontend\node_modules\jsdom\lib\jsdom\living\events\EventTarget-impl.js:360:16)
[90mstderr[2m | src/pages/DiplomaPage.test.jsx[2m > [22m[2mDiplomaPage[2m > [22m[2mAchievement Sections[2m > [22m[2mdisplays credit progress in modal with circular progress indicators
[22m[39mThe above error occurred in the <DiplomaPage> component:

    at DiplomaPage (C:/Users/tanne/Desktop/pw_v2/frontend/src/pages/DiplomaPage.jsx:43:69)
    at OrganizationProvider (C:/Users/tanne/Desktop/pw_v2/frontend/src/contexts/OrganizationContext.jsx:17:33)
    at MockAuthProvider (C:/Users/tanne/Desktop/pw_v2/frontend/src/tests/test-utils.jsx:22:29)
    at Router (C:\Users\tanne\Desktop\pw_v2\frontend\node_modules\react-router\dist\umd\react-router.development.js:1207:17)
    at BrowserRouter (C:\Users\tanne\Desktop\pw_v2\frontend\node_modules\react-router-dom\dist\umd\react-router-dom.development.js:695:7)
    at QueryClientProvider (file:///C:/Users/tanne/Desktop/pw_v2/frontend/node_modules/@tanstack/react-query/build/modern/QueryClientProvider.js:20:3)
    at Wrapper (C:/Users/tanne/Desktop/pw_v2/frontend/src/tests/test-utils.jsx:60:22)

Consider adding an error boundary to your tree to customize error handling behavior.
Visit https://reactjs.org/link/error-boundaries to learn more about error boundaries.

Error: useAuth must be used within an AuthProvider
    at useAuth (C:/Users/tanne/Desktop/pw_v2/frontend/src/contexts/AuthContext.jsx:17:11)
    at DiplomaPage (C:/Users/tanne/Desktop/pw_v2/frontend/src/pages/DiplomaPage.jsx:27:36)
    at renderWithHooks (C:\Users\tanne\Desktop\pw_v2\frontend\node_modules\react-dom\cjs\react-dom.development.js:15486:18)
    at updateFunctionComponent (C:\Users\tanne\Desktop\pw_v2\frontend\node_modules\react-dom\cjs\react-dom.development.js:19617:20)
    at updateSimpleMemoComponent (C:\Users\tanne\Desktop\pw_v2\frontend\node_modules\react-dom\cjs\react-dom.development.js:19454:10)
    at updateMemoComponent (C:\Users\tanne\Desktop\pw_v2\frontend\node_modules\react-dom\cjs\react-dom.development.js:19303:14)
    at beginWork (C:\Users\tanne\Desktop\pw_v2\frontend\node_modules\react-dom\cjs\react-dom.development.js:21712:16)
    at HTMLUnknownElement.callCallback (C:\Users\tanne\Desktop\pw_v2\frontend\node_modules\react-dom\cjs\react-dom.development.js:4164:14)
    at HTMLUnknownElement.callTheUserObjectsOperation (C:\Users\tanne\Desktop\pw_v2\frontend\node_modules\jsdom\lib\jsdom\living\generated\EventListener.js:26:30)
    at innerInvokeEventListeners (C:\Users\tanne\Desktop\pw_v2\frontend\node_modules\jsdom\lib\jsdom\living\events\EventTarget-impl.js:360:16)
Error: useAuth must be used within an AuthProvider
    at useAuth (C:/Users/tanne/Desktop/pw_v2/frontend/src/contexts/AuthContext.jsx:17:11)
    at DiplomaPage (C:/Users/tanne/Desktop/pw_v2/frontend/src/pages/DiplomaPage.jsx:27:36)
    at renderWithHooks (C:\Users\tanne\Desktop\pw_v2\frontend\node_modules\react-dom\cjs\react-dom.development.js:15486:18)
    at updateFunctionComponent (C:\Users\tanne\Desktop\pw_v2\frontend\node_modules\react-dom\cjs\react-dom.development.js:19617:20)
    at updateSimpleMemoComponent (C:\Users\tanne\Desktop\pw_v2\frontend\node_modules\react-dom\cjs\react-dom.development.js:19454:10)
    at updateMemoComponent (C:\Users\tanne\Desktop\pw_v2\frontend\node_modules\react-dom\cjs\react-dom.development.js:19303:14)
    at beginWork (C:\Users\tanne\Desktop\pw_v2\frontend\node_modules\react-dom\cjs\react-dom.development.js:21712:16)
    at HTMLUnknownElement.callCallback (C:\Users\tanne\Desktop\pw_v2\frontend\node_modules\react-dom\cjs\react-dom.development.js:4164:14)
    at HTMLUnknownElement.callTheUserObjectsOperation (C:\Users\tanne\Desktop\pw_v2\frontend\node_modules\jsdom\lib\jsdom\living\generated\EventListener.js:26:30)
    at innerInvokeEventListeners (C:\Users\tanne\Desktop\pw_v2\frontend\node_modules\jsdom\lib\jsdom\living\events\EventTarget-impl.js:360:16)
[90mstderr[2m | src/pages/DiplomaPage.test.jsx[2m > [22m[2mDiplomaPage[2m > [22m[2mAchievement Sections[2m > [22m[2mcloses credits modal when close button is clicked
[22m[39mThe above error occurred in the <DiplomaPage> component:

    at DiplomaPage (C:/Users/tanne/Desktop/pw_v2/frontend/src/pages/DiplomaPage.jsx:43:69)
    at OrganizationProvider (C:/Users/tanne/Desktop/pw_v2/frontend/src/contexts/OrganizationContext.jsx:17:33)
    at MockAuthProvider (C:/Users/tanne/Desktop/pw_v2/frontend/src/tests/test-utils.jsx:22:29)
    at Router (C:\Users\tanne\Desktop\pw_v2\frontend\node_modules\react-router\dist\umd\react-router.development.js:1207:17)
    at BrowserRouter (C:\Users\tanne\Desktop\pw_v2\frontend\node_modules\react-router-dom\dist\umd\react-router-dom.development.js:695:7)
    at QueryClientProvider (file:///C:/Users/tanne/Desktop/pw_v2/frontend/node_modules/@tanstack/react-query/build/modern/QueryClientProvider.js:20:3)
    at Wrapper (C:/Users/tanne/Desktop/pw_v2/frontend/src/tests/test-utils.jsx:60:22)

Consider adding an error boundary to your tree to customize error handling behavior.
Visit https://reactjs.org/link/error-boundaries to learn more about error boundaries.

Error: useAuth must be used within an AuthProvider
    at useAuth (C:/Users/tanne/Desktop/pw_v2/frontend/src/contexts/AuthContext.jsx:17:11)
    at DiplomaPage (C:/Users/tanne/Desktop/pw_v2/frontend/src/pages/DiplomaPage.jsx:27:36)
    at renderWithHooks (C:\Users\tanne\Desktop\pw_v2\frontend\node_modules\react-dom\cjs\react-dom.development.js:15486:18)
    at updateFunctionComponent (C:\Users\tanne\Desktop\pw_v2\frontend\node_modules\react-dom\cjs\react-dom.development.js:19617:20)
    at updateSimpleMemoComponent (C:\Users\tanne\Desktop\pw_v2\frontend\node_modules\react-dom\cjs\react-dom.development.js:19454:10)
    at updateMemoComponent (C:\Users\tanne\Desktop\pw_v2\frontend\node_modules\react-dom\cjs\react-dom.development.js:19303:14)
    at beginWork (C:\Users\tanne\Desktop\pw_v2\frontend\node_modules\react-dom\cjs\react-dom.development.js:21712:16)
    at HTMLUnknownElement.callCallback (C:\Users\tanne\Desktop\pw_v2\frontend\node_modules\react-dom\cjs\react-dom.development.js:4164:14)
    at HTMLUnknownElement.callTheUserObjectsOperation (C:\Users\tanne\Desktop\pw_v2\frontend\node_modules\jsdom\lib\jsdom\living\generated\EventListener.js:26:30)
    at innerInvokeEventListeners (C:\Users\tanne\Desktop\pw_v2\frontend\node_modules\jsdom\lib\jsdom\living\events\EventTarget-impl.js:360:16)
Error: useAuth must be used within an AuthProvider
    at useAuth (C:/Users/tanne/Desktop/pw_v2/frontend/src/contexts/AuthContext.jsx:17:11)
    at DiplomaPage (C:/Users/tanne/Desktop/pw_v2/frontend/src/pages/DiplomaPage.jsx:27:36)
    at renderWithHooks (C:\Users\tanne\Desktop\pw_v2\frontend\node_modules\react-dom\cjs\react-dom.development.js:15486:18)
    at updateFunctionComponent (C:\Users\tanne\Desktop\pw_v2\frontend\node_modules\react-dom\cjs\react-dom.development.js:19617:20)
    at updateSimpleMemoComponent (C:\Users\tanne\Desktop\pw_v2\frontend\node_modules\react-dom\cjs\react-dom.development.js:19454:10)
    at updateMemoComponent (C:\Users\tanne\Desktop\pw_v2\frontend\node_modules\react-dom\cjs\react-dom.development.js:19303:14)
    at beginWork (C:\Users\tanne\Desktop\pw_v2\frontend\node_modules\react-dom\cjs\react-dom.development.js:21712:16)
    at HTMLUnknownElement.callCallback (C:\Users\tanne\Desktop\pw_v2\frontend\node_modules\react-dom\cjs\react-dom.development.js:4164:14)
    at HTMLUnknownElement.callTheUserObjectsOperation (C:\Users\tanne\Desktop\pw_v2\frontend\node_modules\jsdom\lib\jsdom\living\generated\EventListener.js:26:30)
    at innerInvokeEventListeners (C:\Users\tanne\Desktop\pw_v2\frontend\node_modules\jsdom\lib\jsdom\living\events\EventTarget-impl.js:360:16)
[90mstderr[2m | src/pages/DiplomaPage.test.jsx[2m > [22m[2mDiplomaPage[2m > [22m[2mAchievement Sections[2m > [22m[2mdisplays graduation requirements message when requirements met
[22m[39mThe above error occurred in the <DiplomaPage> component:

    at DiplomaPage (C:/Users/tanne/Desktop/pw_v2/frontend/src/pages/DiplomaPage.jsx:43:69)
    at OrganizationProvider (C:/Users/tanne/Desktop/pw_v2/frontend/src/contexts/OrganizationContext.jsx:17:33)
    at MockAuthProvider (C:/Users/tanne/Desktop/pw_v2/frontend/src/tests/test-utils.jsx:22:29)
    at Router (C:\Users\tanne\Desktop\pw_v2\frontend\node_modules\react-router\dist\umd\react-router.development.js:1207:17)
    at BrowserRouter (C:\Users\tanne\Desktop\pw_v2\frontend\node_modules\react-router-dom\dist\umd\react-router-dom.development.js:695:7)
    at QueryClientProvider (file:///C:/Users/tanne/Desktop/pw_v2/frontend/node_modules/@tanstack/react-query/build/modern/QueryClientProvider.js:20:3)
    at Wrapper (C:/Users/tanne/Desktop/pw_v2/frontend/src/tests/test-utils.jsx:60:22)

Consider adding an error boundary to your tree to customize error handling behavior.
Visit https://reactjs.org/link/error-boundaries to learn more about error boundaries.

Error: useAuth must be used within an AuthProvider
    at useAuth (C:/Users/tanne/Desktop/pw_v2/frontend/src/contexts/AuthContext.jsx:17:11)
    at DiplomaPage (C:/Users/tanne/Desktop/pw_v2/frontend/src/pages/DiplomaPage.jsx:27:36)
    at renderWithHooks (C:\Users\tanne\Desktop\pw_v2\frontend\node_modules\react-dom\cjs\react-dom.development.js:15486:18)
    at updateFunctionComponent (C:\Users\tanne\Desktop\pw_v2\frontend\node_modules\react-dom\cjs\react-dom.development.js:19617:20)
    at updateSimpleMemoComponent (C:\Users\tanne\Desktop\pw_v2\frontend\node_modules\react-dom\cjs\react-dom.development.js:19454:10)
    at updateMemoComponent (C:\Users\tanne\Desktop\pw_v2\frontend\node_modules\react-dom\cjs\react-dom.development.js:19303:14)
    at beginWork (C:\Users\tanne\Desktop\pw_v2\frontend\node_modules\react-dom\cjs\react-dom.development.js:21712:16)
    at HTMLUnknownElement.callCallback (C:\Users\tanne\Desktop\pw_v2\frontend\node_modules\react-dom\cjs\react-dom.development.js:4164:14)
    at HTMLUnknownElement.callTheUserObjectsOperation (C:\Users\tanne\Desktop\pw_v2\frontend\node_modules\jsdom\lib\jsdom\living\generated\EventListener.js:26:30)
    at innerInvokeEventListeners (C:\Users\tanne\Desktop\pw_v2\frontend\node_modules\jsdom\lib\jsdom\living\events\EventTarget-impl.js:360:16)
Error: useAuth must be used within an AuthProvider
    at useAuth (C:/Users/tanne/Desktop/pw_v2/frontend/src/contexts/AuthContext.jsx:17:11)
    at DiplomaPage (C:/Users/tanne/Desktop/pw_v2/frontend/src/pages/DiplomaPage.jsx:27:36)
    at renderWithHooks (C:\Users\tanne\Desktop\pw_v2\frontend\node_modules\react-dom\cjs\react-dom.development.js:15486:18)
    at updateFunctionComponent (C:\Users\tanne\Desktop\pw_v2\frontend\node_modules\react-dom\cjs\react-dom.development.js:19617:20)
    at updateSimpleMemoComponent (C:\Users\tanne\Desktop\pw_v2\frontend\node_modules\react-dom\cjs\react-dom.development.js:19454:10)
    at updateMemoComponent (C:\Users\tanne\Desktop\pw_v2\frontend\node_modules\react-dom\cjs\react-dom.development.js:19303:14)
    at beginWork (C:\Users\tanne\Desktop\pw_v2\frontend\node_modules\react-dom\cjs\react-dom.development.js:21712:16)
    at HTMLUnknownElement.callCallback (C:\Users\tanne\Desktop\pw_v2\frontend\node_modules\react-dom\cjs\react-dom.development.js:4164:14)
    at HTMLUnknownElement.callTheUserObjectsOperation (C:\Users\tanne\Desktop\pw_v2\frontend\node_modules\jsdom\lib\jsdom\living\generated\EventListener.js:26:30)
    at innerInvokeEventListeners (C:\Users\tanne\Desktop\pw_v2\frontend\node_modules\jsdom\lib\jsdom\living\events\EventTarget-impl.js:360:16)
[90mstderr[2m | src/pages/DiplomaPage.test.jsx[2m > [22m[2mDiplomaPage[2m > [22m[2mAchievement Sections[2m > [22m[2mdisplays progress message when requirements not met
[22m[39mThe above error occurred in the <DiplomaPage> component:

    at DiplomaPage (C:/Users/tanne/Desktop/pw_v2/frontend/src/pages/DiplomaPage.jsx:43:69)
    at OrganizationProvider (C:/Users/tanne/Desktop/pw_v2/frontend/src/contexts/OrganizationContext.jsx:17:33)
    at MockAuthProvider (C:/Users/tanne/Desktop/pw_v2/frontend/src/tests/test-utils.jsx:22:29)
    at Router (C:\Users\tanne\Desktop\pw_v2\frontend\node_modules\react-router\dist\umd\react-router.development.js:1207:17)
    at BrowserRouter (C:\Users\tanne\Desktop\pw_v2\frontend\node_modules\react-router-dom\dist\umd\react-router-dom.development.js:695:7)
    at QueryClientProvider (file:///C:/Users/tanne/Desktop/pw_v2/frontend/node_modules/@tanstack/react-query/build/modern/QueryClientProvider.js:20:3)
    at Wrapper (C:/Users/tanne/Desktop/pw_v2/frontend/src/tests/test-utils.jsx:60:22)

Consider adding an error boundary to your tree to customize error handling behavior.
Visit https://reactjs.org/link/error-boundaries to learn more about error boundaries.

Error: useAuth must be used within an AuthProvider
    at useAuth (C:/Users/tanne/Desktop/pw_v2/frontend/src/contexts/AuthContext.jsx:17:11)
    at DiplomaPage (C:/Users/tanne/Desktop/pw_v2/frontend/src/pages/DiplomaPage.jsx:27:36)
    at renderWithHooks (C:\Users\tanne\Desktop\pw_v2\frontend\node_modules\react-dom\cjs\react-dom.development.js:15486:18)
    at updateFunctionComponent (C:\Users\tanne\Desktop\pw_v2\frontend\node_modules\react-dom\cjs\react-dom.development.js:19617:20)
    at updateSimpleMemoComponent (C:\Users\tanne\Desktop\pw_v2\frontend\node_modules\react-dom\cjs\react-dom.development.js:19454:10)
    at updateMemoComponent (C:\Users\tanne\Desktop\pw_v2\frontend\node_modules\react-dom\cjs\react-dom.development.js:19303:14)
    at beginWork (C:\Users\tanne\Desktop\pw_v2\frontend\node_modules\react-dom\cjs\react-dom.development.js:21712:16)
    at HTMLUnknownElement.callCallback (C:\Users\tanne\Desktop\pw_v2\frontend\node_modules\react-dom\cjs\react-dom.development.js:4164:14)
    at HTMLUnknownElement.callTheUserObjectsOperation (C:\Users\tanne\Desktop\pw_v2\frontend\node_modules\jsdom\lib\jsdom\living\generated\EventListener.js:26:30)
    at innerInvokeEventListeners (C:\Users\tanne\Desktop\pw_v2\frontend\node_modules\jsdom\lib\jsdom\living\events\EventTarget-impl.js:360:16)
Error: useAuth must be used within an AuthProvider
    at useAuth (C:/Users/tanne/Desktop/pw_v2/frontend/src/contexts/AuthContext.jsx:17:11)
    at DiplomaPage (C:/Users/tanne/Desktop/pw_v2/frontend/src/pages/DiplomaPage.jsx:27:36)
    at renderWithHooks (C:\Users\tanne\Desktop\pw_v2\frontend\node_modules\react-dom\cjs\react-dom.development.js:15486:18)
    at updateFunctionComponent (C:\Users\tanne\Desktop\pw_v2\frontend\node_modules\react-dom\cjs\react-dom.development.js:19617:20)
    at updateSimpleMemoComponent (C:\Users\tanne\Desktop\pw_v2\frontend\node_modules\react-dom\cjs\react-dom.development.js:19454:10)
    at updateMemoComponent (C:\Users\tanne\Desktop\pw_v2\frontend\node_modules\react-dom\cjs\react-dom.development.js:19303:14)
    at beginWork (C:\Users\tanne\Desktop\pw_v2\frontend\node_modules\react-dom\cjs\react-dom.development.js:21712:16)
    at HTMLUnknownElement.callCallback (C:\Users\tanne\Desktop\pw_v2\frontend\node_modules\react-dom\cjs\react-dom.development.js:4164:14)
    at HTMLUnknownElement.callTheUserObjectsOperation (C:\Users\tanne\Desktop\pw_v2\frontend\node_modules\jsdom\lib\jsdom\living\generated\EventListener.js:26:30)
    at innerInvokeEventListeners (C:\Users\tanne\Desktop\pw_v2\frontend\node_modules\jsdom\lib\jsdom\living\events\EventTarget-impl.js:360:16)
[90mstderr[2m | src/pages/DiplomaPage.test.jsx[2m > [22m[2mDiplomaPage[2m > [22m[2mAchievement Sections[2m > [22m[2mdisplays learning events section when events exist
[22m[39mThe above error occurred in the <DiplomaPage> component:

    at DiplomaPage (C:/Users/tanne/Desktop/pw_v2/frontend/src/pages/DiplomaPage.jsx:43:69)
    at OrganizationProvider (C:/Users/tanne/Desktop/pw_v2/frontend/src/contexts/OrganizationContext.jsx:17:33)
    at MockAuthProvider (C:/Users/tanne/Desktop/pw_v2/frontend/src/tests/test-utils.jsx:22:29)
    at Router (C:\Users\tanne\Desktop\pw_v2\frontend\node_modules\react-router\dist\umd\react-router.development.js:1207:17)
    at BrowserRouter (C:\Users\tanne\Desktop\pw_v2\frontend\node_modules\react-router-dom\dist\umd\react-router-dom.development.js:695:7)
    at QueryClientProvider (file:///C:/Users/tanne/Desktop/pw_v2/frontend/node_modules/@tanstack/react-query/build/modern/QueryClientProvider.js:20:3)
    at Wrapper (C:/Users/tanne/Desktop/pw_v2/frontend/src/tests/test-utils.jsx:60:22)

Consider adding an error boundary to your tree to customize error handling behavior.
Visit https://reactjs.org/link/error-boundaries to learn more about error boundaries.

Error: useAuth must be used within an AuthProvider
    at useAuth (C:/Users/tanne/Desktop/pw_v2/frontend/src/contexts/AuthContext.jsx:17:11)
    at DiplomaPage (C:/Users/tanne/Desktop/pw_v2/frontend/src/pages/DiplomaPage.jsx:27:36)
    at renderWithHooks (C:\Users\tanne\Desktop\pw_v2\frontend\node_modules\react-dom\cjs\react-dom.development.js:15486:18)
    at updateFunctionComponent (C:\Users\tanne\Desktop\pw_v2\frontend\node_modules\react-dom\cjs\react-dom.development.js:19617:20)
    at updateSimpleMemoComponent (C:\Users\tanne\Desktop\pw_v2\frontend\node_modules\react-dom\cjs\react-dom.development.js:19454:10)
    at updateMemoComponent (C:\Users\tanne\Desktop\pw_v2\frontend\node_modules\react-dom\cjs\react-dom.development.js:19303:14)
    at beginWork (C:\Users\tanne\Desktop\pw_v2\frontend\node_modules\react-dom\cjs\react-dom.development.js:21712:16)
    at HTMLUnknownElement.callCallback (C:\Users\tanne\Desktop\pw_v2\frontend\node_modules\react-dom\cjs\react-dom.development.js:4164:14)
    at HTMLUnknownElement.callTheUserObjectsOperation (C:\Users\tanne\Desktop\pw_v2\frontend\node_modules\jsdom\lib\jsdom\living\generated\EventListener.js:26:30)
    at innerInvokeEventListeners (C:\Users\tanne\Desktop\pw_v2\frontend\node_modules\jsdom\lib\jsdom\living\events\EventTarget-impl.js:360:16)
Error: useAuth must be used within an AuthProvider
    at useAuth (C:/Users/tanne/Desktop/pw_v2/frontend/src/contexts/AuthContext.jsx:17:11)
    at DiplomaPage (C:/Users/tanne/Desktop/pw_v2/frontend/src/pages/DiplomaPage.jsx:27:36)
    at renderWithHooks (C:\Users\tanne\Desktop\pw_v2\frontend\node_modules\react-dom\cjs\react-dom.development.js:15486:18)
    at updateFunctionComponent (C:\Users\tanne\Desktop\pw_v2\frontend\node_modules\react-dom\cjs\react-dom.development.js:19617:20)
    at updateSimpleMemoComponent (C:\Users\tanne\Desktop\pw_v2\frontend\node_modules\react-dom\cjs\react-dom.development.js:19454:10)
    at updateMemoComponent (C:\Users\tanne\Desktop\pw_v2\frontend\node_modules\react-dom\cjs\react-dom.development.js:19303:14)
    at beginWork (C:\Users\tanne\Desktop\pw_v2\frontend\node_modules\react-dom\cjs\react-dom.development.js:21712:16)
    at HTMLUnknownElement.callCallback (C:\Users\tanne\Desktop\pw_v2\frontend\node_modules\react-dom\cjs\react-dom.development.js:4164:14)
    at HTMLUnknownElement.callTheUserObjectsOperation (C:\Users\tanne\Desktop\pw_v2\frontend\node_modules\jsdom\lib\jsdom\living\generated\EventListener.js:26:30)
    at innerInvokeEventListeners (C:\Users\tanne\Desktop\pw_v2\frontend\node_modules\jsdom\lib\jsdom\living\events\EventTarget-impl.js:360:16)
[90mstderr[2m | src/pages/DiplomaPage.test.jsx[2m > [22m[2mDiplomaPage[2m > [22m[2mAchievement Sections[2m > [22m[2mhides learning events section when no events exist
[22m[39mThe above error occurred in the <DiplomaPage> component:

    at DiplomaPage (C:/Users/tanne/Desktop/pw_v2/frontend/src/pages/DiplomaPage.jsx:43:69)
    at OrganizationProvider (C:/Users/tanne/Desktop/pw_v2/frontend/src/contexts/OrganizationContext.jsx:17:33)
    at MockAuthProvider (C:/Users/tanne/Desktop/pw_v2/frontend/src/tests/test-utils.jsx:22:29)
    at Router (C:\Users\tanne\Desktop\pw_v2\frontend\node_modules\react-router\dist\umd\react-router.development.js:1207:17)
    at BrowserRouter (C:\Users\tanne\Desktop\pw_v2\frontend\node_modules\react-router-dom\dist\umd\react-router-dom.development.js:695:7)
    at QueryClientProvider (file:///C:/Users/tanne/Desktop/pw_v2/frontend/node_modules/@tanstack/react-query/build/modern/QueryClientProvider.js:20:3)
    at Wrapper (C:/Users/tanne/Desktop/pw_v2/frontend/src/tests/test-utils.jsx:60:22)

Consider adding an error boundary to your tree to customize error handling behavior.
Visit https://reactjs.org/link/error-boundaries to learn more about error boundaries.

Error: useAuth must be used within an AuthProvider
    at useAuth (C:/Users/tanne/Desktop/pw_v2/frontend/src/contexts/AuthContext.jsx:17:11)
    at DiplomaPage (C:/Users/tanne/Desktop/pw_v2/frontend/src/pages/DiplomaPage.jsx:27:36)
    at renderWithHooks (C:\Users\tanne\Desktop\pw_v2\frontend\node_modules\react-dom\cjs\react-dom.development.js:15486:18)
    at updateFunctionComponent (C:\Users\tanne\Desktop\pw_v2\frontend\node_modules\react-dom\cjs\react-dom.development.js:19617:20)
    at updateSimpleMemoComponent (C:\Users\tanne\Desktop\pw_v2\frontend\node_modules\react-dom\cjs\react-dom.development.js:19454:10)
    at updateMemoComponent (C:\Users\tanne\Desktop\pw_v2\frontend\node_modules\react-dom\cjs\react-dom.development.js:19303:14)
    at beginWork (C:\Users\tanne\Desktop\pw_v2\frontend\node_modules\react-dom\cjs\react-dom.development.js:21712:16)
    at HTMLUnknownElement.callCallback (C:\Users\tanne\Desktop\pw_v2\frontend\node_modules\react-dom\cjs\react-dom.development.js:4164:14)
    at HTMLUnknownElement.callTheUserObjectsOperation (C:\Users\tanne\Desktop\pw_v2\frontend\node_modules\jsdom\lib\jsdom\living\generated\EventListener.js:26:30)
    at innerInvokeEventListeners (C:\Users\tanne\Desktop\pw_v2\frontend\node_modules\jsdom\lib\jsdom\living\events\EventTarget-impl.js:360:16)
Error: useAuth must be used within an AuthProvider
    at useAuth (C:/Users/tanne/Desktop/pw_v2/frontend/src/contexts/AuthContext.jsx:17:11)
    at DiplomaPage (C:/Users/tanne/Desktop/pw_v2/frontend/src/pages/DiplomaPage.jsx:27:36)
    at renderWithHooks (C:\Users\tanne\Desktop\pw_v2\frontend\node_modules\react-dom\cjs\react-dom.development.js:15486:18)
    at updateFunctionComponent (C:\Users\tanne\Desktop\pw_v2\frontend\node_modules\react-dom\cjs\react-dom.development.js:19617:20)
    at updateSimpleMemoComponent (C:\Users\tanne\Desktop\pw_v2\frontend\node_modules\react-dom\cjs\react-dom.development.js:19454:10)
    at updateMemoComponent (C:\Users\tanne\Desktop\pw_v2\frontend\node_modules\react-dom\cjs\react-dom.development.js:19303:14)
    at beginWork (C:\Users\tanne\Desktop\pw_v2\frontend\node_modules\react-dom\cjs\react-dom.development.js:21712:16)
    at HTMLUnknownElement.callCallback (C:\Users\tanne\Desktop\pw_v2\frontend\node_modules\react-dom\cjs\react-dom.development.js:4164:14)
    at HTMLUnknownElement.callTheUserObjectsOperation (C:\Users\tanne\Desktop\pw_v2\frontend\node_modules\jsdom\lib\jsdom\living\generated\EventListener.js:26:30)
    at innerInvokeEventListeners (C:\Users\tanne\Desktop\pw_v2\frontend\node_modules\jsdom\lib\jsdom\living\events\EventTarget-impl.js:360:16)
[90mstderr[2m | src/pages/DiplomaPage.test.jsx[2m > [22m[2mDiplomaPage[2m > [22m[2mAchievement Sections[2m > [22m[2mdisplays achievements count correctly in evidence gallery header
[22m[39mThe above error occurred in the <DiplomaPage> component:

    at DiplomaPage (C:/Users/tanne/Desktop/pw_v2/frontend/src/pages/DiplomaPage.jsx:43:69)
    at OrganizationProvider (C:/Users/tanne/Desktop/pw_v2/frontend/src/contexts/OrganizationContext.jsx:17:33)
    at MockAuthProvider (C:/Users/tanne/Desktop/pw_v2/frontend/src/tests/test-utils.jsx:22:29)
    at Router (C:\Users\tanne\Desktop\pw_v2\frontend\node_modules\react-router\dist\umd\react-router.development.js:1207:17)
    at BrowserRouter (C:\Users\tanne\Desktop\pw_v2\frontend\node_modules\react-router-dom\dist\umd\react-router-dom.development.js:695:7)
    at QueryClientProvider (file:///C:/Users/tanne/Desktop/pw_v2/frontend/node_modules/@tanstack/react-query/build/modern/QueryClientProvider.js:20:3)
    at Wrapper (C:/Users/tanne/Desktop/pw_v2/frontend/src/tests/test-utils.jsx:60:22)

Consider adding an error boundary to your tree to customize error handling behavior.
Visit https://reactjs.org/link/error-boundaries to learn more about error boundaries.

Error: useAuth must be used within an AuthProvider
    at useAuth (C:/Users/tanne/Desktop/pw_v2/frontend/src/contexts/AuthContext.jsx:17:11)
    at DiplomaPage (C:/Users/tanne/Desktop/pw_v2/frontend/src/pages/DiplomaPage.jsx:27:36)
    at renderWithHooks (C:\Users\tanne\Desktop\pw_v2\frontend\node_modules\react-dom\cjs\react-dom.development.js:15486:18)
    at updateFunctionComponent (C:\Users\tanne\Desktop\pw_v2\frontend\node_modules\react-dom\cjs\react-dom.development.js:19617:20)
    at updateSimpleMemoComponent (C:\Users\tanne\Desktop\pw_v2\frontend\node_modules\react-dom\cjs\react-dom.development.js:19454:10)
    at updateMemoComponent (C:\Users\tanne\Desktop\pw_v2\frontend\node_modules\react-dom\cjs\react-dom.development.js:19303:14)
    at beginWork (C:\Users\tanne\Desktop\pw_v2\frontend\node_modules\react-dom\cjs\react-dom.development.js:21712:16)
    at HTMLUnknownElement.callCallback (C:\Users\tanne\Desktop\pw_v2\frontend\node_modules\react-dom\cjs\react-dom.development.js:4164:14)
    at HTMLUnknownElement.callTheUserObjectsOperation (C:\Users\tanne\Desktop\pw_v2\frontend\node_modules\jsdom\lib\jsdom\living\generated\EventListener.js:26:30)
    at innerInvokeEventListeners (C:\Users\tanne\Desktop\pw_v2\frontend\node_modules\jsdom\lib\jsdom\living\events\EventTarget-impl.js:360:16)
Error: useAuth must be used within an AuthProvider
    at useAuth (C:/Users/tanne/Desktop/pw_v2/frontend/src/contexts/AuthContext.jsx:17:11)
    at DiplomaPage (C:/Users/tanne/Desktop/pw_v2/frontend/src/pages/DiplomaPage.jsx:27:36)
    at renderWithHooks (C:\Users\tanne\Desktop\pw_v2\frontend\node_modules\react-dom\cjs\react-dom.development.js:15486:18)
    at updateFunctionComponent (C:\Users\tanne\Desktop\pw_v2\frontend\node_modules\react-dom\cjs\react-dom.development.js:19617:20)
    at updateSimpleMemoComponent (C:\Users\tanne\Desktop\pw_v2\frontend\node_modules\react-dom\cjs\react-dom.development.js:19454:10)
    at updateMemoComponent (C:\Users\tanne\Desktop\pw_v2\frontend\node_modules\react-dom\cjs\react-dom.development.js:19303:14)
    at beginWork (C:\Users\tanne\Desktop\pw_v2\frontend\node_modules\react-dom\cjs\react-dom.development.js:21712:16)
    at HTMLUnknownElement.callCallback (C:\Users\tanne\Desktop\pw_v2\frontend\node_modules\react-dom\cjs\react-dom.development.js:4164:14)
    at HTMLUnknownElement.callTheUserObjectsOperation (C:\Users\tanne\Desktop\pw_v2\frontend\node_modules\jsdom\lib\jsdom\living\generated\EventListener.js:26:30)
    at innerInvokeEventListeners (C:\Users\tanne\Desktop\pw_v2\frontend\node_modules\jsdom\lib\jsdom\living\events\EventTarget-impl.js:360:16)
[90mstderr[2m | src/pages/DiplomaPage.test.jsx[2m > [22m[2mDiplomaPage[2m > [22m[2mAchievement Sections[2m > [22m[2muses singular "quest" when only one achievement
[22m[39mThe above error occurred in the <DiplomaPage> component:

    at DiplomaPage (C:/Users/tanne/Desktop/pw_v2/frontend/src/pages/DiplomaPage.jsx:43:69)
    at OrganizationProvider (C:/Users/tanne/Desktop/pw_v2/frontend/src/contexts/OrganizationContext.jsx:17:33)
    at MockAuthProvider (C:/Users/tanne/Desktop/pw_v2/frontend/src/tests/test-utils.jsx:22:29)
    at Router (C:\Users\tanne\Desktop\pw_v2\frontend\node_modules\react-router\dist\umd\react-router.development.js:1207:17)
    at BrowserRouter (C:\Users\tanne\Desktop\pw_v2\frontend\node_modules\react-router-dom\dist\umd\react-router-dom.development.js:695:7)
    at QueryClientProvider (file:///C:/Users/tanne/Desktop/pw_v2/frontend/node_modules/@tanstack/react-query/build/modern/QueryClientProvider.js:20:3)
    at Wrapper (C:/Users/tanne/Desktop/pw_v2/frontend/src/tests/test-utils.jsx:60:22)

Consider adding an error boundary to your tree to customize error handling behavior.
Visit https://reactjs.org/link/error-boundaries to learn more about error boundaries.

Error: useAuth must be used within an AuthProvider
    at useAuth (C:/Users/tanne/Desktop/pw_v2/frontend/src/contexts/AuthContext.jsx:17:11)
    at DiplomaPage (C:/Users/tanne/Desktop/pw_v2/frontend/src/pages/DiplomaPage.jsx:27:36)
    at renderWithHooks (C:\Users\tanne\Desktop\pw_v2\frontend\node_modules\react-dom\cjs\react-dom.development.js:15486:18)
    at updateFunctionComponent (C:\Users\tanne\Desktop\pw_v2\frontend\node_modules\react-dom\cjs\react-dom.development.js:19617:20)
    at updateSimpleMemoComponent (C:\Users\tanne\Desktop\pw_v2\frontend\node_modules\react-dom\cjs\react-dom.development.js:19454:10)
    at updateMemoComponent (C:\Users\tanne\Desktop\pw_v2\frontend\node_modules\react-dom\cjs\react-dom.development.js:19303:14)
    at beginWork (C:\Users\tanne\Desktop\pw_v2\frontend\node_modules\react-dom\cjs\react-dom.development.js:21712:16)
    at HTMLUnknownElement.callCallback (C:\Users\tanne\Desktop\pw_v2\frontend\node_modules\react-dom\cjs\react-dom.development.js:4164:14)
    at HTMLUnknownElement.callTheUserObjectsOperation (C:\Users\tanne\Desktop\pw_v2\frontend\node_modules\jsdom\lib\jsdom\living\generated\EventListener.js:26:30)
    at innerInvokeEventListeners (C:\Users\tanne\Desktop\pw_v2\frontend\node_modules\jsdom\lib\jsdom\living\events\EventTarget-impl.js:360:16)
Error: useAuth must be used within an AuthProvider
    at useAuth (C:/Users/tanne/Desktop/pw_v2/frontend/src/contexts/AuthContext.jsx:17:11)
    at DiplomaPage (C:/Users/tanne/Desktop/pw_v2/frontend/src/pages/DiplomaPage.jsx:27:36)
    at renderWithHooks (C:\Users\tanne\Desktop\pw_v2\frontend\node_modules\react-dom\cjs\react-dom.development.js:15486:18)
    at updateFunctionComponent (C:\Users\tanne\Desktop\pw_v2\frontend\node_modules\react-dom\cjs\react-dom.development.js:19617:20)
    at updateSimpleMemoComponent (C:\Users\tanne\Desktop\pw_v2\frontend\node_modules\react-dom\cjs\react-dom.development.js:19454:10)
    at updateMemoComponent (C:\Users\tanne\Desktop\pw_v2\frontend\node_modules\react-dom\cjs\react-dom.development.js:19303:14)
    at beginWork (C:\Users\tanne\Desktop\pw_v2\frontend\node_modules\react-dom\cjs\react-dom.development.js:21712:16)
    at HTMLUnknownElement.callCallback (C:\Users\tanne\Desktop\pw_v2\frontend\node_modules\react-dom\cjs\react-dom.development.js:4164:14)
    at HTMLUnknownElement.callTheUserObjectsOperation (C:\Users\tanne\Desktop\pw_v2\frontend\node_modules\jsdom\lib\jsdom\living\generated\EventListener.js:26:30)
    at innerInvokeEventListeners (C:\Users\tanne\Desktop\pw_v2\frontend\node_modules\jsdom\lib\jsdom\living\events\EventTarget-impl.js:360:16)
[90mstderr[2m | src/pages/DiplomaPage.test.jsx[2m > [22m[2mDiplomaPage[2m > [22m[2mAchievement Sections[2m > [22m[2mopens diploma explanation modal when info button is clicked
[22m[39mThe above error occurred in the <DiplomaPage> component:

    at DiplomaPage (C:/Users/tanne/Desktop/pw_v2/frontend/src/pages/DiplomaPage.jsx:43:69)
    at OrganizationProvider (C:/Users/tanne/Desktop/pw_v2/frontend/src/contexts/OrganizationContext.jsx:17:33)
    at MockAuthProvider (C:/Users/tanne/Desktop/pw_v2/frontend/src/tests/test-utils.jsx:22:29)
    at Router (C:\Users\tanne\Desktop\pw_v2\frontend\node_modules\react-router\dist\umd\react-router.development.js:1207:17)
    at BrowserRouter (C:\Users\tanne\Desktop\pw_v2\frontend\node_modules\react-router-dom\dist\umd\react-router-dom.development.js:695:7)
    at QueryClientProvider (file:///C:/Users/tanne/Desktop/pw_v2/frontend/node_modules/@tanstack/react-query/build/modern/QueryClientProvider.js:20:3)
    at Wrapper (C:/Users/tanne/Desktop/pw_v2/frontend/src/tests/test-utils.jsx:60:22)

Consider adding an error boundary to your tree to customize error handling behavior.
Visit https://reactjs.org/link/error-boundaries to learn more about error boundaries.

Error: useAuth must be used within an AuthProvider
    at useAuth (C:/Users/tanne/Desktop/pw_v2/frontend/src/contexts/AuthContext.jsx:17:11)
    at DiplomaPage (C:/Users/tanne/Desktop/pw_v2/frontend/src/pages/DiplomaPage.jsx:27:36)
    at renderWithHooks (C:\Users\tanne\Desktop\pw_v2\frontend\node_modules\react-dom\cjs\react-dom.development.js:15486:18)
    at updateFunctionComponent (C:\Users\tanne\Desktop\pw_v2\frontend\node_modules\react-dom\cjs\react-dom.development.js:19617:20)
    at updateSimpleMemoComponent (C:\Users\tanne\Desktop\pw_v2\frontend\node_modules\react-dom\cjs\react-dom.development.js:19454:10)
    at updateMemoComponent (C:\Users\tanne\Desktop\pw_v2\frontend\node_modules\react-dom\cjs\react-dom.development.js:19303:14)
    at beginWork (C:\Users\tanne\Desktop\pw_v2\frontend\node_modules\react-dom\cjs\react-dom.development.js:21712:16)
    at HTMLUnknownElement.callCallback (C:\Users\tanne\Desktop\pw_v2\frontend\node_modules\react-dom\cjs\react-dom.development.js:4164:14)
    at HTMLUnknownElement.callTheUserObjectsOperation (C:\Users\tanne\Desktop\pw_v2\frontend\node_modules\jsdom\lib\jsdom\living\generated\EventListener.js:26:30)
    at innerInvokeEventListeners (C:\Users\tanne\Desktop\pw_v2\frontend\node_modules\jsdom\lib\jsdom\living\events\EventTarget-impl.js:360:16)
Error: useAuth must be used within an AuthProvider
    at useAuth (C:/Users/tanne/Desktop/pw_v2/frontend/src/contexts/AuthContext.jsx:17:11)
    at DiplomaPage (C:/Users/tanne/Desktop/pw_v2/frontend/src/pages/DiplomaPage.jsx:27:36)
    at renderWithHooks (C:\Users\tanne\Desktop\pw_v2\frontend\node_modules\react-dom\cjs\react-dom.development.js:15486:18)
    at updateFunctionComponent (C:\Users\tanne\Desktop\pw_v2\frontend\node_modules\react-dom\cjs\react-dom.development.js:19617:20)
    at updateSimpleMemoComponent (C:\Users\tanne\Desktop\pw_v2\frontend\node_modules\react-dom\cjs\react-dom.development.js:19454:10)
    at updateMemoComponent (C:\Users\tanne\Desktop\pw_v2\frontend\node_modules\react-dom\cjs\react-dom.development.js:19303:14)
    at beginWork (C:\Users\tanne\Desktop\pw_v2\frontend\node_modules\react-dom\cjs\react-dom.development.js:21712:16)
    at HTMLUnknownElement.callCallback (C:\Users\tanne\Desktop\pw_v2\frontend\node_modules\react-dom\cjs\react-dom.development.js:4164:14)
    at HTMLUnknownElement.callTheUserObjectsOperation (C:\Users\tanne\Desktop\pw_v2\frontend\node_modules\jsdom\lib\jsdom\living\generated\EventListener.js:26:30)
    at innerInvokeEventListeners (C:\Users\tanne\Desktop\pw_v2\frontend\node_modules\jsdom\lib\jsdom\living\events\EventTarget-impl.js:360:16)
[90mstderr[2m | src/pages/DiplomaPage.test.jsx[2m > [22m[2mDiplomaPage[2m > [22m[2mAchievement Sections[2m > [22m[2mcloses diploma explanation modal when close button is clicked
[22m[39mThe above error occurred in the <DiplomaPage> component:

    at DiplomaPage (C:/Users/tanne/Desktop/pw_v2/frontend/src/pages/DiplomaPage.jsx:43:69)
    at OrganizationProvider (C:/Users/tanne/Desktop/pw_v2/frontend/src/contexts/OrganizationContext.jsx:17:33)
    at MockAuthProvider (C:/Users/tanne/Desktop/pw_v2/frontend/src/tests/test-utils.jsx:22:29)
    at Router (C:\Users\tanne\Desktop\pw_v2\frontend\node_modules\react-router\dist\umd\react-router.development.js:1207:17)
    at BrowserRouter (C:\Users\tanne\Desktop\pw_v2\frontend\node_modules\react-router-dom\dist\umd\react-router-dom.development.js:695:7)
    at QueryClientProvider (file:///C:/Users/tanne/Desktop/pw_v2/frontend/node_modules/@tanstack/react-query/build/modern/QueryClientProvider.js:20:3)
    at Wrapper (C:/Users/tanne/Desktop/pw_v2/frontend/src/tests/test-utils.jsx:60:22)

Consider adding an error boundary to your tree to customize error handling behavior.
Visit https://reactjs.org/link/error-boundaries to learn more about error boundaries.

Error: useAuth must be used within an AuthProvider
    at useAuth (C:/Users/tanne/Desktop/pw_v2/frontend/src/contexts/AuthContext.jsx:17:11)
    at DiplomaPage (C:/Users/tanne/Desktop/pw_v2/frontend/src/pages/DiplomaPage.jsx:27:36)
    at renderWithHooks (C:\Users\tanne\Desktop\pw_v2\frontend\node_modules\react-dom\cjs\react-dom.development.js:15486:18)
    at updateFunctionComponent (C:\Users\tanne\Desktop\pw_v2\frontend\node_modules\react-dom\cjs\react-dom.development.js:19617:20)
    at updateSimpleMemoComponent (C:\Users\tanne\Desktop\pw_v2\frontend\node_modules\react-dom\cjs\react-dom.development.js:19454:10)
    at updateMemoComponent (C:\Users\tanne\Desktop\pw_v2\frontend\node_modules\react-dom\cjs\react-dom.development.js:19303:14)
    at beginWork (C:\Users\tanne\Desktop\pw_v2\frontend\node_modules\react-dom\cjs\react-dom.development.js:21712:16)
    at HTMLUnknownElement.callCallback (C:\Users\tanne\Desktop\pw_v2\frontend\node_modules\react-dom\cjs\react-dom.development.js:4164:14)
    at HTMLUnknownElement.callTheUserObjectsOperation (C:\Users\tanne\Desktop\pw_v2\frontend\node_modules\jsdom\lib\jsdom\living\generated\EventListener.js:26:30)
    at innerInvokeEventListeners (C:\Users\tanne\Desktop\pw_v2\frontend\node_modules\jsdom\lib\jsdom\living\events\EventTarget-impl.js:360:16)
Error: useAuth must be used within an AuthProvider
    at useAuth (C:/Users/tanne/Desktop/pw_v2/frontend/src/contexts/AuthContext.jsx:17:11)
    at DiplomaPage (C:/Users/tanne/Desktop/pw_v2/frontend/src/pages/DiplomaPage.jsx:27:36)
    at renderWithHooks (C:\Users\tanne\Desktop\pw_v2\frontend\node_modules\react-dom\cjs\react-dom.development.js:15486:18)
    at updateFunctionComponent (C:\Users\tanne\Desktop\pw_v2\frontend\node_modules\react-dom\cjs\react-dom.development.js:19617:20)
    at updateSimpleMemoComponent (C:\Users\tanne\Desktop\pw_v2\frontend\node_modules\react-dom\cjs\react-dom.development.js:19454:10)
    at updateMemoComponent (C:\Users\tanne\Desktop\pw_v2\frontend\node_modules\react-dom\cjs\react-dom.development.js:19303:14)
    at beginWork (C:\Users\tanne\Desktop\pw_v2\frontend\node_modules\react-dom\cjs\react-dom.development.js:21712:16)
    at HTMLUnknownElement.callCallback (C:\Users\tanne\Desktop\pw_v2\frontend\node_modules\react-dom\cjs\react-dom.development.js:4164:14)
    at HTMLUnknownElement.callTheUserObjectsOperation (C:\Users\tanne\Desktop\pw_v2\frontend\node_modules\jsdom\lib\jsdom\living\generated\EventListener.js:26:30)
    at innerInvokeEventListeners (C:\Users\tanne\Desktop\pw_v2\frontend\node_modules\jsdom\lib\jsdom\living\events\EventTarget-impl.js:360:16)
[90mstderr[2m | src/pages/DiplomaPage.test.jsx[2m > [22m[2mDiplomaPage[2m > [22m[2mAchievement Sections[2m > [22m[2mopens accredited diploma modal from credits modal
[22m[39mThe above error occurred in the <DiplomaPage> component:

    at DiplomaPage (C:/Users/tanne/Desktop/pw_v2/frontend/src/pages/DiplomaPage.jsx:43:69)
    at OrganizationProvider (C:/Users/tanne/Desktop/pw_v2/frontend/src/contexts/OrganizationContext.jsx:17:33)
    at MockAuthProvider (C:/Users/tanne/Desktop/pw_v2/frontend/src/tests/test-utils.jsx:22:29)
    at Router (C:\Users\tanne\Desktop\pw_v2\frontend\node_modules\react-router\dist\umd\react-router.development.js:1207:17)
    at BrowserRouter (C:\Users\tanne\Desktop\pw_v2\frontend\node_modules\react-router-dom\dist\umd\react-router-dom.development.js:695:7)
    at QueryClientProvider (file:///C:/Users/tanne/Desktop/pw_v2/frontend/node_modules/@tanstack/react-query/build/modern/QueryClientProvider.js:20:3)
    at Wrapper (C:/Users/tanne/Desktop/pw_v2/frontend/src/tests/test-utils.jsx:60:22)

Consider adding an error boundary to your tree to customize error handling behavior.
Visit https://reactjs.org/link/error-boundaries to learn more about error boundaries.

Error: useAuth must be used within an AuthProvider
    at useAuth (C:/Users/tanne/Desktop/pw_v2/frontend/src/contexts/AuthContext.jsx:17:11)
    at DiplomaPage (C:/Users/tanne/Desktop/pw_v2/frontend/src/pages/DiplomaPage.jsx:27:36)
    at renderWithHooks (C:\Users\tanne\Desktop\pw_v2\frontend\node_modules\react-dom\cjs\react-dom.development.js:15486:18)
    at updateFunctionComponent (C:\Users\tanne\Desktop\pw_v2\frontend\node_modules\react-dom\cjs\react-dom.development.js:19617:20)
    at updateSimpleMemoComponent (C:\Users\tanne\Desktop\pw_v2\frontend\node_modules\react-dom\cjs\react-dom.development.js:19454:10)
    at updateMemoComponent (C:\Users\tanne\Desktop\pw_v2\frontend\node_modules\react-dom\cjs\react-dom.development.js:19303:14)
    at beginWork (C:\Users\tanne\Desktop\pw_v2\frontend\node_modules\react-dom\cjs\react-dom.development.js:21712:16)
    at HTMLUnknownElement.callCallback (C:\Users\tanne\Desktop\pw_v2\frontend\node_modules\react-dom\cjs\react-dom.development.js:4164:14)
    at HTMLUnknownElement.callTheUserObjectsOperation (C:\Users\tanne\Desktop\pw_v2\frontend\node_modules\jsdom\lib\jsdom\living\generated\EventListener.js:26:30)
    at innerInvokeEventListeners (C:\Users\tanne\Desktop\pw_v2\frontend\node_modules\jsdom\lib\jsdom\living\events\EventTarget-impl.js:360:16)
Error: useAuth must be used within an AuthProvider
    at useAuth (C:/Users/tanne/Desktop/pw_v2/frontend/src/contexts/AuthContext.jsx:17:11)
    at DiplomaPage (C:/Users/tanne/Desktop/pw_v2/frontend/src/pages/DiplomaPage.jsx:27:36)
    at renderWithHooks (C:\Users\tanne\Desktop\pw_v2\frontend\node_modules\react-dom\cjs\react-dom.development.js:15486:18)
    at updateFunctionComponent (C:\Users\tanne\Desktop\pw_v2\frontend\node_modules\react-dom\cjs\react-dom.development.js:19617:20)
    at updateSimpleMemoComponent (C:\Users\tanne\Desktop\pw_v2\frontend\node_modules\react-dom\cjs\react-dom.development.js:19454:10)
    at updateMemoComponent (C:\Users\tanne\Desktop\pw_v2\frontend\node_modules\react-dom\cjs\react-dom.development.js:19303:14)
    at beginWork (C:\Users\tanne\Desktop\pw_v2\frontend\node_modules\react-dom\cjs\react-dom.development.js:21712:16)
    at HTMLUnknownElement.callCallback (C:\Users\tanne\Desktop\pw_v2\frontend\node_modules\react-dom\cjs\react-dom.development.js:4164:14)
    at HTMLUnknownElement.callTheUserObjectsOperation (C:\Users\tanne\Desktop\pw_v2\frontend\node_modules\jsdom\lib\jsdom\living\generated\EventListener.js:26:30)
    at innerInvokeEventListeners (C:\Users\tanne\Desktop\pw_v2\frontend\node_modules\jsdom\lib\jsdom\living\events\EventTarget-impl.js:360:16)
[90mstderr[2m | src/pages/DiplomaPage.test.jsx[2m > [22m[2mDiplomaPage[2m > [22m[2mAchievement Sections[2m > [22m[2mdisplays hero section with portfolio diploma badge
[22m[39mThe above error occurred in the <DiplomaPage> component:

    at DiplomaPage (C:/Users/tanne/Desktop/pw_v2/frontend/src/pages/DiplomaPage.jsx:43:69)
    at OrganizationProvider (C:/Users/tanne/Desktop/pw_v2/frontend/src/contexts/OrganizationContext.jsx:17:33)
    at MockAuthProvider (C:/Users/tanne/Desktop/pw_v2/frontend/src/tests/test-utils.jsx:22:29)
    at Router (C:\Users\tanne\Desktop\pw_v2\frontend\node_modules\react-router\dist\umd\react-router.development.js:1207:17)
    at BrowserRouter (C:\Users\tanne\Desktop\pw_v2\frontend\node_modules\react-router-dom\dist\umd\react-router-dom.development.js:695:7)
    at QueryClientProvider (file:///C:/Users/tanne/Desktop/pw_v2/frontend/node_modules/@tanstack/react-query/build/modern/QueryClientProvider.js:20:3)
    at Wrapper (C:/Users/tanne/Desktop/pw_v2/frontend/src/tests/test-utils.jsx:60:22)

Consider adding an error boundary to your tree to customize error handling behavior.
Visit https://reactjs.org/link/error-boundaries to learn more about error boundaries.

Error: useAuth must be used within an AuthProvider
    at useAuth (C:/Users/tanne/Desktop/pw_v2/frontend/src/contexts/AuthContext.jsx:17:11)
    at DiplomaPage (C:/Users/tanne/Desktop/pw_v2/frontend/src/pages/DiplomaPage.jsx:27:36)
    at renderWithHooks (C:\Users\tanne\Desktop\pw_v2\frontend\node_modules\react-dom\cjs\react-dom.development.js:15486:18)
    at updateFunctionComponent (C:\Users\tanne\Desktop\pw_v2\frontend\node_modules\react-dom\cjs\react-dom.development.js:19617:20)
    at updateSimpleMemoComponent (C:\Users\tanne\Desktop\pw_v2\frontend\node_modules\react-dom\cjs\react-dom.development.js:19454:10)
    at updateMemoComponent (C:\Users\tanne\Desktop\pw_v2\frontend\node_modules\react-dom\cjs\react-dom.development.js:19303:14)
    at beginWork (C:\Users\tanne\Desktop\pw_v2\frontend\node_modules\react-dom\cjs\react-dom.development.js:21712:16)
    at HTMLUnknownElement.callCallback (C:\Users\tanne\Desktop\pw_v2\frontend\node_modules\react-dom\cjs\react-dom.development.js:4164:14)
    at HTMLUnknownElement.callTheUserObjectsOperation (C:\Users\tanne\Desktop\pw_v2\frontend\node_modules\jsdom\lib\jsdom\living\generated\EventListener.js:26:30)
    at innerInvokeEventListeners (C:\Users\tanne\Desktop\pw_v2\frontend\node_modules\jsdom\lib\jsdom\living\events\EventTarget-impl.js:360:16)
Error: useAuth must be used within an AuthProvider
    at useAuth (C:/Users/tanne/Desktop/pw_v2/frontend/src/contexts/AuthContext.jsx:17:11)
    at DiplomaPage (C:/Users/tanne/Desktop/pw_v2/frontend/src/pages/DiplomaPage.jsx:27:36)
    at renderWithHooks (C:\Users\tanne\Desktop\pw_v2\frontend\node_modules\react-dom\cjs\react-dom.development.js:15486:18)
    at updateFunctionComponent (C:\Users\tanne\Desktop\pw_v2\frontend\node_modules\react-dom\cjs\react-dom.development.js:19617:20)
    at updateSimpleMemoComponent (C:\Users\tanne\Desktop\pw_v2\frontend\node_modules\react-dom\cjs\react-dom.development.js:19454:10)
    at updateMemoComponent (C:\Users\tanne\Desktop\pw_v2\frontend\node_modules\react-dom\cjs\react-dom.development.js:19303:14)
    at beginWork (C:\Users\tanne\Desktop\pw_v2\frontend\node_modules\react-dom\cjs\react-dom.development.js:21712:16)
    at HTMLUnknownElement.callCallback (C:\Users\tanne\Desktop\pw_v2\frontend\node_modules\react-dom\cjs\react-dom.development.js:4164:14)
    at HTMLUnknownElement.callTheUserObjectsOperation (C:\Users\tanne\Desktop\pw_v2\frontend\node_modules\jsdom\lib\jsdom\living\generated\EventListener.js:26:30)
    at innerInvokeEventListeners (C:\Users\tanne\Desktop\pw_v2\frontend\node_modules\jsdom\lib\jsdom\living\events\EventTarget-impl.js:360:16)
[90mstderr[2m | src/pages/DiplomaPage.test.jsx[2m > [22m[2mDiplomaPage[2m > [22m[2mAchievement Sections[2m > [22m[2mhandles subject XP API failure gracefully
[22m[39mThe above error occurred in the <DiplomaPage> component:

    at DiplomaPage (C:/Users/tanne/Desktop/pw_v2/frontend/src/pages/DiplomaPage.jsx:43:69)
    at OrganizationProvider (C:/Users/tanne/Desktop/pw_v2/frontend/src/contexts/OrganizationContext.jsx:17:33)
    at MockAuthProvider (C:/Users/tanne/Desktop/pw_v2/frontend/src/tests/test-utils.jsx:22:29)
    at Router (C:\Users\tanne\Desktop\pw_v2\frontend\node_modules\react-router\dist\umd\react-router.development.js:1207:17)
    at BrowserRouter (C:\Users\tanne\Desktop\pw_v2\frontend\node_modules\react-router-dom\dist\umd\react-router-dom.development.js:695:7)
    at QueryClientProvider (file:///C:/Users/tanne/Desktop/pw_v2/frontend/node_modules/@tanstack/react-query/build/modern/QueryClientProvider.js:20:3)
    at Wrapper (C:/Users/tanne/Desktop/pw_v2/frontend/src/tests/test-utils.jsx:60:22)

Consider adding an error boundary to your tree to customize error handling behavior.
Visit https://reactjs.org/link/error-boundaries to learn more about error boundaries.

Error: useAuth must be used within an AuthProvider
    at useAuth (C:/Users/tanne/Desktop/pw_v2/frontend/src/contexts/AuthContext.jsx:17:11)
    at DiplomaPage (C:/Users/tanne/Desktop/pw_v2/frontend/src/pages/DiplomaPage.jsx:27:36)
    at renderWithHooks (C:\Users\tanne\Desktop\pw_v2\frontend\node_modules\react-dom\cjs\react-dom.development.js:15486:18)
    at updateFunctionComponent (C:\Users\tanne\Desktop\pw_v2\frontend\node_modules\react-dom\cjs\react-dom.development.js:19617:20)
    at updateSimpleMemoComponent (C:\Users\tanne\Desktop\pw_v2\frontend\node_modules\react-dom\cjs\react-dom.development.js:19454:10)
    at updateMemoComponent (C:\Users\tanne\Desktop\pw_v2\frontend\node_modules\react-dom\cjs\react-dom.development.js:19303:14)
    at beginWork (C:\Users\tanne\Desktop\pw_v2\frontend\node_modules\react-dom\cjs\react-dom.development.js:21712:16)
    at HTMLUnknownElement.callCallback (C:\Users\tanne\Desktop\pw_v2\frontend\node_modules\react-dom\cjs\react-dom.development.js:4164:14)
    at HTMLUnknownElement.callTheUserObjectsOperation (C:\Users\tanne\Desktop\pw_v2\frontend\node_modules\jsdom\lib\jsdom\living\generated\EventListener.js:26:30)
    at innerInvokeEventListeners (C:\Users\tanne\Desktop\pw_v2\frontend\node_modules\jsdom\lib\jsdom\living\events\EventTarget-impl.js:360:16)
Error: useAuth must be used within an AuthProvider
    at useAuth (C:/Users/tanne/Desktop/pw_v2/frontend/src/contexts/AuthContext.jsx:17:11)
    at DiplomaPage (C:/Users/tanne/Desktop/pw_v2/frontend/src/pages/DiplomaPage.jsx:27:36)
    at renderWithHooks (C:\Users\tanne\Desktop\pw_v2\frontend\node_modules\react-dom\cjs\react-dom.development.js:15486:18)
    at updateFunctionComponent (C:\Users\tanne\Desktop\pw_v2\frontend\node_modules\react-dom\cjs\react-dom.development.js:19617:20)
    at updateSimpleMemoComponent (C:\Users\tanne\Desktop\pw_v2\frontend\node_modules\react-dom\cjs\react-dom.development.js:19454:10)
    at updateMemoComponent (C:\Users\tanne\Desktop\pw_v2\frontend\node_modules\react-dom\cjs\react-dom.development.js:19303:14)
    at beginWork (C:\Users\tanne\Desktop\pw_v2\frontend\node_modules\react-dom\cjs\react-dom.development.js:21712:16)
    at HTMLUnknownElement.callCallback (C:\Users\tanne\Desktop\pw_v2\frontend\node_modules\react-dom\cjs\react-dom.development.js:4164:14)
    at HTMLUnknownElement.callTheUserObjectsOperation (C:\Users\tanne\Desktop\pw_v2\frontend\node_modules\jsdom\lib\jsdom\living\generated\EventListener.js:26:30)
    at innerInvokeEventListeners (C:\Users\tanne\Desktop\pw_v2\frontend\node_modules\jsdom\lib\jsdom\living\events\EventTarget-impl.js:360:16)
[90mstderr[2m | src/pages/DiplomaPage.test.jsx[2m > [22m[2mDiplomaPage[2m > [22m[2mEvidence Gallery[2m > [22m[2mdisplays evidence masonry gallery component
[22m[39mThe above error occurred in the <DiplomaPage> component:

    at DiplomaPage (C:/Users/tanne/Desktop/pw_v2/frontend/src/pages/DiplomaPage.jsx:43:69)
    at OrganizationProvider (C:/Users/tanne/Desktop/pw_v2/frontend/src/contexts/OrganizationContext.jsx:17:33)
    at MockAuthProvider (C:/Users/tanne/Desktop/pw_v2/frontend/src/tests/test-utils.jsx:22:29)
    at Router (C:\Users\tanne\Desktop\pw_v2\frontend\node_modules\react-router\dist\umd\react-router.development.js:1207:17)
    at BrowserRouter (C:\Users\tanne\Desktop\pw_v2\frontend\node_modules\react-router-dom\dist\umd\react-router-dom.development.js:695:7)
    at QueryClientProvider (file:///C:/Users/tanne/Desktop/pw_v2/frontend/node_modules/@tanstack/react-query/build/modern/QueryClientProvider.js:20:3)
    at Wrapper (C:/Users/tanne/Desktop/pw_v2/frontend/src/tests/test-utils.jsx:60:22)

Consider adding an error boundary to your tree to customize error handling behavior.
Visit https://reactjs.org/link/error-boundaries to learn more about error boundaries.

Error: useAuth must be used within an AuthProvider
    at useAuth (C:/Users/tanne/Desktop/pw_v2/frontend/src/contexts/AuthContext.jsx:17:11)
    at DiplomaPage (C:/Users/tanne/Desktop/pw_v2/frontend/src/pages/DiplomaPage.jsx:27:36)
    at renderWithHooks (C:\Users\tanne\Desktop\pw_v2\frontend\node_modules\react-dom\cjs\react-dom.development.js:15486:18)
    at updateFunctionComponent (C:\Users\tanne\Desktop\pw_v2\frontend\node_modules\react-dom\cjs\react-dom.development.js:19617:20)
    at updateSimpleMemoComponent (C:\Users\tanne\Desktop\pw_v2\frontend\node_modules\react-dom\cjs\react-dom.development.js:19454:10)
    at updateMemoComponent (C:\Users\tanne\Desktop\pw_v2\frontend\node_modules\react-dom\cjs\react-dom.development.js:19303:14)
    at beginWork (C:\Users\tanne\Desktop\pw_v2\frontend\node_modules\react-dom\cjs\react-dom.development.js:21712:16)
    at HTMLUnknownElement.callCallback (C:\Users\tanne\Desktop\pw_v2\frontend\node_modules\react-dom\cjs\react-dom.development.js:4164:14)
    at HTMLUnknownElement.callTheUserObjectsOperation (C:\Users\tanne\Desktop\pw_v2\frontend\node_modules\jsdom\lib\jsdom\living\generated\EventListener.js:26:30)
    at innerInvokeEventListeners (C:\Users\tanne\Desktop\pw_v2\frontend\node_modules\jsdom\lib\jsdom\living\events\EventTarget-impl.js:360:16)
Error: useAuth must be used within an AuthProvider
    at useAuth (C:/Users/tanne/Desktop/pw_v2/frontend/src/contexts/AuthContext.jsx:17:11)
    at DiplomaPage (C:/Users/tanne/Desktop/pw_v2/frontend/src/pages/DiplomaPage.jsx:27:36)
    at renderWithHooks (C:\Users\tanne\Desktop\pw_v2\frontend\node_modules\react-dom\cjs\react-dom.development.js:15486:18)
    at updateFunctionComponent (C:\Users\tanne\Desktop\pw_v2\frontend\node_modules\react-dom\cjs\react-dom.development.js:19617:20)
    at updateSimpleMemoComponent (C:\Users\tanne\Desktop\pw_v2\frontend\node_modules\react-dom\cjs\react-dom.development.js:19454:10)
    at updateMemoComponent (C:\Users\tanne\Desktop\pw_v2\frontend\node_modules\react-dom\cjs\react-dom.development.js:19303:14)
    at beginWork (C:\Users\tanne\Desktop\pw_v2\frontend\node_modules\react-dom\cjs\react-dom.development.js:21712:16)
    at HTMLUnknownElement.callCallback (C:\Users\tanne\Desktop\pw_v2\frontend\node_modules\react-dom\cjs\react-dom.development.js:4164:14)
    at HTMLUnknownElement.callTheUserObjectsOperation (C:\Users\tanne\Desktop\pw_v2\frontend\node_modules\jsdom\lib\jsdom\living\generated\EventListener.js:26:30)
    at innerInvokeEventListeners (C:\Users\tanne\Desktop\pw_v2\frontend\node_modules\jsdom\lib\jsdom\living\events\EventTarget-impl.js:360:16)
[90mstderr[2m | src/pages/DiplomaPage.test.jsx[2m > [22m[2mDiplomaPage[2m > [22m[2mEvidence Gallery[2m > [22m[2mpasses achievements to evidence gallery
[22m[39mThe above error occurred in the <DiplomaPage> component:

    at DiplomaPage (C:/Users/tanne/Desktop/pw_v2/frontend/src/pages/DiplomaPage.jsx:43:69)
    at OrganizationProvider (C:/Users/tanne/Desktop/pw_v2/frontend/src/contexts/OrganizationContext.jsx:17:33)
    at MockAuthProvider (C:/Users/tanne/Desktop/pw_v2/frontend/src/tests/test-utils.jsx:22:29)
    at Router (C:\Users\tanne\Desktop\pw_v2\frontend\node_modules\react-router\dist\umd\react-router.development.js:1207:17)
    at BrowserRouter (C:\Users\tanne\Desktop\pw_v2\frontend\node_modules\react-router-dom\dist\umd\react-router-dom.development.js:695:7)
    at QueryClientProvider (file:///C:/Users/tanne/Desktop/pw_v2/frontend/node_modules/@tanstack/react-query/build/modern/QueryClientProvider.js:20:3)
    at Wrapper (C:/Users/tanne/Desktop/pw_v2/frontend/src/tests/test-utils.jsx:60:22)

Consider adding an error boundary to your tree to customize error handling behavior.
Visit https://reactjs.org/link/error-boundaries to learn more about error boundaries.

Error: useAuth must be used within an AuthProvider
    at useAuth (C:/Users/tanne/Desktop/pw_v2/frontend/src/contexts/AuthContext.jsx:17:11)
    at DiplomaPage (C:/Users/tanne/Desktop/pw_v2/frontend/src/pages/DiplomaPage.jsx:27:36)
    at renderWithHooks (C:\Users\tanne\Desktop\pw_v2\frontend\node_modules\react-dom\cjs\react-dom.development.js:15486:18)
    at updateFunctionComponent (C:\Users\tanne\Desktop\pw_v2\frontend\node_modules\react-dom\cjs\react-dom.development.js:19617:20)
    at updateSimpleMemoComponent (C:\Users\tanne\Desktop\pw_v2\frontend\node_modules\react-dom\cjs\react-dom.development.js:19454:10)
    at updateMemoComponent (C:\Users\tanne\Desktop\pw_v2\frontend\node_modules\react-dom\cjs\react-dom.development.js:19303:14)
    at beginWork (C:\Users\tanne\Desktop\pw_v2\frontend\node_modules\react-dom\cjs\react-dom.development.js:21712:16)
    at HTMLUnknownElement.callCallback (C:\Users\tanne\Desktop\pw_v2\frontend\node_modules\react-dom\cjs\react-dom.development.js:4164:14)
    at HTMLUnknownElement.callTheUserObjectsOperation (C:\Users\tanne\Desktop\pw_v2\frontend\node_modules\jsdom\lib\jsdom\living\generated\EventListener.js:26:30)
    at innerInvokeEventListeners (C:\Users\tanne\Desktop\pw_v2\frontend\node_modules\jsdom\lib\jsdom\living\events\EventTarget-impl.js:360:16)
Error: useAuth must be used within an AuthProvider
    at useAuth (C:/Users/tanne/Desktop/pw_v2/frontend/src/contexts/AuthContext.jsx:17:11)
    at DiplomaPage (C:/Users/tanne/Desktop/pw_v2/frontend/src/pages/DiplomaPage.jsx:27:36)
    at renderWithHooks (C:\Users\tanne\Desktop\pw_v2\frontend\node_modules\react-dom\cjs\react-dom.development.js:15486:18)
    at updateFunctionComponent (C:\Users\tanne\Desktop\pw_v2\frontend\node_modules\react-dom\cjs\react-dom.development.js:19617:20)
    at updateSimpleMemoComponent (C:\Users\tanne\Desktop\pw_v2\frontend\node_modules\react-dom\cjs\react-dom.development.js:19454:10)
    at updateMemoComponent (C:\Users\tanne\Desktop\pw_v2\frontend\node_modules\react-dom\cjs\react-dom.development.js:19303:14)
    at beginWork (C:\Users\tanne\Desktop\pw_v2\frontend\node_modules\react-dom\cjs\react-dom.development.js:21712:16)
    at HTMLUnknownElement.callCallback (C:\Users\tanne\Desktop\pw_v2\frontend\node_modules\react-dom\cjs\react-dom.development.js:4164:14)
    at HTMLUnknownElement.callTheUserObjectsOperation (C:\Users\tanne\Desktop\pw_v2\frontend\node_modules\jsdom\lib\jsdom\living\generated\EventListener.js:26:30)
    at innerInvokeEventListeners (C:\Users\tanne\Desktop\pw_v2\frontend\node_modules\jsdom\lib\jsdom\living\events\EventTarget-impl.js:360:16)
[90mstderr[2m | src/pages/DiplomaPage.test.jsx[2m > [22m[2mDiplomaPage[2m > [22m[2mEvidence Gallery[2m > [22m[2mopens evidence detail modal when evidence item is clicked
[22m[39mThe above error occurred in the <DiplomaPage> component:

    at DiplomaPage (C:/Users/tanne/Desktop/pw_v2/frontend/src/pages/DiplomaPage.jsx:43:69)
    at OrganizationProvider (C:/Users/tanne/Desktop/pw_v2/frontend/src/contexts/OrganizationContext.jsx:17:33)
    at MockAuthProvider (C:/Users/tanne/Desktop/pw_v2/frontend/src/tests/test-utils.jsx:22:29)
    at Router (C:\Users\tanne\Desktop\pw_v2\frontend\node_modules\react-router\dist\umd\react-router.development.js:1207:17)
    at BrowserRouter (C:\Users\tanne\Desktop\pw_v2\frontend\node_modules\react-router-dom\dist\umd\react-router-dom.development.js:695:7)
    at QueryClientProvider (file:///C:/Users/tanne/Desktop/pw_v2/frontend/node_modules/@tanstack/react-query/build/modern/QueryClientProvider.js:20:3)
    at Wrapper (C:/Users/tanne/Desktop/pw_v2/frontend/src/tests/test-utils.jsx:60:22)

Consider adding an error boundary to your tree to customize error handling behavior.
Visit https://reactjs.org/link/error-boundaries to learn more about error boundaries.

Error: useAuth must be used within an AuthProvider
    at useAuth (C:/Users/tanne/Desktop/pw_v2/frontend/src/contexts/AuthContext.jsx:17:11)
    at DiplomaPage (C:/Users/tanne/Desktop/pw_v2/frontend/src/pages/DiplomaPage.jsx:27:36)
    at renderWithHooks (C:\Users\tanne\Desktop\pw_v2\frontend\node_modules\react-dom\cjs\react-dom.development.js:15486:18)
    at updateFunctionComponent (C:\Users\tanne\Desktop\pw_v2\frontend\node_modules\react-dom\cjs\react-dom.development.js:19617:20)
    at updateSimpleMemoComponent (C:\Users\tanne\Desktop\pw_v2\frontend\node_modules\react-dom\cjs\react-dom.development.js:19454:10)
    at updateMemoComponent (C:\Users\tanne\Desktop\pw_v2\frontend\node_modules\react-dom\cjs\react-dom.development.js:19303:14)
    at beginWork (C:\Users\tanne\Desktop\pw_v2\frontend\node_modules\react-dom\cjs\react-dom.development.js:21712:16)
    at HTMLUnknownElement.callCallback (C:\Users\tanne\Desktop\pw_v2\frontend\node_modules\react-dom\cjs\react-dom.development.js:4164:14)
    at HTMLUnknownElement.callTheUserObjectsOperation (C:\Users\tanne\Desktop\pw_v2\frontend\node_modules\jsdom\lib\jsdom\living\generated\EventListener.js:26:30)
    at innerInvokeEventListeners (C:\Users\tanne\Desktop\pw_v2\frontend\node_modules\jsdom\lib\jsdom\living\events\EventTarget-impl.js:360:16)
Error: useAuth must be used within an AuthProvider
    at useAuth (C:/Users/tanne/Desktop/pw_v2/frontend/src/contexts/AuthContext.jsx:17:11)
    at DiplomaPage (C:/Users/tanne/Desktop/pw_v2/frontend/src/pages/DiplomaPage.jsx:27:36)
    at renderWithHooks (C:\Users\tanne\Desktop\pw_v2\frontend\node_modules\react-dom\cjs\react-dom.development.js:15486:18)
    at updateFunctionComponent (C:\Users\tanne\Desktop\pw_v2\frontend\node_modules\react-dom\cjs\react-dom.development.js:19617:20)
    at updateSimpleMemoComponent (C:\Users\tanne\Desktop\pw_v2\frontend\node_modules\react-dom\cjs\react-dom.development.js:19454:10)
    at updateMemoComponent (C:\Users\tanne\Desktop\pw_v2\frontend\node_modules\react-dom\cjs\react-dom.development.js:19303:14)
    at beginWork (C:\Users\tanne\Desktop\pw_v2\frontend\node_modules\react-dom\cjs\react-dom.development.js:21712:16)
    at HTMLUnknownElement.callCallback (C:\Users\tanne\Desktop\pw_v2\frontend\node_modules\react-dom\cjs\react-dom.development.js:4164:14)
    at HTMLUnknownElement.callTheUserObjectsOperation (C:\Users\tanne\Desktop\pw_v2\frontend\node_modules\jsdom\lib\jsdom\living\generated\EventListener.js:26:30)
    at innerInvokeEventListeners (C:\Users\tanne\Desktop\pw_v2\frontend\node_modules\jsdom\lib\jsdom\living\events\EventTarget-impl.js:360:16)
[90mstderr[2m | src/pages/DiplomaPage.test.jsx[2m > [22m[2mDiplomaPage[2m > [22m[2mEvidence Gallery[2m > [22m[2mcloses evidence detail modal when close button is clicked
[22m[39mThe above error occurred in the <DiplomaPage> component:

    at DiplomaPage (C:/Users/tanne/Desktop/pw_v2/frontend/src/pages/DiplomaPage.jsx:43:69)
    at OrganizationProvider (C:/Users/tanne/Desktop/pw_v2/frontend/src/contexts/OrganizationContext.jsx:17:33)
    at MockAuthProvider (C:/Users/tanne/Desktop/pw_v2/frontend/src/tests/test-utils.jsx:22:29)
    at Router (C:\Users\tanne\Desktop\pw_v2\frontend\node_modules\react-router\dist\umd\react-router.development.js:1207:17)
    at BrowserRouter (C:\Users\tanne\Desktop\pw_v2\frontend\node_modules\react-router-dom\dist\umd\react-router-dom.development.js:695:7)
    at QueryClientProvider (file:///C:/Users/tanne/Desktop/pw_v2/frontend/node_modules/@tanstack/react-query/build/modern/QueryClientProvider.js:20:3)
    at Wrapper (C:/Users/tanne/Desktop/pw_v2/frontend/src/tests/test-utils.jsx:60:22)

Consider adding an error boundary to your tree to customize error handling behavior.
Visit https://reactjs.org/link/error-boundaries to learn more about error boundaries.

Error: useAuth must be used within an AuthProvider
    at useAuth (C:/Users/tanne/Desktop/pw_v2/frontend/src/contexts/AuthContext.jsx:17:11)
    at DiplomaPage (C:/Users/tanne/Desktop/pw_v2/frontend/src/pages/DiplomaPage.jsx:27:36)
    at renderWithHooks (C:\Users\tanne\Desktop\pw_v2\frontend\node_modules\react-dom\cjs\react-dom.development.js:15486:18)
    at updateFunctionComponent (C:\Users\tanne\Desktop\pw_v2\frontend\node_modules\react-dom\cjs\react-dom.development.js:19617:20)
    at updateSimpleMemoComponent (C:\Users\tanne\Desktop\pw_v2\frontend\node_modules\react-dom\cjs\react-dom.development.js:19454:10)
    at updateMemoComponent (C:\Users\tanne\Desktop\pw_v2\frontend\node_modules\react-dom\cjs\react-dom.development.js:19303:14)
    at beginWork (C:\Users\tanne\Desktop\pw_v2\frontend\node_modules\react-dom\cjs\react-dom.development.js:21712:16)
    at HTMLUnknownElement.callCallback (C:\Users\tanne\Desktop\pw_v2\frontend\node_modules\react-dom\cjs\react-dom.development.js:4164:14)
    at HTMLUnknownElement.callTheUserObjectsOperation (C:\Users\tanne\Desktop\pw_v2\frontend\node_modules\jsdom\lib\jsdom\living\generated\EventListener.js:26:30)
    at innerInvokeEventListeners (C:\Users\tanne\Desktop\pw_v2\frontend\node_modules\jsdom\lib\jsdom\living\events\EventTarget-impl.js:360:16)
Error: useAuth must be used within an AuthProvider
    at useAuth (C:/Users/tanne/Desktop/pw_v2/frontend/src/contexts/AuthContext.jsx:17:11)
    at DiplomaPage (C:/Users/tanne/Desktop/pw_v2/frontend/src/pages/DiplomaPage.jsx:27:36)
    at renderWithHooks (C:\Users\tanne\Desktop\pw_v2\frontend\node_modules\react-dom\cjs\react-dom.development.js:15486:18)
    at updateFunctionComponent (C:\Users\tanne\Desktop\pw_v2\frontend\node_modules\react-dom\cjs\react-dom.development.js:19617:20)
    at updateSimpleMemoComponent (C:\Users\tanne\Desktop\pw_v2\frontend\node_modules\react-dom\cjs\react-dom.development.js:19454:10)
    at updateMemoComponent (C:\Users\tanne\Desktop\pw_v2\frontend\node_modules\react-dom\cjs\react-dom.development.js:19303:14)
    at beginWork (C:\Users\tanne\Desktop\pw_v2\frontend\node_modules\react-dom\cjs\react-dom.development.js:21712:16)
    at HTMLUnknownElement.callCallback (C:\Users\tanne\Desktop\pw_v2\frontend\node_modules\react-dom\cjs\react-dom.development.js:4164:14)
    at HTMLUnknownElement.callTheUserObjectsOperation (C:\Users\tanne\Desktop\pw_v2\frontend\node_modules\jsdom\lib\jsdom\living\generated\EventListener.js:26:30)
    at innerInvokeEventListeners (C:\Users\tanne\Desktop\pw_v2\frontend\node_modules\jsdom\lib\jsdom\living\events\EventTarget-impl.js:360:16)
[90mstderr[2m | src/pages/DiplomaPage.test.jsx[2m > [22m[2mDiplomaPage[2m > [22m[2mEvidence Gallery[2m > [22m[2mdisplays unified evidence in detail modal
[22m[39mThe above error occurred in the <DiplomaPage> component:

    at DiplomaPage (C:/Users/tanne/Desktop/pw_v2/frontend/src/pages/DiplomaPage.jsx:43:69)
    at OrganizationProvider (C:/Users/tanne/Desktop/pw_v2/frontend/src/contexts/OrganizationContext.jsx:17:33)
    at MockAuthProvider (C:/Users/tanne/Desktop/pw_v2/frontend/src/tests/test-utils.jsx:22:29)
    at Router (C:\Users\tanne\Desktop\pw_v2\frontend\node_modules\react-router\dist\umd\react-router.development.js:1207:17)
    at BrowserRouter (C:\Users\tanne\Desktop\pw_v2\frontend\node_modules\react-router-dom\dist\umd\react-router-dom.development.js:695:7)
    at QueryClientProvider (file:///C:/Users/tanne/Desktop/pw_v2/frontend/node_modules/@tanstack/react-query/build/modern/QueryClientProvider.js:20:3)
    at Wrapper (C:/Users/tanne/Desktop/pw_v2/frontend/src/tests/test-utils.jsx:60:22)

Consider adding an error boundary to your tree to customize error handling behavior.
Visit https://reactjs.org/link/error-boundaries to learn more about error boundaries.

Error: useAuth must be used within an AuthProvider
    at useAuth (C:/Users/tanne/Desktop/pw_v2/frontend/src/contexts/AuthContext.jsx:17:11)
    at DiplomaPage (C:/Users/tanne/Desktop/pw_v2/frontend/src/pages/DiplomaPage.jsx:27:36)
    at renderWithHooks (C:\Users\tanne\Desktop\pw_v2\frontend\node_modules\react-dom\cjs\react-dom.development.js:15486:18)
    at updateFunctionComponent (C:\Users\tanne\Desktop\pw_v2\frontend\node_modules\react-dom\cjs\react-dom.development.js:19617:20)
    at updateSimpleMemoComponent (C:\Users\tanne\Desktop\pw_v2\frontend\node_modules\react-dom\cjs\react-dom.development.js:19454:10)
    at updateMemoComponent (C:\Users\tanne\Desktop\pw_v2\frontend\node_modules\react-dom\cjs\react-dom.development.js:19303:14)
    at beginWork (C:\Users\tanne\Desktop\pw_v2\frontend\node_modules\react-dom\cjs\react-dom.development.js:21712:16)
    at HTMLUnknownElement.callCallback (C:\Users\tanne\Desktop\pw_v2\frontend\node_modules\react-dom\cjs\react-dom.development.js:4164:14)
    at HTMLUnknownElement.callTheUserObjectsOperation (C:\Users\tanne\Desktop\pw_v2\frontend\node_modules\jsdom\lib\jsdom\living\generated\EventListener.js:26:30)
    at innerInvokeEventListeners (C:\Users\tanne\Desktop\pw_v2\frontend\node_modules\jsdom\lib\jsdom\living\events\EventTarget-impl.js:360:16)
Error: useAuth must be used within an AuthProvider
    at useAuth (C:/Users/tanne/Desktop/pw_v2/frontend/src/contexts/AuthContext.jsx:17:11)
    at DiplomaPage (C:/Users/tanne/Desktop/pw_v2/frontend/src/pages/DiplomaPage.jsx:27:36)
    at renderWithHooks (C:\Users\tanne\Desktop\pw_v2\frontend\node_modules\react-dom\cjs\react-dom.development.js:15486:18)
    at updateFunctionComponent (C:\Users\tanne\Desktop\pw_v2\frontend\node_modules\react-dom\cjs\react-dom.development.js:19617:20)
    at updateSimpleMemoComponent (C:\Users\tanne\Desktop\pw_v2\frontend\node_modules\react-dom\cjs\react-dom.development.js:19454:10)
    at updateMemoComponent (C:\Users\tanne\Desktop\pw_v2\frontend\node_modules\react-dom\cjs\react-dom.development.js:19303:14)
    at beginWork (C:\Users\tanne\Desktop\pw_v2\frontend\node_modules\react-dom\cjs\react-dom.development.js:21712:16)
    at HTMLUnknownElement.callCallback (C:\Users\tanne\Desktop\pw_v2\frontend\node_modules\react-dom\cjs\react-dom.development.js:4164:14)
    at HTMLUnknownElement.callTheUserObjectsOperation (C:\Users\tanne\Desktop\pw_v2\frontend\node_modules\jsdom\lib\jsdom\living\generated\EventListener.js:26:30)
    at innerInvokeEventListeners (C:\Users\tanne\Desktop\pw_v2\frontend\node_modules\jsdom\lib\jsdom\living\events\EventTarget-impl.js:360:16)
[90mstderr[2m | src/pages/DiplomaPage.test.jsx[2m > [22m[2mDiplomaPage[2m > [22m[2mEvidence Gallery[2m > [22m[2mdisplays empty state message when no achievements exist (owner)
[22m[39mThe above error occurred in the <DiplomaPage> component:

    at DiplomaPage (C:/Users/tanne/Desktop/pw_v2/frontend/src/pages/DiplomaPage.jsx:43:69)
    at OrganizationProvider (C:/Users/tanne/Desktop/pw_v2/frontend/src/contexts/OrganizationContext.jsx:17:33)
    at MockAuthProvider (C:/Users/tanne/Desktop/pw_v2/frontend/src/tests/test-utils.jsx:22:29)
    at Router (C:\Users\tanne\Desktop\pw_v2\frontend\node_modules\react-router\dist\umd\react-router.development.js:1207:17)
    at BrowserRouter (C:\Users\tanne\Desktop\pw_v2\frontend\node_modules\react-router-dom\dist\umd\react-router-dom.development.js:695:7)
    at QueryClientProvider (file:///C:/Users/tanne/Desktop/pw_v2/frontend/node_modules/@tanstack/react-query/build/modern/QueryClientProvider.js:20:3)
    at Wrapper (C:/Users/tanne/Desktop/pw_v2/frontend/src/tests/test-utils.jsx:60:22)

Consider adding an error boundary to your tree to customize error handling behavior.
Visit https://reactjs.org/link/error-boundaries to learn more about error boundaries.

Error: useAuth must be used within an AuthProvider
    at useAuth (C:/Users/tanne/Desktop/pw_v2/frontend/src/contexts/AuthContext.jsx:17:11)
    at DiplomaPage (C:/Users/tanne/Desktop/pw_v2/frontend/src/pages/DiplomaPage.jsx:27:36)
    at renderWithHooks (C:\Users\tanne\Desktop\pw_v2\frontend\node_modules\react-dom\cjs\react-dom.development.js:15486:18)
    at updateFunctionComponent (C:\Users\tanne\Desktop\pw_v2\frontend\node_modules\react-dom\cjs\react-dom.development.js:19617:20)
    at updateSimpleMemoComponent (C:\Users\tanne\Desktop\pw_v2\frontend\node_modules\react-dom\cjs\react-dom.development.js:19454:10)
    at updateMemoComponent (C:\Users\tanne\Desktop\pw_v2\frontend\node_modules\react-dom\cjs\react-dom.development.js:19303:14)
    at beginWork (C:\Users\tanne\Desktop\pw_v2\frontend\node_modules\react-dom\cjs\react-dom.development.js:21712:16)
    at HTMLUnknownElement.callCallback (C:\Users\tanne\Desktop\pw_v2\frontend\node_modules\react-dom\cjs\react-dom.development.js:4164:14)
    at HTMLUnknownElement.callTheUserObjectsOperation (C:\Users\tanne\Desktop\pw_v2\frontend\node_modules\jsdom\lib\jsdom\living\generated\EventListener.js:26:30)
    at innerInvokeEventListeners (C:\Users\tanne\Desktop\pw_v2\frontend\node_modules\jsdom\lib\jsdom\living\events\EventTarget-impl.js:360:16)
Error: useAuth must be used within an AuthProvider
    at useAuth (C:/Users/tanne/Desktop/pw_v2/frontend/src/contexts/AuthContext.jsx:17:11)
    at DiplomaPage (C:/Users/tanne/Desktop/pw_v2/frontend/src/pages/DiplomaPage.jsx:27:36)
    at renderWithHooks (C:\Users\tanne\Desktop\pw_v2\frontend\node_modules\react-dom\cjs\react-dom.development.js:15486:18)
    at updateFunctionComponent (C:\Users\tanne\Desktop\pw_v2\frontend\node_modules\react-dom\cjs\react-dom.development.js:19617:20)
    at updateSimpleMemoComponent (C:\Users\tanne\Desktop\pw_v2\frontend\node_modules\react-dom\cjs\react-dom.development.js:19454:10)
    at updateMemoComponent (C:\Users\tanne\Desktop\pw_v2\frontend\node_modules\react-dom\cjs\react-dom.development.js:19303:14)
    at beginWork (C:\Users\tanne\Desktop\pw_v2\frontend\node_modules\react-dom\cjs\react-dom.development.js:21712:16)
    at HTMLUnknownElement.callCallback (C:\Users\tanne\Desktop\pw_v2\frontend\node_modules\react-dom\cjs\react-dom.development.js:4164:14)
    at HTMLUnknownElement.callTheUserObjectsOperation (C:\Users\tanne\Desktop\pw_v2\frontend\node_modules\jsdom\lib\jsdom\living\generated\EventListener.js:26:30)
    at innerInvokeEventListeners (C:\Users\tanne\Desktop\pw_v2\frontend\node_modules\jsdom\lib\jsdom\living\events\EventTarget-impl.js:360:16)
[90mstderr[2m | src/pages/DiplomaPage.test.jsx[2m > [22m[2mDiplomaPage[2m > [22m[2mEvidence Gallery[2m > [22m[2mdisplays empty state message when no achievements exist (public)
[22m[39mThe above error occurred in the <DiplomaPage> component:

    at DiplomaPage (C:/Users/tanne/Desktop/pw_v2/frontend/src/pages/DiplomaPage.jsx:43:69)
    at OrganizationProvider (C:/Users/tanne/Desktop/pw_v2/frontend/src/contexts/OrganizationContext.jsx:17:33)
    at MockAuthProvider (C:/Users/tanne/Desktop/pw_v2/frontend/src/tests/test-utils.jsx:22:29)
    at Router (C:\Users\tanne\Desktop\pw_v2\frontend\node_modules\react-router\dist\umd\react-router.development.js:1207:17)
    at BrowserRouter (C:\Users\tanne\Desktop\pw_v2\frontend\node_modules\react-router-dom\dist\umd\react-router-dom.development.js:695:7)
    at QueryClientProvider (file:///C:/Users/tanne/Desktop/pw_v2/frontend/node_modules/@tanstack/react-query/build/modern/QueryClientProvider.js:20:3)
    at Wrapper (C:/Users/tanne/Desktop/pw_v2/frontend/src/tests/test-utils.jsx:60:22)

Consider adding an error boundary to your tree to customize error handling behavior.
Visit https://reactjs.org/link/error-boundaries to learn more about error boundaries.

Error: useAuth must be used within an AuthProvider
    at useAuth (C:/Users/tanne/Desktop/pw_v2/frontend/src/contexts/AuthContext.jsx:17:11)
    at DiplomaPage (C:/Users/tanne/Desktop/pw_v2/frontend/src/pages/DiplomaPage.jsx:27:36)
    at renderWithHooks (C:\Users\tanne\Desktop\pw_v2\frontend\node_modules\react-dom\cjs\react-dom.development.js:15486:18)
    at updateFunctionComponent (C:\Users\tanne\Desktop\pw_v2\frontend\node_modules\react-dom\cjs\react-dom.development.js:19617:20)
    at updateSimpleMemoComponent (C:\Users\tanne\Desktop\pw_v2\frontend\node_modules\react-dom\cjs\react-dom.development.js:19454:10)
    at updateMemoComponent (C:\Users\tanne\Desktop\pw_v2\frontend\node_modules\react-dom\cjs\react-dom.development.js:19303:14)
    at beginWork (C:\Users\tanne\Desktop\pw_v2\frontend\node_modules\react-dom\cjs\react-dom.development.js:21712:16)
    at HTMLUnknownElement.callCallback (C:\Users\tanne\Desktop\pw_v2\frontend\node_modules\react-dom\cjs\react-dom.development.js:4164:14)
    at HTMLUnknownElement.callTheUserObjectsOperation (C:\Users\tanne\Desktop\pw_v2\frontend\node_modules\jsdom\lib\jsdom\living\generated\EventListener.js:26:30)
    at innerInvokeEventListeners (C:\Users\tanne\Desktop\pw_v2\frontend\node_modules\jsdom\lib\jsdom\living\events\EventTarget-impl.js:360:16)
Error: useAuth must be used within an AuthProvider
    at useAuth (C:/Users/tanne/Desktop/pw_v2/frontend/src/contexts/AuthContext.jsx:17:11)
    at DiplomaPage (C:/Users/tanne/Desktop/pw_v2/frontend/src/pages/DiplomaPage.jsx:27:36)
    at renderWithHooks (C:\Users\tanne\Desktop\pw_v2\frontend\node_modules\react-dom\cjs\react-dom.development.js:15486:18)
    at updateFunctionComponent (C:\Users\tanne\Desktop\pw_v2\frontend\node_modules\react-dom\cjs\react-dom.development.js:19617:20)
    at updateSimpleMemoComponent (C:\Users\tanne\Desktop\pw_v2\frontend\node_modules\react-dom\cjs\react-dom.development.js:19454:10)
    at updateMemoComponent (C:\Users\tanne\Desktop\pw_v2\frontend\node_modules\react-dom\cjs\react-dom.development.js:19303:14)
    at beginWork (C:\Users\tanne\Desktop\pw_v2\frontend\node_modules\react-dom\cjs\react-dom.development.js:21712:16)
    at HTMLUnknownElement.callCallback (C:\Users\tanne\Desktop\pw_v2\frontend\node_modules\react-dom\cjs\react-dom.development.js:4164:14)
    at HTMLUnknownElement.callTheUserObjectsOperation (C:\Users\tanne\Desktop\pw_v2\frontend\node_modules\jsdom\lib\jsdom\living\generated\EventListener.js:26:30)
    at innerInvokeEventListeners (C:\Users\tanne\Desktop\pw_v2\frontend\node_modules\jsdom\lib\jsdom\living\events\EventTarget-impl.js:360:16)
[90mstderr[2m | src/pages/DiplomaPage.test.jsx[2m > [22m[2mDiplomaPage[2m > [22m[2mEvidence Gallery[2m > [22m[2mdisplays pillar badge and XP in evidence modal header
[22m[39mThe above error occurred in the <DiplomaPage> component:

    at DiplomaPage (C:/Users/tanne/Desktop/pw_v2/frontend/src/pages/DiplomaPage.jsx:43:69)
    at OrganizationProvider (C:/Users/tanne/Desktop/pw_v2/frontend/src/contexts/OrganizationContext.jsx:17:33)
    at MockAuthProvider (C:/Users/tanne/Desktop/pw_v2/frontend/src/tests/test-utils.jsx:22:29)
    at Router (C:\Users\tanne\Desktop\pw_v2\frontend\node_modules\react-router\dist\umd\react-router.development.js:1207:17)
    at BrowserRouter (C:\Users\tanne\Desktop\pw_v2\frontend\node_modules\react-router-dom\dist\umd\react-router-dom.development.js:695:7)
    at QueryClientProvider (file:///C:/Users/tanne/Desktop/pw_v2/frontend/node_modules/@tanstack/react-query/build/modern/QueryClientProvider.js:20:3)
    at Wrapper (C:/Users/tanne/Desktop/pw_v2/frontend/src/tests/test-utils.jsx:60:22)

Consider adding an error boundary to your tree to customize error handling behavior.
Visit https://reactjs.org/link/error-boundaries to learn more about error boundaries.

Error: useAuth must be used within an AuthProvider
    at useAuth (C:/Users/tanne/Desktop/pw_v2/frontend/src/contexts/AuthContext.jsx:17:11)
    at DiplomaPage (C:/Users/tanne/Desktop/pw_v2/frontend/src/pages/DiplomaPage.jsx:27:36)
    at renderWithHooks (C:\Users\tanne\Desktop\pw_v2\frontend\node_modules\react-dom\cjs\react-dom.development.js:15486:18)
    at updateFunctionComponent (C:\Users\tanne\Desktop\pw_v2\frontend\node_modules\react-dom\cjs\react-dom.development.js:19617:20)
    at updateSimpleMemoComponent (C:\Users\tanne\Desktop\pw_v2\frontend\node_modules\react-dom\cjs\react-dom.development.js:19454:10)
    at updateMemoComponent (C:\Users\tanne\Desktop\pw_v2\frontend\node_modules\react-dom\cjs\react-dom.development.js:19303:14)
    at beginWork (C:\Users\tanne\Desktop\pw_v2\frontend\node_modules\react-dom\cjs\react-dom.development.js:21712:16)
    at HTMLUnknownElement.callCallback (C:\Users\tanne\Desktop\pw_v2\frontend\node_modules\react-dom\cjs\react-dom.development.js:4164:14)
    at HTMLUnknownElement.callTheUserObjectsOperation (C:\Users\tanne\Desktop\pw_v2\frontend\node_modules\jsdom\lib\jsdom\living\generated\EventListener.js:26:30)
    at innerInvokeEventListeners (C:\Users\tanne\Desktop\pw_v2\frontend\node_modules\jsdom\lib\jsdom\living\events\EventTarget-impl.js:360:16)
Error: useAuth must be used within an AuthProvider
    at useAuth (C:/Users/tanne/Desktop/pw_v2/frontend/src/contexts/AuthContext.jsx:17:11)
    at DiplomaPage (C:/Users/tanne/Desktop/pw_v2/frontend/src/pages/DiplomaPage.jsx:27:36)
    at renderWithHooks (C:\Users\tanne\Desktop\pw_v2\frontend\node_modules\react-dom\cjs\react-dom.development.js:15486:18)
    at updateFunctionComponent (C:\Users\tanne\Desktop\pw_v2\frontend\node_modules\react-dom\cjs\react-dom.development.js:19617:20)
    at updateSimpleMemoComponent (C:\Users\tanne\Desktop\pw_v2\frontend\node_modules\react-dom\cjs\react-dom.development.js:19454:10)
    at updateMemoComponent (C:\Users\tanne\Desktop\pw_v2\frontend\node_modules\react-dom\cjs\react-dom.development.js:19303:14)
    at beginWork (C:\Users\tanne\Desktop\pw_v2\frontend\node_modules\react-dom\cjs\react-dom.development.js:21712:16)
    at HTMLUnknownElement.callCallback (C:\Users\tanne\Desktop\pw_v2\frontend\node_modules\react-dom\cjs\react-dom.development.js:4164:14)
    at HTMLUnknownElement.callTheUserObjectsOperation (C:\Users\tanne\Desktop\pw_v2\frontend\node_modules\jsdom\lib\jsdom\living\generated\EventListener.js:26:30)
    at innerInvokeEventListeners (C:\Users\tanne\Desktop\pw_v2\frontend\node_modules\jsdom\lib\jsdom\living\events\EventTarget-impl.js:360:16)
Error: useAuth must be used within an AuthProvider
    at useAuth (C:/Users/tanne/Desktop/pw_v2/frontend/src/contexts/AuthContext.jsx:17:11)
    at DiplomaPage (C:/Users/tanne/Desktop/pw_v2/frontend/src/pages/DiplomaPage.jsx:27:36)
    at renderWithHooks (C:\Users\tanne\Desktop\pw_v2\frontend\node_modules\react-dom\cjs\react-dom.development.js:15486:18)
    at updateFunctionComponent (C:\Users\tanne\Desktop\pw_v2\frontend\node_modules\react-dom\cjs\react-dom.development.js:19617:20)
    at updateSimpleMemoComponent (C:\Users\tanne\Desktop\pw_v2\frontend\node_modules\react-dom\cjs\react-dom.development.js:19454:10)
    at updateMemoComponent (C:\Users\tanne\Desktop\pw_v2\frontend\node_modules\react-dom\cjs\react-dom.development.js:19303:14)
    at beginWork (C:\Users\tanne\Desktop\pw_v2\frontend\node_modules\react-dom\cjs\react-dom.development.js:21712:16)
    at HTMLUnknownElement.callCallback (C:\Users\tanne\Desktop\pw_v2\frontend\node_modules\react-dom\cjs\react-dom.development.js:4164:14)
    at HTMLUnknownElement.callTheUserObjectsOperation (C:\Users\tanne\Desktop\pw_v2\frontend\node_modules\jsdom\lib\jsdom\living\generated\EventListener.js:26:30)
    at innerInvokeEventListeners (C:\Users\tanne\Desktop\pw_v2\frontend\node_modules\jsdom\lib\jsdom\living\events\EventTarget-impl.js:360:16)
Error: useAuth must be used within an AuthProvider
    at useAuth (C:/Users/tanne/Desktop/pw_v2/frontend/src/contexts/AuthContext.jsx:17:11)
    at DiplomaPage (C:/Users/tanne/Desktop/pw_v2/frontend/src/pages/DiplomaPage.jsx:27:36)
    at renderWithHooks (C:\Users\tanne\Desktop\pw_v2\frontend\node_modules\react-dom\cjs\react-dom.development.js:15486:18)
    at updateFunctionComponent (C:\Users\tanne\Desktop\pw_v2\frontend\node_modules\react-dom\cjs\react-dom.development.js:19617:20)
    at updateSimpleMemoComponent (C:\Users\tanne\Desktop\pw_v2\frontend\node_modules\react-dom\cjs\react-dom.development.js:19454:10)
    at updateMemoComponent (C:\Users\tanne\Desktop\pw_v2\frontend\node_modules\react-dom\cjs\react-dom.development.js:19303:14)
    at beginWork (C:\Users\tanne\Desktop\pw_v2\frontend\node_modules\react-dom\cjs\react-dom.development.js:21712:16)
    at HTMLUnknownElement.callCallback (C:\Users\tanne\Desktop\pw_v2\frontend\node_modules\react-dom\cjs\react-dom.development.js:4164:14)
    at HTMLUnknownElement.callTheUserObjectsOperation (C:\Users\tanne\Desktop\pw_v2\frontend\node_modules\jsdom\lib\jsdom\living\generated\EventListener.js:26:30)
    at innerInvokeEventListeners (C:\Users\tanne\Desktop\pw_v2\frontend\node_modules\jsdom\lib\jsdom\living\events\EventTarget-impl.js:360:16)
Error: useAuth must be used within an AuthProvider
    at useAuth (C:/Users/tanne/Desktop/pw_v2/frontend/src/contexts/AuthContext.jsx:17:11)
    at DiplomaPage (C:/Users/tanne/Desktop/pw_v2/frontend/src/pages/DiplomaPage.jsx:27:36)
    at renderWithHooks (C:\Users\tanne\Desktop\pw_v2\frontend\node_modules\react-dom\cjs\react-dom.development.js:15486:18)
    at updateFunctionComponent (C:\Users\tanne\Desktop\pw_v2\frontend\node_modules\react-dom\cjs\react-dom.development.js:19617:20)
    at updateSimpleMemoComponent (C:\Users\tanne\Desktop\pw_v2\frontend\node_modules\react-dom\cjs\react-dom.development.js:19454:10)
    at updateMemoComponent (C:\Users\tanne\Desktop\pw_v2\frontend\node_modules\react-dom\cjs\react-dom.development.js:19303:14)
    at beginWork (C:\Users\tanne\Desktop\pw_v2\frontend\node_modules\react-dom\cjs\react-dom.development.js:21712:16)
    at HTMLUnknownElement.callCallback (C:\Users\tanne\Desktop\pw_v2\frontend\node_modules\react-dom\cjs\react-dom.development.js:4164:14)
    at HTMLUnknownElement.callTheUserObjectsOperation (C:\Users\tanne\Desktop\pw_v2\frontend\node_modules\jsdom\lib\jsdom\living\generated\EventListener.js:26:30)
    at innerInvokeEventListeners (C:\Users\tanne\Desktop\pw_v2\frontend\node_modules\jsdom\lib\jsdom\living\events\EventTarget-impl.js:360:16)
Error: useAuth must be used within an AuthProvider
    at useAuth (C:/Users/tanne/Desktop/pw_v2/frontend/src/contexts/AuthContext.jsx:17:11)
    at DiplomaPage (C:/Users/tanne/Desktop/pw_v2/frontend/src/pages/DiplomaPage.jsx:27:36)
    at renderWithHooks (C:\Users\tanne\Desktop\pw_v2\frontend\node_modules\react-dom\cjs\react-dom.development.js:15486:18)
    at updateFunctionComponent (C:\Users\tanne\Desktop\pw_v2\frontend\node_modules\react-dom\cjs\react-dom.development.js:19617:20)
    at updateSimpleMemoComponent (C:\Users\tanne\Desktop\pw_v2\frontend\node_modules\react-dom\cjs\react-dom.development.js:19454:10)
    at updateMemoComponent (C:\Users\tanne\Desktop\pw_v2\frontend\node_modules\react-dom\cjs\react-dom.development.js:19303:14)
    at beginWork (C:\Users\tanne\Desktop\pw_v2\frontend\node_modules\react-dom\cjs\react-dom.development.js:21712:16)
    at HTMLUnknownElement.callCallback (C:\Users\tanne\Desktop\pw_v2\frontend\node_modules\react-dom\cjs\react-dom.development.js:4164:14)
    at HTMLUnknownElement.callTheUserObjectsOperation (C:\Users\tanne\Desktop\pw_v2\frontend\node_modules\jsdom\lib\jsdom\living\generated\EventListener.js:26:30)
    at innerInvokeEventListeners (C:\Users\tanne\Desktop\pw_v2\frontend\node_modules\jsdom\lib\jsdom\living\events\EventTarget-impl.js:360:16)
Error: useAuth must be used within an AuthProvider
    at useAuth (C:/Users/tanne/Desktop/pw_v2/frontend/src/contexts/AuthContext.jsx:17:11)
    at DiplomaPage (C:/Users/tanne/Desktop/pw_v2/frontend/src/pages/DiplomaPage.jsx:27:36)
    at renderWithHooks (C:\Users\tanne\Desktop\pw_v2\frontend\node_modules\react-dom\cjs\react-dom.development.js:15486:18)
    at updateFunctionComponent (C:\Users\tanne\Desktop\pw_v2\frontend\node_modules\react-dom\cjs\react-dom.development.js:19617:20)
    at updateSimpleMemoComponent (C:\Users\tanne\Desktop\pw_v2\frontend\node_modules\react-dom\cjs\react-dom.development.js:19454:10)
    at updateMemoComponent (C:\Users\tanne\Desktop\pw_v2\frontend\node_modules\react-dom\cjs\react-dom.development.js:19303:14)
    at beginWork (C:\Users\tanne\Desktop\pw_v2\frontend\node_modules\react-dom\cjs\react-dom.development.js:21712:16)
    at HTMLUnknownElement.callCallback (C:\Users\tanne\Desktop\pw_v2\frontend\node_modules\react-dom\cjs\react-dom.development.js:4164:14)
    at HTMLUnknownElement.callTheUserObjectsOperation (C:\Users\tanne\Desktop\pw_v2\frontend\node_modules\jsdom\lib\jsdom\living\generated\EventListener.js:26:30)
    at innerInvokeEventListeners (C:\Users\tanne\Desktop\pw_v2\frontend\node_modules\jsdom\lib\jsdom\living\events\EventTarget-impl.js:360:16)
Error: useAuth must be used within an AuthProvider
    at useAuth (C:/Users/tanne/Desktop/pw_v2/frontend/src/contexts/AuthContext.jsx:17:11)
    at DiplomaPage (C:/Users/tanne/Desktop/pw_v2/frontend/src/pages/DiplomaPage.jsx:27:36)
    at renderWithHooks (C:\Users\tanne\Desktop\pw_v2\frontend\node_modules\react-dom\cjs\react-dom.development.js:15486:18)
    at updateFunctionComponent (C:\Users\tanne\Desktop\pw_v2\frontend\node_modules\react-dom\cjs\react-dom.development.js:19617:20)
    at updateSimpleMemoComponent (C:\Users\tanne\Desktop\pw_v2\frontend\node_modules\react-dom\cjs\react-dom.development.js:19454:10)
    at updateMemoComponent (C:\Users\tanne\Desktop\pw_v2\frontend\node_modules\react-dom\cjs\react-dom.development.js:19303:14)
    at beginWork (C:\Users\tanne\Desktop\pw_v2\frontend\node_modules\react-dom\cjs\react-dom.development.js:21712:16)
    at HTMLUnknownElement.callCallback (C:\Users\tanne\Desktop\pw_v2\frontend\node_modules\react-dom\cjs\react-dom.development.js:4164:14)
    at HTMLUnknownElement.callTheUserObjectsOperation (C:\Users\tanne\Desktop\pw_v2\frontend\node_modules\jsdom\lib\jsdom\living\generated\EventListener.js:26:30)
    at innerInvokeEventListeners (C:\Users\tanne\Desktop\pw_v2\frontend\node_modules\jsdom\lib\jsdom\living\events\EventTarget-impl.js:360:16)
Error: useAuth must be used within an AuthProvider
    at useAuth (C:/Users/tanne/Desktop/pw_v2/frontend/src/contexts/AuthContext.jsx:17:11)
    at DiplomaPage (C:/Users/tanne/Desktop/pw_v2/frontend/src/pages/DiplomaPage.jsx:27:36)
    at renderWithHooks (C:\Users\tanne\Desktop\pw_v2\frontend\node_modules\react-dom\cjs\react-dom.development.js:15486:18)
    at updateFunctionComponent (C:\Users\tanne\Desktop\pw_v2\frontend\node_modules\react-dom\cjs\react-dom.development.js:19617:20)
    at updateSimpleMemoComponent (C:\Users\tanne\Desktop\pw_v2\frontend\node_modules\react-dom\cjs\react-dom.development.js:19454:10)
    at updateMemoComponent (C:\Users\tanne\Desktop\pw_v2\frontend\node_modules\react-dom\cjs\react-dom.development.js:19303:14)
    at beginWork (C:\Users\tanne\Desktop\pw_v2\frontend\node_modules\react-dom\cjs\react-dom.development.js:21712:16)
    at HTMLUnknownElement.callCallback (C:\Users\tanne\Desktop\pw_v2\frontend\node_modules\react-dom\cjs\react-dom.development.js:4164:14)
    at HTMLUnknownElement.callTheUserObjectsOperation (C:\Users\tanne\Desktop\pw_v2\frontend\node_modules\jsdom\lib\jsdom\living\generated\EventListener.js:26:30)
    at innerInvokeEventListeners (C:\Users\tanne\Desktop\pw_v2\frontend\node_modules\jsdom\lib\jsdom\living\events\EventTarget-impl.js:360:16)
Error: useAuth must be used within an AuthProvider
    at useAuth (C:/Users/tanne/Desktop/pw_v2/frontend/src/contexts/AuthContext.jsx:17:11)
    at DiplomaPage (C:/Users/tanne/Desktop/pw_v2/frontend/src/pages/DiplomaPage.jsx:27:36)
    at renderWithHooks (C:\Users\tanne\Desktop\pw_v2\frontend\node_modules\react-dom\cjs\react-dom.development.js:15486:18)
    at updateFunctionComponent (C:\Users\tanne\Desktop\pw_v2\frontend\node_modules\react-dom\cjs\react-dom.development.js:19617:20)
    at updateSimpleMemoComponent (C:\Users\tanne\Desktop\pw_v2\frontend\node_modules\react-dom\cjs\react-dom.development.js:19454:10)
    at updateMemoComponent (C:\Users\tanne\Desktop\pw_v2\frontend\node_modules\react-dom\cjs\react-dom.development.js:19303:14)
    at beginWork (C:\Users\tanne\Desktop\pw_v2\frontend\node_modules\react-dom\cjs\react-dom.development.js:21712:16)
    at HTMLUnknownElement.callCallback (C:\Users\tanne\Desktop\pw_v2\frontend\node_modules\react-dom\cjs\react-dom.development.js:4164:14)
    at HTMLUnknownElement.callTheUserObjectsOperation (C:\Users\tanne\Desktop\pw_v2\frontend\node_modules\jsdom\lib\jsdom\living\generated\EventListener.js:26:30)
    at innerInvokeEventListeners (C:\Users\tanne\Desktop\pw_v2\frontend\node_modules\jsdom\lib\jsdom\living\events\EventTarget-impl.js:360:16)
Error: useAuth must be used within an AuthProvider
    at useAuth (C:/Users/tanne/Desktop/pw_v2/frontend/src/contexts/AuthContext.jsx:17:11)
    at DiplomaPage (C:/Users/tanne/Desktop/pw_v2/frontend/src/pages/DiplomaPage.jsx:27:36)
    at renderWithHooks (C:\Users\tanne\Desktop\pw_v2\frontend\node_modules\react-dom\cjs\react-dom.development.js:15486:18)
    at updateFunctionComponent (C:\Users\tanne\Desktop\pw_v2\frontend\node_modules\react-dom\cjs\react-dom.development.js:19617:20)
    at updateSimpleMemoComponent (C:\Users\tanne\Desktop\pw_v2\frontend\node_modules\react-dom\cjs\react-dom.development.js:19454:10)
    at updateMemoComponent (C:\Users\tanne\Desktop\pw_v2\frontend\node_modules\react-dom\cjs\react-dom.development.js:19303:14)
    at beginWork (C:\Users\tanne\Desktop\pw_v2\frontend\node_modules\react-dom\cjs\react-dom.development.js:21712:16)
    at HTMLUnknownElement.callCallback (C:\Users\tanne\Desktop\pw_v2\frontend\node_modules\react-dom\cjs\react-dom.development.js:4164:14)
    at HTMLUnknownElement.callTheUserObjectsOperation (C:\Users\tanne\Desktop\pw_v2\frontend\node_modules\jsdom\lib\jsdom\living\generated\EventListener.js:26:30)
    at innerInvokeEventListeners (C:\Users\tanne\Desktop\pw_v2\frontend\node_modules\jsdom\lib\jsdom\living\events\EventTarget-impl.js:360:16)
Error: useAuth must be used within an AuthProvider
    at useAuth (C:/Users/tanne/Desktop/pw_v2/frontend/src/contexts/AuthContext.jsx:17:11)
    at DiplomaPage (C:/Users/tanne/Desktop/pw_v2/frontend/src/pages/DiplomaPage.jsx:27:36)
    at renderWithHooks (C:\Users\tanne\Desktop\pw_v2\frontend\node_modules\react-dom\cjs\react-dom.development.js:15486:18)
    at updateFunctionComponent (C:\Users\tanne\Desktop\pw_v2\frontend\node_modules\react-dom\cjs\react-dom.development.js:19617:20)
    at updateSimpleMemoComponent (C:\Users\tanne\Desktop\pw_v2\frontend\node_modules\react-dom\cjs\react-dom.development.js:19454:10)
    at updateMemoComponent (C:\Users\tanne\Desktop\pw_v2\frontend\node_modules\react-dom\cjs\react-dom.development.js:19303:14)
    at beginWork (C:\Users\tanne\Desktop\pw_v2\frontend\node_modules\react-dom\cjs\react-dom.development.js:21712:16)
    at HTMLUnknownElement.callCallback (C:\Users\tanne\Desktop\pw_v2\frontend\node_modules\react-dom\cjs\react-dom.development.js:4164:14)
    at HTMLUnknownElement.callTheUserObjectsOperation (C:\Users\tanne\Desktop\pw_v2\frontend\node_modules\jsdom\lib\jsdom\living\generated\EventListener.js:26:30)
    at innerInvokeEventListeners (C:\Users\tanne\Desktop\pw_v2\frontend\node_modules\jsdom\lib\jsdom\living\events\EventTarget-impl.js:360:16)
Error: useAuth must be used within an AuthProvider
    at useAuth (C:/Users/tanne/Desktop/pw_v2/frontend/src/contexts/AuthContext.jsx:17:11)
    at DiplomaPage (C:/Users/tanne/Desktop/pw_v2/frontend/src/pages/DiplomaPage.jsx:27:36)
    at renderWithHooks (C:\Users\tanne\Desktop\pw_v2\frontend\node_modules\react-dom\cjs\react-dom.development.js:15486:18)
    at updateFunctionComponent (C:\Users\tanne\Desktop\pw_v2\frontend\node_modules\react-dom\cjs\react-dom.development.js:19617:20)
    at updateSimpleMemoComponent (C:\Users\tanne\Desktop\pw_v2\frontend\node_modules\react-dom\cjs\react-dom.development.js:19454:10)
    at updateMemoComponent (C:\Users\tanne\Desktop\pw_v2\frontend\node_modules\react-dom\cjs\react-dom.development.js:19303:14)
    at beginWork (C:\Users\tanne\Desktop\pw_v2\frontend\node_modules\react-dom\cjs\react-dom.development.js:21712:16)
    at HTMLUnknownElement.callCallback (C:\Users\tanne\Desktop\pw_v2\frontend\node_modules\react-dom\cjs\react-dom.development.js:4164:14)
    at HTMLUnknownElement.callTheUserObjectsOperation (C:\Users\tanne\Desktop\pw_v2\frontend\node_modules\jsdom\lib\jsdom\living\generated\EventListener.js:26:30)
    at innerInvokeEventListeners (C:\Users\tanne\Desktop\pw_v2\frontend\node_modules\jsdom\lib\jsdom\living\events\EventTarget-impl.js:360:16)
[90mstderr[2m | src/pages/DiplomaPage.test.jsx[2m > [22m[2mDiplomaPage[2m > [22m[2mEvidence Gallery[2m > [22m[2mdisplays completion date in evidence modal
[22m[39mThe above error occurred in the <DiplomaPage> component:

    at DiplomaPage (C:/Users/tanne/Desktop/pw_v2/frontend/src/pages/DiplomaPage.jsx:43:69)
    at OrganizationProvider (C:/Users/tanne/Desktop/pw_v2/frontend/src/contexts/OrganizationContext.jsx:17:33)
    at MockAuthProvider (C:/Users/tanne/Desktop/pw_v2/frontend/src/tests/test-utils.jsx:22:29)
    at Router (C:\Users\tanne\Desktop\pw_v2\frontend\node_modules\react-router\dist\umd\react-router.development.js:1207:17)
    at BrowserRouter (C:\Users\tanne\Desktop\pw_v2\frontend\node_modules\react-router-dom\dist\umd\react-router-dom.development.js:695:7)
    at QueryClientProvider (file:///C:/Users/tanne/Desktop/pw_v2/frontend/node_modules/@tanstack/react-query/build/modern/QueryClientProvider.js:20:3)
    at Wrapper (C:/Users/tanne/Desktop/pw_v2/frontend/src/tests/test-utils.jsx:60:22)

Consider adding an error boundary to your tree to customize error handling behavior.
Visit https://reactjs.org/link/error-boundaries to learn more about error boundaries.

[90mstderr[2m | src/pages/DiplomaPage.test.jsx[2m > [22m[2mDiplomaPage[2m > [22m[2mEvidence Gallery[2m > [22m[2mhandles multiple evidence items from same quest
[22m[39mThe above error occurred in the <DiplomaPage> component:

    at DiplomaPage (C:/Users/tanne/Desktop/pw_v2/frontend/src/pages/DiplomaPage.jsx:43:69)
    at OrganizationProvider (C:/Users/tanne/Desktop/pw_v2/frontend/src/contexts/OrganizationContext.jsx:17:33)
    at MockAuthProvider (C:/Users/tanne/Desktop/pw_v2/frontend/src/tests/test-utils.jsx:22:29)
    at Router (C:\Users\tanne\Desktop\pw_v2\frontend\node_modules\react-router\dist\umd\react-router.development.js:1207:17)
    at BrowserRouter (C:\Users\tanne\Desktop\pw_v2\frontend\node_modules\react-router-dom\dist\umd\react-router-dom.development.js:695:7)
    at QueryClientProvider (file:///C:/Users/tanne/Desktop/pw_v2/frontend/node_modules/@tanstack/react-query/build/modern/QueryClientProvider.js:20:3)
    at Wrapper (C:/Users/tanne/Desktop/pw_v2/frontend/src/tests/test-utils.jsx:60:22)

Consider adding an error boundary to your tree to customize error handling behavior.
Visit https://reactjs.org/link/error-boundaries to learn more about error boundaries.

Error: useAuth must be used within an AuthProvider
    at useAuth (C:/Users/tanne/Desktop/pw_v2/frontend/src/contexts/AuthContext.jsx:17:11)
    at DiplomaPage (C:/Users/tanne/Desktop/pw_v2/frontend/src/pages/DiplomaPage.jsx:27:36)
    at renderWithHooks (C:\Users\tanne\Desktop\pw_v2\frontend\node_modules\react-dom\cjs\react-dom.development.js:15486:18)
    at updateFunctionComponent (C:\Users\tanne\Desktop\pw_v2\frontend\node_modules\react-dom\cjs\react-dom.development.js:19617:20)
    at updateSimpleMemoComponent (C:\Users\tanne\Desktop\pw_v2\frontend\node_modules\react-dom\cjs\react-dom.development.js:19454:10)
    at updateMemoComponent (C:\Users\tanne\Desktop\pw_v2\frontend\node_modules\react-dom\cjs\react-dom.development.js:19303:14)
    at beginWork (C:\Users\tanne\Desktop\pw_v2\frontend\node_modules\react-dom\cjs\react-dom.development.js:21712:16)
    at HTMLUnknownElement.callCallback (C:\Users\tanne\Desktop\pw_v2\frontend\node_modules\react-dom\cjs\react-dom.development.js:4164:14)
    at HTMLUnknownElement.callTheUserObjectsOperation (C:\Users\tanne\Desktop\pw_v2\frontend\node_modules\jsdom\lib\jsdom\living\generated\EventListener.js:26:30)
    at innerInvokeEventListeners (C:\Users\tanne\Desktop\pw_v2\frontend\node_modules\jsdom\lib\jsdom\living\events\EventTarget-impl.js:360:16)
[90mstderr[2m | src/pages/DiplomaPage.test.jsx[2m > [22m[2mDiplomaPage[2m > [22m[2mEvidence Gallery[2m > [22m[2mdisplays quest title and task title in evidence modal header
[22m[39mThe above error occurred in the <DiplomaPage> component:

    at DiplomaPage (C:/Users/tanne/Desktop/pw_v2/frontend/src/pages/DiplomaPage.jsx:43:69)
    at OrganizationProvider (C:/Users/tanne/Desktop/pw_v2/frontend/src/contexts/OrganizationContext.jsx:17:33)
    at MockAuthProvider (C:/Users/tanne/Desktop/pw_v2/frontend/src/tests/test-utils.jsx:22:29)
    at Router (C:\Users\tanne\Desktop\pw_v2\frontend\node_modules\react-router\dist\umd\react-router.development.js:1207:17)
    at BrowserRouter (C:\Users\tanne\Desktop\pw_v2\frontend\node_modules\react-router-dom\dist\umd\react-router-dom.development.js:695:7)
    at QueryClientProvider (file:///C:/Users/tanne/Desktop/pw_v2/frontend/node_modules/@tanstack/react-query/build/modern/QueryClientProvider.js:20:3)
    at Wrapper (C:/Users/tanne/Desktop/pw_v2/frontend/src/tests/test-utils.jsx:60:22)

Consider adding an error boundary to your tree to customize error handling behavior.
Visit https://reactjs.org/link/error-boundaries to learn more about error boundaries.

[90mstderr[2m | src/pages/DiplomaPage.test.jsx[2m > [22m[2mDiplomaPage[2m > [22m[2mEvidence Gallery[2m > [22m[2muses full display mode for evidence in modal
[22m[39mThe above error occurred in the <DiplomaPage> component:

    at DiplomaPage (C:/Users/tanne/Desktop/pw_v2/frontend/src/pages/DiplomaPage.jsx:43:69)
    at OrganizationProvider (C:/Users/tanne/Desktop/pw_v2/frontend/src/contexts/OrganizationContext.jsx:17:33)
    at MockAuthProvider (C:/Users/tanne/Desktop/pw_v2/frontend/src/tests/test-utils.jsx:22:29)
    at Router (C:\Users\tanne\Desktop\pw_v2\frontend\node_modules\react-router\dist\umd\react-router.development.js:1207:17)
    at BrowserRouter (C:\Users\tanne\Desktop\pw_v2\frontend\node_modules\react-router-dom\dist\umd\react-router-dom.development.js:695:7)
    at QueryClientProvider (file:///C:/Users/tanne/Desktop/pw_v2/frontend/node_modules/@tanstack/react-query/build/modern/QueryClientProvider.js:20:3)
    at Wrapper (C:/Users/tanne/Desktop/pw_v2/frontend/src/tests/test-utils.jsx:60:22)

Consider adding an error boundary to your tree to customize error handling behavior.
Visit https://reactjs.org/link/error-boundaries to learn more about error boundaries.

[90mstderr[2m | src/pages/DiplomaPage.test.jsx[2m > [22m[2mDiplomaPage[2m > [22m[2mEvidence Gallery[2m > [22m[2mpasses isOwner prop correctly to evidence gallery
[22m[39mThe above error occurred in the <DiplomaPage> component:

    at DiplomaPage (C:/Users/tanne/Desktop/pw_v2/frontend/src/pages/DiplomaPage.jsx:43:69)
    at OrganizationProvider (C:/Users/tanne/Desktop/pw_v2/frontend/src/contexts/OrganizationContext.jsx:17:33)
    at MockAuthProvider (C:/Users/tanne/Desktop/pw_v2/frontend/src/tests/test-utils.jsx:22:29)
    at Router (C:\Users\tanne\Desktop\pw_v2\frontend\node_modules\react-router\dist\umd\react-router.development.js:1207:17)
    at BrowserRouter (C:\Users\tanne\Desktop\pw_v2\frontend\node_modules\react-router-dom\dist\umd\react-router-dom.development.js:695:7)
    at QueryClientProvider (file:///C:/Users/tanne/Desktop/pw_v2/frontend/node_modules/@tanstack/react-query/build/modern/QueryClientProvider.js:20:3)
    at Wrapper (C:/Users/tanne/Desktop/pw_v2/frontend/src/tests/test-utils.jsx:60:22)

Consider adding an error boundary to your tree to customize error handling behavior.
Visit https://reactjs.org/link/error-boundaries to learn more about error boundaries.

[90mstderr[2m | src/pages/DiplomaPage.test.jsx[2m > [22m[2mDiplomaPage[2m > [22m[2mEvidence Gallery[2m > [22m[2mhandles achievements API failure gracefully
[22m[39mThe above error occurred in the <DiplomaPage> component:

    at DiplomaPage (C:/Users/tanne/Desktop/pw_v2/frontend/src/pages/DiplomaPage.jsx:43:69)
    at OrganizationProvider (C:/Users/tanne/Desktop/pw_v2/frontend/src/contexts/OrganizationContext.jsx:17:33)
    at MockAuthProvider (C:/Users/tanne/Desktop/pw_v2/frontend/src/tests/test-utils.jsx:22:29)
    at Router (C:\Users\tanne\Desktop\pw_v2\frontend\node_modules\react-router\dist\umd\react-router.development.js:1207:17)
    at BrowserRouter (C:\Users\tanne\Desktop\pw_v2\frontend\node_modules\react-router-dom\dist\umd\react-router-dom.development.js:695:7)
    at QueryClientProvider (file:///C:/Users/tanne/Desktop/pw_v2/frontend/node_modules/@tanstack/react-query/build/modern/QueryClientProvider.js:20:3)
    at Wrapper (C:/Users/tanne/Desktop/pw_v2/frontend/src/tests/test-utils.jsx:60:22)

Consider adding an error boundary to your tree to customize error handling behavior.
Visit https://reactjs.org/link/error-boundaries to learn more about error boundaries.

[90mstderr[2m | src/pages/DiplomaPage.test.jsx[2m > [22m[2mDiplomaPage[2m > [22m[2mEvidence Gallery[2m > [22m[2mhandles learning events API failure gracefully
[22m[39mThe above error occurred in the <DiplomaPage> component:

    at DiplomaPage (C:/Users/tanne/Desktop/pw_v2/frontend/src/pages/DiplomaPage.jsx:43:69)
    at OrganizationProvider (C:/Users/tanne/Desktop/pw_v2/frontend/src/contexts/OrganizationContext.jsx:17:33)
    at MockAuthProvider (C:/Users/tanne/Desktop/pw_v2/frontend/src/tests/test-utils.jsx:22:29)
    at Router (C:\Users\tanne\Desktop\pw_v2\frontend\node_modules\react-router\dist\umd\react-router.development.js:1207:17)
    at BrowserRouter (C:\Users\tanne\Desktop\pw_v2\frontend\node_modules\react-router-dom\dist\umd\react-router-dom.development.js:695:7)
    at QueryClientProvider (file:///C:/Users/tanne/Desktop/pw_v2/frontend/node_modules/@tanstack/react-query/build/modern/QueryClientProvider.js:20:3)
    at Wrapper (C:/Users/tanne/Desktop/pw_v2/frontend/src/tests/test-utils.jsx:60:22)

Consider adding an error boundary to your tree to customize error handling behavior.
Visit https://reactjs.org/link/error-boundaries to learn more about error boundaries.

Error: useAuth must be used within an AuthProvider
    at useAuth (C:/Users/tanne/Desktop/pw_v2/frontend/src/contexts/AuthContext.jsx:17:11)
    at DiplomaPage (C:/Users/tanne/Desktop/pw_v2/frontend/src/pages/DiplomaPage.jsx:27:36)
    at renderWithHooks (C:\Users\tanne\Desktop\pw_v2\frontend\node_modules\react-dom\cjs\react-dom.development.js:15486:18)
    at updateFunctionComponent (C:\Users\tanne\Desktop\pw_v2\frontend\node_modules\react-dom\cjs\react-dom.development.js:19617:20)
    at updateSimpleMemoComponent (C:\Users\tanne\Desktop\pw_v2\frontend\node_modules\react-dom\cjs\react-dom.development.js:19454:10)
    at updateMemoComponent (C:\Users\tanne\Desktop\pw_v2\frontend\node_modules\react-dom\cjs\react-dom.development.js:19303:14)
    at beginWork (C:\Users\tanne\Desktop\pw_v2\frontend\node_modules\react-dom\cjs\react-dom.development.js:21712:16)
    at HTMLUnknownElement.callCallback (C:\Users\tanne\Desktop\pw_v2\frontend\node_modules\react-dom\cjs\react-dom.development.js:4164:14)
    at HTMLUnknownElement.callTheUserObjectsOperation (C:\Users\tanne\Desktop\pw_v2\frontend\node_modules\jsdom\lib\jsdom\living\generated\EventListener.js:26:30)
    at innerInvokeEventListeners (C:\Users\tanne\Desktop\pw_v2\frontend\node_modules\jsdom\lib\jsdom\living\events\EventTarget-impl.js:360:16)
Error: useAuth must be used within an AuthProvider
    at useAuth (C:/Users/tanne/Desktop/pw_v2/frontend/src/contexts/AuthContext.jsx:17:11)
    at DiplomaPage (C:/Users/tanne/Desktop/pw_v2/frontend/src/pages/DiplomaPage.jsx:27:36)
    at renderWithHooks (C:\Users\tanne\Desktop\pw_v2\frontend\node_modules\react-dom\cjs\react-dom.development.js:15486:18)
    at updateFunctionComponent (C:\Users\tanne\Desktop\pw_v2\frontend\node_modules\react-dom\cjs\react-dom.development.js:19617:20)
    at updateSimpleMemoComponent (C:\Users\tanne\Desktop\pw_v2\frontend\node_modules\react-dom\cjs\react-dom.development.js:19454:10)
    at updateMemoComponent (C:\Users\tanne\Desktop\pw_v2\frontend\node_modules\react-dom\cjs\react-dom.development.js:19303:14)
    at beginWork (C:\Users\tanne\Desktop\pw_v2\frontend\node_modules\react-dom\cjs\react-dom.development.js:21712:16)
    at HTMLUnknownElement.callCallback (C:\Users\tanne\Desktop\pw_v2\frontend\node_modules\react-dom\cjs\react-dom.development.js:4164:14)
    at HTMLUnknownElement.callTheUserObjectsOperation (C:\Users\tanne\Desktop\pw_v2\frontend\node_modules\jsdom\lib\jsdom\living\generated\EventListener.js:26:30)
    at innerInvokeEventListeners (C:\Users\tanne\Desktop\pw_v2\frontend\node_modules\jsdom\lib\jsdom\living\events\EventTarget-impl.js:360:16)
[90mstderr[2m | src/pages/DiplomaPage.test.jsx[2m > [22m[2mDiplomaPage[2m > [22m[2mEvidence Gallery[2m > [22m[2mdisplays learning events cards correctly
[22m[39mThe above error occurred in the <DiplomaPage> component:

    at DiplomaPage (C:/Users/tanne/Desktop/pw_v2/frontend/src/pages/DiplomaPage.jsx:43:69)
    at OrganizationProvider (C:/Users/tanne/Desktop/pw_v2/frontend/src/contexts/OrganizationContext.jsx:17:33)
    at MockAuthProvider (C:/Users/tanne/Desktop/pw_v2/frontend/src/tests/test-utils.jsx:22:29)
    at Router (C:\Users\tanne\Desktop\pw_v2\frontend\node_modules\react-router\dist\umd\react-router.development.js:1207:17)
    at BrowserRouter (C:\Users\tanne\Desktop\pw_v2\frontend\node_modules\react-router-dom\dist\umd\react-router-dom.development.js:695:7)
    at QueryClientProvider (file:///C:/Users/tanne/Desktop/pw_v2/frontend/node_modules/@tanstack/react-query/build/modern/QueryClientProvider.js:20:3)
    at Wrapper (C:/Users/tanne/Desktop/pw_v2/frontend/src/tests/test-utils.jsx:60:22)

Consider adding an error boundary to your tree to customize error handling behavior.
Visit https://reactjs.org/link/error-boundaries to learn more about error boundaries.

Error: useAuth must be used within an AuthProvider
    at useAuth (C:/Users/tanne/Desktop/pw_v2/frontend/src/contexts/AuthContext.jsx:17:11)
    at DiplomaPage (C:/Users/tanne/Desktop/pw_v2/frontend/src/pages/DiplomaPage.jsx:27:36)
    at renderWithHooks (C:\Users\tanne\Desktop\pw_v2\frontend\node_modules\react-dom\cjs\react-dom.development.js:15486:18)
    at updateFunctionComponent (C:\Users\tanne\Desktop\pw_v2\frontend\node_modules\react-dom\cjs\react-dom.development.js:19617:20)
    at updateSimpleMemoComponent (C:\Users\tanne\Desktop\pw_v2\frontend\node_modules\react-dom\cjs\react-dom.development.js:19454:10)
    at updateMemoComponent (C:\Users\tanne\Desktop\pw_v2\frontend\node_modules\react-dom\cjs\react-dom.development.js:19303:14)
    at beginWork (C:\Users\tanne\Desktop\pw_v2\frontend\node_modules\react-dom\cjs\react-dom.development.js:21712:16)
    at HTMLUnknownElement.callCallback (C:\Users\tanne\Desktop\pw_v2\frontend\node_modules\react-dom\cjs\react-dom.development.js:4164:14)
    at HTMLUnknownElement.callTheUserObjectsOperation (C:\Users\tanne\Desktop\pw_v2\frontend\node_modules\jsdom\lib\jsdom\living\generated\EventListener.js:26:30)
    at innerInvokeEventListeners (C:\Users\tanne\Desktop\pw_v2\frontend\node_modules\jsdom\lib\jsdom\living\events\EventTarget-impl.js:360:16)
Error: useAuth must be used within an AuthProvider
    at useAuth (C:/Users/tanne/Desktop/pw_v2/frontend/src/contexts/AuthContext.jsx:17:11)
    at DiplomaPage (C:/Users/tanne/Desktop/pw_v2/frontend/src/pages/DiplomaPage.jsx:27:36)
    at renderWithHooks (C:\Users\tanne\Desktop\pw_v2\frontend\node_modules\react-dom\cjs\react-dom.development.js:15486:18)
    at updateFunctionComponent (C:\Users\tanne\Desktop\pw_v2\frontend\node_modules\react-dom\cjs\react-dom.development.js:19617:20)
    at updateSimpleMemoComponent (C:\Users\tanne\Desktop\pw_v2\frontend\node_modules\react-dom\cjs\react-dom.development.js:19454:10)
    at updateMemoComponent (C:\Users\tanne\Desktop\pw_v2\frontend\node_modules\react-dom\cjs\react-dom.development.js:19303:14)
    at beginWork (C:\Users\tanne\Desktop\pw_v2\frontend\node_modules\react-dom\cjs\react-dom.development.js:21712:16)
    at HTMLUnknownElement.callCallback (C:\Users\tanne\Desktop\pw_v2\frontend\node_modules\react-dom\cjs\react-dom.development.js:4164:14)
    at HTMLUnknownElement.callTheUserObjectsOperation (C:\Users\tanne\Desktop\pw_v2\frontend\node_modules\jsdom\lib\jsdom\living\generated\EventListener.js:26:30)
    at innerInvokeEventListeners (C:\Users\tanne\Desktop\pw_v2\frontend\node_modules\jsdom\lib\jsdom\living\events\EventTarget-impl.js:360:16)
[90mstderr[2m | src/pages/DiplomaPage.test.jsx[2m > [22m[2mDiplomaPage[2m > [22m[2mEvidence Gallery[2m > [22m[2mcopies shareable link to clipboard when share button is clicked
[22m[39mThe above error occurred in the <DiplomaPage> component:

    at DiplomaPage (C:/Users/tanne/Desktop/pw_v2/frontend/src/pages/DiplomaPage.jsx:43:69)
    at OrganizationProvider (C:/Users/tanne/Desktop/pw_v2/frontend/src/contexts/OrganizationContext.jsx:17:33)
    at MockAuthProvider (C:/Users/tanne/Desktop/pw_v2/frontend/src/tests/test-utils.jsx:22:29)
    at Router (C:\Users\tanne\Desktop\pw_v2\frontend\node_modules\react-router\dist\umd\react-router.development.js:1207:17)
    at BrowserRouter (C:\Users\tanne\Desktop\pw_v2\frontend\node_modules\react-router-dom\dist\umd\react-router-dom.development.js:695:7)
    at QueryClientProvider (file:///C:/Users/tanne/Desktop/pw_v2/frontend/node_modules/@tanstack/react-query/build/modern/QueryClientProvider.js:20:3)
    at Wrapper (C:/Users/tanne/Desktop/pw_v2/frontend/src/tests/test-utils.jsx:60:22)

Consider adding an error boundary to your tree to customize error handling behavior.
Visit https://reactjs.org/link/error-boundaries to learn more about error boundaries.

 [31m❯[39m src/pages/DiplomaPage.test.jsx [2m([22m[2m54 tests[22m[2m | [22m[31m54 failed[39m[2m)[22m[32m 111[2mms[22m[39m
[31m       [31m×[31m displays loading skeleton when data is being fetched[39m[32m 22[2mms[22m[39m
[31m       [31m×[31m displays error state when diploma is not found (404)[39m[32m 3[2mms[22m[39m
[31m       [31m×[31m displays error state when diploma fetch fails (generic error)[39m[32m 3[2mms[22m[39m
[31m       [31m×[31m renders public diploma when accessed via userId[39m[32m 2[2mms[22m[39m
[31m       [31m×[31m renders authenticated user diploma with share button[39m[32m 4[2mms[22m[39m
[31m       [31m×[31m renders empty state for user with no achievements[39m[32m 2[2mms[22m[39m
[31m       [31m×[31m includes correct SEO/Helmet meta tags[39m[32m 4[2mms[22m[39m
[31m       [31m×[31m navigates back to dashboard when back button is clicked[39m[32m 2[2mms[22m[39m
[31m       [31m×[31m differentiates between owner and public view correctly[39m[32m 3[2mms[22m[39m
[31m       [31m×[31m displays acting as dependent name when viewing as dependent[39m[32m 1[2mms[22m[39m
[31m       [31m×[31m displays earned badges in the sidebar[39m[32m 2[2mms[22m[39m
[31m       [31m×[31m opens all badges modal when View All Badges button is clicked[39m[32m 2[2mms[22m[39m
[31m       [31m×[31m displays badges grid in modal with badge carousel cards[39m[32m 1[2mms[22m[39m
[31m       [31m×[31m closes badges modal when close button is clicked[39m[32m 1[2mms[22m[39m
[31m       [31m×[31m displays empty state when no badges earned (owner view)[39m[32m 1[2mms[22m[39m
[31m       [31m×[31m displays empty state when no badges earned (public view)[39m[32m 1[2mms[22m[39m
[31m       [31m×[31m filters to only show earned badges in modal[39m[32m 1[2mms[22m[39m
[31m       [31m×[31m displays badge count correctly in sidebar[39m[32m 1[2mms[22m[39m
[31m       [31m×[31m handles badge API failure gracefully[39m[32m 1[2mms[22m[39m
[31m       [31m×[31m displays badge modal description text[39m[32m 1[2mms[22m[39m
[31m       [31m×[31m closes badges modal when clicking backdrop[39m[32m 2[2mms[22m[39m
[31m       [31m×[31m displays public badge count for non-owner viewers[39m[32m 9[2mms[22m[39m
[31m       [31m×[31m displays total XP count in sidebar[39m[32m 1[2mms[22m[39m
[31m       [31m×[31m opens credits modal when View Credits button is clicked[39m[32m 1[2mms[22m[39m
[31m       [31m×[31m displays credit progress in modal with circular progress indicators[39m[32m 1[2mms[22m[39m
[31m       [31m×[31m closes credits modal when close button is clicked[39m[32m 1[2mms[22m[39m
[31m       [31m×[31m displays graduation requirements message when requirements met[39m[32m 1[2mms[22m[39m
[31m       [31m×[31m displays progress message when requirements not met[39m[32m 1[2mms[22m[39m
[31m       [31m×[31m displays learning events section when events exist[39m[32m 1[2mms[22m[39m
[31m       [31m×[31m hides learning events section when no events exist[39m[32m 2[2mms[22m[39m
[31m       [31m×[31m displays achievements count correctly in evidence gallery header[39m[32m 1[2mms[22m[39m
[31m       [31m×[31m uses singular "quest" when only one achievement[39m[32m 1[2mms[22m[39m
[31m       [31m×[31m opens diploma explanation modal when info button is clicked[39m[32m 1[2mms[22m[39m
[31m       [31m×[31m closes diploma explanation modal when close button is clicked[39m[32m 1[2mms[22m[39m
[31m       [31m×[31m opens accredited diploma modal from credits modal[39m[32m 1[2mms[22m[39m
[31m       [31m×[31m displays hero section with portfolio diploma badge[39m[32m 1[2mms[22m[39m
[31m       [31m×[31m handles subject XP API failure gracefully[39m[32m 1[2mms[22m[39m
[31m       [31m×[31m displays evidence masonry gallery component[39m[32m 1[2mms[22m[39m
[31m       [31m×[31m passes achievements to evidence gallery[39m[32m 1[2mms[22m[39m
[31m       [31m×[31m opens evidence detail modal when evidence item is clicked[39m[32m 1[2mms[22m[39m
[31m       [31m×[31m closes evidence detail modal when close button is clicked[39m[32m 1[2mms[22m[39m
[31m       [31m×[31m displays unified evidence in detail modal[39m[32m 4[2mms[22m[39m
[31m       [31m×[31m displays empty state message when no achievements exist (owner)[39m[32m 1[2mms[22m[39m
[31m       [31m×[31m displays empty state message when no achievements exist (public)[39m[32m 1[2mms[22m[39m
[31m       [31m×[31m displays pillar badge and XP in evidence modal header[39m[32m 1[2mms[22m[39m
[31m       [31m×[31m displays completion date in evidence modal[39m[32m 1[2mms[22m[39m
[31m       [31m×[31m handles multiple evidence items from same quest[39m[32m 1[2mms[22m[39m
[31m       [31m×[31m displays quest title and task title in evidence modal header[39m[32m 1[2mms[22m[39m
[31m       [31m×[31m uses full display mode for evidence in modal[39m[32m 1[2mms[22m[39m
[31m       [31m×[31m passes isOwner prop correctly to evidence gallery[39m[32m 1[2mms[22m[39m
[31m       [31m×[31m handles achievements API failure gracefully[39m[32m 1[2mms[22m[39m
[31m       [31m×[31m handles learning events API failure gracefully[39m[32m 1[2mms[22m[39m
[31m       [31m×[31m displays learning events cards correctly[39m[32m 1[2mms[22m[39m
[31m       [31m×[31m copies shareable link to clipboard when share button is clicked[39m[32m 1[2mms[22m[39m

[31m⎯⎯⎯⎯⎯⎯[39m[1m[41m Failed Tests 54 [49m[22m[31m⎯⎯⎯⎯⎯⎯⎯[39m

[41m[1m FAIL [22m[49m src/pages/DiplomaPage.test.jsx[2m > [22mDiplomaPage[2m > [22mPage Rendering[2m > [22mdisplays loading skeleton when data is being fetched
[41m[1m FAIL [22m[49m src/pages/DiplomaPage.test.jsx[2m > [22mDiplomaPage[2m > [22mPage Rendering[2m > [22mdisplays error state when diploma is not found (404)
[41m[1m FAIL [22m[49m src/pages/DiplomaPage.test.jsx[2m > [22mDiplomaPage[2m > [22mPage Rendering[2m > [22mdisplays error state when diploma fetch fails (generic error)
[41m[1m FAIL [22m[49m src/pages/DiplomaPage.test.jsx[2m > [22mDiplomaPage[2m > [22mPage Rendering[2m > [22mrenders public diploma when accessed via userId
[41m[1m FAIL [22m[49m src/pages/DiplomaPage.test.jsx[2m > [22mDiplomaPage[2m > [22mPage Rendering[2m > [22mrenders authenticated user diploma with share button
[41m[1m FAIL [22m[49m src/pages/DiplomaPage.test.jsx[2m > [22mDiplomaPage[2m > [22mPage Rendering[2m > [22mrenders empty state for user with no achievements
[41m[1m FAIL [22m[49m src/pages/DiplomaPage.test.jsx[2m > [22mDiplomaPage[2m > [22mPage Rendering[2m > [22mincludes correct SEO/Helmet meta tags
[41m[1m FAIL [22m[49m src/pages/DiplomaPage.test.jsx[2m > [22mDiplomaPage[2m > [22mPage Rendering[2m > [22mnavigates back to dashboard when back button is clicked
[41m[1m FAIL [22m[49m src/pages/DiplomaPage.test.jsx[2m > [22mDiplomaPage[2m > [22mPage Rendering[2m > [22mdifferentiates between owner and public view correctly
[41m[1m FAIL [22m[49m src/pages/DiplomaPage.test.jsx[2m > [22mDiplomaPage[2m > [22mPage Rendering[2m > [22mdisplays acting as dependent name when viewing as dependent
[41m[1m FAIL [22m[49m src/pages/DiplomaPage.test.jsx[2m > [22mDiplomaPage[2m > [22mBadge Display[2m > [22mdisplays earned badges in the sidebar
[41m[1m FAIL [22m[49m src/pages/DiplomaPage.test.jsx[2m > [22mDiplomaPage[2m > [22mBadge Display[2m > [22mopens all badges modal when View All Badges button is clicked
[41m[1m FAIL [22m[49m src/pages/DiplomaPage.test.jsx[2m > [22mDiplomaPage[2m > [22mBadge Display[2m > [22mdisplays badges grid in modal with badge carousel cards
[41m[1m FAIL [22m[49m src/pages/DiplomaPage.test.jsx[2m > [22mDiplomaPage[2m > [22mBadge Display[2m > [22mcloses badges modal when close button is clicked
[41m[1m FAIL [22m[49m src/pages/DiplomaPage.test.jsx[2m > [22mDiplomaPage[2m > [22mBadge Display[2m > [22mdisplays empty state when no badges earned (owner view)
[41m[1m FAIL [22m[49m src/pages/DiplomaPage.test.jsx[2m > [22mDiplomaPage[2m > [22mBadge Display[2m > [22mdisplays empty state when no badges earned (public view)
[41m[1m FAIL [22m[49m src/pages/DiplomaPage.test.jsx[2m > [22mDiplomaPage[2m > [22mBadge Display[2m > [22mfilters to only show earned badges in modal
[41m[1m FAIL [22m[49m src/pages/DiplomaPage.test.jsx[2m > [22mDiplomaPage[2m > [22mBadge Display[2m > [22mdisplays badge count correctly in sidebar
[41m[1m FAIL [22m[49m src/pages/DiplomaPage.test.jsx[2m > [22mDiplomaPage[2m > [22mBadge Display[2m > [22mhandles badge API failure gracefully
[41m[1m FAIL [22m[49m src/pages/DiplomaPage.test.jsx[2m > [22mDiplomaPage[2m > [22mBadge Display[2m > [22mdisplays badge modal description text
[41m[1m FAIL [22m[49m src/pages/DiplomaPage.test.jsx[2m > [22mDiplomaPage[2m > [22mBadge Display[2m > [22mcloses badges modal when clicking backdrop
[41m[1m FAIL [22m[49m src/pages/DiplomaPage.test.jsx[2m > [22mDiplomaPage[2m > [22mBadge Display[2m > [22mdisplays public badge count for non-owner viewers
[41m[1m FAIL [22m[49m src/pages/DiplomaPage.test.jsx[2m > [22mDiplomaPage[2m > [22mAchievement Sections[2m > [22mdisplays total XP count in sidebar
[41m[1m FAIL [22m[49m src/pages/DiplomaPage.test.jsx[2m > [22mDiplomaPage[2m > [22mAchievement Sections[2m > [22mopens credits modal when View Credits button is clicked
[41m[1m FAIL [22m[49m src/pages/DiplomaPage.test.jsx[2m > [22mDiplomaPage[2m > [22mAchievement Sections[2m > [22mdisplays credit progress in modal with circular progress indicators
[41m[1m FAIL [22m[49m src/pages/DiplomaPage.test.jsx[2m > [22mDiplomaPage[2m > [22mAchievement Sections[2m > [22mcloses credits modal when close button is clicked
[41m[1m FAIL [22m[49m src/pages/DiplomaPage.test.jsx[2m > [22mDiplomaPage[2m > [22mAchievement Sections[2m > [22mdisplays graduation requirements message when requirements met
[41m[1m FAIL [22m[49m src/pages/DiplomaPage.test.jsx[2m > [22mDiplomaPage[2m > [22mAchievement Sections[2m > [22mdisplays progress message when requirements not met
[41m[1m FAIL [22m[49m src/pages/DiplomaPage.test.jsx[2m > [22mDiplomaPage[2m > [22mAchievement Sections[2m > [22mdisplays learning events section when events exist
[41m[1m FAIL [22m[49m src/pages/DiplomaPage.test.jsx[2m > [22mDiplomaPage[2m > [22mAchievement Sections[2m > [22mhides learning events section when no events exist
[41m[1m FAIL [22m[49m src/pages/DiplomaPage.test.jsx[2m > [22mDiplomaPage[2m > [22mAchievement Sections[2m > [22mdisplays achievements count correctly in evidence gallery header
[41m[1m FAIL [22m[49m src/pages/DiplomaPage.test.jsx[2m > [22mDiplomaPage[2m > [22mAchievement Sections[2m > [22muses singular "quest" when only one achievement
[41m[1m FAIL [22m[49m src/pages/DiplomaPage.test.jsx[2m > [22mDiplomaPage[2m > [22mAchievement Sections[2m > [22mopens diploma explanation modal when info button is clicked
[41m[1m FAIL [22m[49m src/pages/DiplomaPage.test.jsx[2m > [22mDiplomaPage[2m > [22mAchievement Sections[2m > [22mcloses diploma explanation modal when close button is clicked
[41m[1m FAIL [22m[49m src/pages/DiplomaPage.test.jsx[2m > [22mDiplomaPage[2m > [22mAchievement Sections[2m > [22mopens accredited diploma modal from credits modal
[41m[1m FAIL [22m[49m src/pages/DiplomaPage.test.jsx[2m > [22mDiplomaPage[2m > [22mAchievement Sections[2m > [22mdisplays hero section with portfolio diploma badge
[41m[1m FAIL [22m[49m src/pages/DiplomaPage.test.jsx[2m > [22mDiplomaPage[2m > [22mAchievement Sections[2m > [22mhandles subject XP API failure gracefully
[41m[1m FAIL [22m[49m src/pages/DiplomaPage.test.jsx[2m > [22mDiplomaPage[2m > [22mEvidence Gallery[2m > [22mdisplays evidence masonry gallery component
[41m[1m FAIL [22m[49m src/pages/DiplomaPage.test.jsx[2m > [22mDiplomaPage[2m > [22mEvidence Gallery[2m > [22mpasses achievements to evidence gallery
[41m[1m FAIL [22m[49m src/pages/DiplomaPage.test.jsx[2m > [22mDiplomaPage[2m > [22mEvidence Gallery[2m > [22mopens evidence detail modal when evidence item is clicked
[41m[1m FAIL [22m[49m src/pages/DiplomaPage.test.jsx[2m > [22mDiplomaPage[2m > [22mEvidence Gallery[2m > [22mcloses evidence detail modal when close button is clicked
[41m[1m FAIL [22m[49m src/pages/DiplomaPage.test.jsx[2m > [22mDiplomaPage[2m > [22mEvidence Gallery[2m > [22mdisplays unified evidence in detail modal
[41m[1m FAIL [22m[49m src/pages/DiplomaPage.test.jsx[2m > [22mDiplomaPage[2m > [22mEvidence Gallery[2m > [22mdisplays empty state message when no achievements exist (owner)
[41m[1m FAIL [22m[49m src/pages/DiplomaPage.test.jsx[2m > [22mDiplomaPage[2m > [22mEvidence Gallery[2m > [22mdisplays empty state message when no achievements exist (public)
[41m[1m FAIL [22m[49m src/pages/DiplomaPage.test.jsx[2m > [22mDiplomaPage[2m > [22mEvidence Gallery[2m > [22mdisplays pillar badge and XP in evidence modal header
[41m[1m FAIL [22m[49m src/pages/DiplomaPage.test.jsx[2m > [22mDiplomaPage[2m > [22mEvidence Gallery[2m > [22mdisplays completion date in evidence modal
[41m[1m FAIL [22m[49m src/pages/DiplomaPage.test.jsx[2m > [22mDiplomaPage[2m > [22mEvidence Gallery[2m > [22mhandles multiple evidence items from same quest
[41m[1m FAIL [22m[49m src/pages/DiplomaPage.test.jsx[2m > [22mDiplomaPage[2m > [22mEvidence Gallery[2m > [22mdisplays quest title and task title in evidence modal header
[41m[1m FAIL [22m[49m src/pages/DiplomaPage.test.jsx[2m > [22mDiplomaPage[2m > [22mEvidence Gallery[2m > [22muses full display mode for evidence in modal
[41m[1m FAIL [22m[49m src/pages/DiplomaPage.test.jsx[2m > [22mDiplomaPage[2m > [22mEvidence Gallery[2m > [22mpasses isOwner prop correctly to evidence gallery
[41m[1m FAIL [22m[49m src/pages/DiplomaPage.test.jsx[2m > [22mDiplomaPage[2m > [22mEvidence Gallery[2m > [22mhandles achievements API failure gracefully
[41m[1m FAIL [22m[49m src/pages/DiplomaPage.test.jsx[2m > [22mDiplomaPage[2m > [22mEvidence Gallery[2m > [22mhandles learning events API failure gracefully
[41m[1m FAIL [22m[49m src/pages/DiplomaPage.test.jsx[2m > [22mDiplomaPage[2m > [22mEvidence Gallery[2m > [22mdisplays learning events cards correctly
[41m[1m FAIL [22m[49m src/pages/DiplomaPage.test.jsx[2m > [22mDiplomaPage[2m > [22mEvidence Gallery[2m > [22mcopies shareable link to clipboard when share button is clicked
[31m[1mError[22m: useAuth must be used within an AuthProvider[39m
[36m [2m❯[22m useAuth src/contexts/AuthContext.jsx:[2m17:11[22m[39m
    [90m 15| [39m  [35mconst[39m context [33m=[39m [34museContext[39m([33mAuthContext[39m)
    [90m 16| [39m  [35mif[39m ([33m![39mcontext) {
    [90m 17| [39m    [35mthrow[39m [35mnew[39m [33mError[39m([32m'useAuth must be used within an AuthProvider'[39m)
    [90m   | [39m          [31m^[39m
    [90m 18| [39m  }
    [90m 19| [39m  [35mreturn[39m context
[90m [2m❯[22m DiplomaPage src/pages/DiplomaPage.jsx:[2m27:36[22m[39m
[90m [2m❯[22m renderWithHooks node_modules/react-dom/cjs/react-dom.development.js:[2m15486:18[22m[39m
[90m [2m❯[22m updateFunctionComponent node_modules/react-dom/cjs/react-dom.development.js:[2m19617:20[22m[39m
[90m [2m❯[22m updateSimpleMemoComponent node_modules/react-dom/cjs/react-dom.development.js:[2m19454:10[22m[39m
[90m [2m❯[22m updateMemoComponent node_modules/react-dom/cjs/react-dom.development.js:[2m19303:14[22m[39m
[90m [2m❯[22m beginWork node_modules/react-dom/cjs/react-dom.development.js:[2m21712:16[22m[39m
[90m [2m❯[22m beginWork$1 node_modules/react-dom/cjs/react-dom.development.js:[2m27465:14[22m[39m
[90m [2m❯[22m performUnitOfWork node_modules/react-dom/cjs/react-dom.development.js:[2m26599:12[22m[39m
[90m [2m❯[22m workLoopSync node_modules/react-dom/cjs/react-dom.development.js:[2m26505:5[22m[39m

[31m[2m⎯⎯⎯⎯⎯⎯⎯⎯⎯⎯⎯⎯⎯⎯⎯⎯⎯⎯⎯⎯⎯⎯⎯[1/54]⎯[22m[39m


[2m Test Files [22m [1m[31m1 failed[39m[22m[90m (1)[39m
[2m      Tests [22m [1m[31m54 failed[39m[22m[90m (54)[39m
[2m   Start at [22m 23:03:41
[2m   Duration [22m 1.48s[2m (transform 337ms, setup 138ms, import 519ms, tests 111ms, environment 538ms)[22m

